Component: ARM Compiler 5.06 update 1 (build 61) Tool: armlink [4d35a8]

==============================================================================

Section Cross References

    startup_stm32f10x_hd.o(RESET) refers to startup_stm32f10x_hd.o(STACK) for __initial_sp
    startup_stm32f10x_hd.o(RESET) refers to startup_stm32f10x_hd.o(.text) for Reset_Handler
    startup_stm32f10x_hd.o(RESET) refers to stm32f10x_it.o(.text) for NMI_Handler
    startup_stm32f10x_hd.o(.text) refers to system_stm32f10x.o(.text) for SystemInit
    startup_stm32f10x_hd.o(.text) refers to entry.o(.ARM.Collect$$$$00000000) for __main
    system_stm32f10x.o(.text) refers to system_stm32f10x.o(.data) for SystemCoreClock
    stm32f10x_bkp.o(.text) refers to stm32f10x_rcc.o(.text) for RCC_BackupResetCmd
    stm32f10x_gpio.o(.text) refers to stm32f10x_rcc.o(.text) for RCC_APB2PeriphResetCmd
    stm32f10x_rcc.o(.text) refers to stm32f10x_rcc.o(.data) for APBAHBPrescTable
    stm32f10x_spi.o(.text) refers to stm32f10x_rcc.o(.text) for RCC_APB2PeriphResetCmd
    stm32f10x_tim.o(.text) refers to stm32f10x_rcc.o(.text) for RCC_APB2PeriphResetCmd
    stm32f10x_usart.o(.text) refers to stm32f10x_rcc.o(.text) for RCC_APB2PeriphResetCmd
    at24c16.o(.text) refers to stm32f10x_gpio.o(.text) for GPIO_Init
    at24c16.o(.text) refers to util.o(.text) for Delay_us
    device.o(.text) refers to stm32f10x_gpio.o(.text) for GPIO_ResetBits
    device.o(.text) refers to util.o(.text) for Delay_us
    device.o(.text) refers to printf8.o(i.__0printf$8) for __2printf
    device.o(.text) refers to core_cm3.o(.emb_text) for __set_MSP
    device.o(.text) refers to stm32f10x_usart.o(.text) for USART_ITConfig
    device.o(.text) refers to w5500.o(.text) for setSHAR
    device.o(.text) refers to at24c16.o(.text) for at24c16_write
    device.o(.text) refers to device.o(.bss) for ConfigMsg
    device.o(.text) refers to device.o(.data) for rxsize
    main.o(.text) refers to mcu_init.o(.text) for RCC_Configuration
    main.o(.text) refers to util.o(.text) for Systick_Init
    main.o(.text) refers to device.o(.text) for USART1_Init
    main.o(.text) refers to at24c16.o(.text) for at24c16_init
    main.o(.text) refers to printf8.o(i.__0printf$8) for __2printf
    main.o(.text) refers to spi2.o(.text) for WIZ_SPI_Init
    main.o(.text) refers to dhcp.o(.text) for init_dhcp_client
    main.o(.text) refers to tftp.o(.text) for TFTP_init
    main.o(.text) refers to w5500.o(.text) for setRTR
    main.o(.text) refers to main.o(.bss) for g_socket_rcv_buf
    mcu_init.o(.text) refers to stm32f10x_gpio.o(.text) for GPIO_Init
    mcu_init.o(.text) refers to stm32f10x_rcc.o(.text) for RCC_DeInit
    mcu_init.o(.text) refers to stm32f10x_flash.o(.text) for FLASH_PrefetchBufferCmd
    mcu_init.o(.text) refers to misc.o(.text) for NVIC_PriorityGroupConfig
    mcu_init.o(.text) refers to stm32f10x_tim.o(.text) for TIM_TimeBaseInit
    mcu_init.o(.text) refers to mcu_init.o(.data) for ms
    mcu_init.o(.text) refers to dhcp.o(.data) for dhcp_time
    sockutil.o(.text) refers to memseta.o(.text) for __aeabi_memclr
    sockutil.o(.text) refers to printf8.o(i.__0sprintf$8) for __2sprintf
    sockutil.o(.text) refers to printfa.o(i.__0printf) for __c89printf
    sockutil.o(.text) refers to strcpy.o(.text) for strcpy
    sockutil.o(.text) refers to strtok.o(.text) for strtok
    sockutil.o(.text) refers to util.o(.text) for ValidATOI
    sockutil.o(.text) refers to w5500.o(.text) for IINCHIP_READ
    sockutil.o(.text) refers to sockutil.o(.bss) for addr_str
    stm32f10x_it.o(.text) refers to stm32f10x_tim.o(.text) for TIM_ClearITPendingBit
    stm32f10x_it.o(.text) refers to mcu_init.o(.text) for Timer2_ISR
    stm32f10x_it.o(.text) refers to stm32f10x_usart.o(.text) for USART_GetITStatus
    stm32f10x_it.o(.text) refers to stm32f10x_it.o(.data) for USART_RX_STA
    stm32f10x_it.o(.text) refers to stm32f10x_it.o(.bss) for USART_RX_BUF
    util.o(.text) refers to stm32f10x_usart.o(.text) for USART_GetFlagStatus
    util.o(.text) refers to memseta.o(.text) for __aeabi_memset
    util.o(.text) refers to strstr.o(.text) for strstr
    util.o(.text) refers to strlen.o(.text) for strlen
    util.o(.text) refers to strncpy.o(.text) for strncpy
    util.o(.text) refers to strcpy.o(.text) for strcpy
    util.o(.text) refers to strtok.o(.text) for strtok
    util.o(.text) refers to util.o(.data) for fac_us
    dhcp.o(.text) refers to memseta.o(.text) for __aeabi_memclr4
    dhcp.o(.text) refers to sockutil.o(.text) for htonl
    dhcp.o(.text) refers to printf8.o(i.__0sprintf$8) for __2sprintf
    dhcp.o(.text) refers to strlen.o(.text) for strlen
    dhcp.o(.text) refers to strcpy.o(.text) for strcpy
    dhcp.o(.text) refers to socket.o(.text) for sendto
    dhcp.o(.text) refers to printf8.o(i.__0printf$8) for __2printf
    dhcp.o(.text) refers to dhcp.o(.data) for dhcp_time
    dhcp.o(.text) refers to memcmp.o(.text) for memcmp
    dhcp.o(.text) refers to w5500.o(.text) for getSn_SR
[...]
    ../clib/microlib/init/entry.s            0x00000000   Number         0  entry7a.o ABSOLUTE
    ../clib/microlib/init/entry.s            0x00000000   Number         0  entry.o ABSOLUTE
    ../clib/microlib/init/entry.s            0x00000000   Number         0  entry8a.o ABSOLUTE
    ../clib/microlib/init/entry.s            0x00000000   Number         0  entry2.o ABSOLUTE
    ../clib/microlib/init/entry.s            0x00000000   Number         0  entry8b.o ABSOLUTE
    ../clib/microlib/init/entry.s            0x00000000   Number         0  entry11a.o ABSOLUTE
    ../clib/microlib/init/entry.s            0x00000000   Number         0  entry11b.o ABSOLUTE
    ../clib/microlib/init/entry.s            0x00000000   Number         0  entry9a.o ABSOLUTE
    ../clib/microlib/init/entry.s            0x00000000   Number         0  entry5.o ABSOLUTE
    ../clib/microlib/init/entry.s            0x00000000   Number         0  entry9b.o ABSOLUTE
    ../clib/microlib/init/entry.s            0x00000000   Number         0  entry7b.o ABSOLUTE
    ../clib/microlib/longlong.c              0x00000000   Number         0  llsshr.o ABSOLUTE
    ../clib/microlib/longlong.c              0x00000000   Number         0  llushr.o ABSOLUTE
    ../clib/microlib/longlong.c              0x00000000   Number         0  llshl.o ABSOLUTE
    ../clib/microlib/printf/printf.c         0x00000000   Number         0  printfb.o ABSOLUTE
    ../clib/microlib/printf/printf.c         0x00000000   Number         0  printf0.o ABSOLUTE
    ../clib/microlib/printf/printf.c         0x00000000   Number         0  printf2.o ABSOLUTE
    ../clib/microlib/printf/printf.c         0x00000000   Number         0  printf4.o ABSOLUTE
    ../clib/microlib/printf/printf.c         0x00000000   Number         0  printf5.o ABSOLUTE
    ../clib/microlib/printf/printf.c         0x00000000   Number         0  printf7.o ABSOLUTE
    ../clib/microlib/printf/printf.c         0x00000000   Number         0  printf6.o ABSOLUTE
    ../clib/microlib/printf/printf.c         0x00000000   Number         0  printfa.o ABSOLUTE
    ../clib/microlib/printf/printf.c         0x00000000   Number         0  printf8.o ABSOLUTE
    ../clib/microlib/printf/printf.c         0x00000000   Number         0  printf1.o ABSOLUTE
    ../clib/microlib/printf/printf.c         0x00000000   Number         0  printf3.o ABSOLUTE
    ../clib/microlib/printf/stubs.s          0x00000000   Number         0  stubs.o ABSOLUTE
    ../clib/microlib/stdio/streams.c         0x00000000   Number         0  stdout.o ABSOLUTE
    ../clib/microlib/string/memcmp.c         0x00000000   Number         0  memcmp.o ABSOLUTE
    ../clib/microlib/string/memcpy.c         0x00000000   Number         0  memcpyb.o ABSOLUTE
    ../clib/microlib/string/memcpy.c         0x00000000   Number         0  memcpya.o ABSOLUTE
    ../clib/microlib/string/memset.c         0x00000000   Number         0  memseta.o ABSOLUTE
    ../clib/microlib/string/strcpy.c         0x00000000   Number         0  strcpy.o ABSOLUTE
    ../clib/microlib/string/strlen.c         0x00000000   Number         0  strlen.o ABSOLUTE
    ../clib/microlib/string/strncpy.c        0x00000000   Number         0  strncpy.o ABSOLUTE
    ../clib/microlib/string/strstr.c         0x00000000   Number         0  strstr.o ABSOLUTE
    ../clib/microlib/string/strtok.c         0x00000000   Number         0  strtok.o ABSOLUTE
    ../clib/microlib/string/strtok.c         0x00000000   Number         0  strtok_r.o ABSOLUTE
    ../clib/microlib/stubs.s                 0x00000000   Number         0  iusefp.o ABSOLUTE
    ../fplib/microlib/fpadd.c                0x00000000   Number         0  dadd.o ABSOLUTE
    ../fplib/microlib/fpdiv.c                0x00000000   Number         0  ddiv.o ABSOLUTE
    ../fplib/microlib/fpepilogue.c           0x00000000   Number         0  depilogue.o ABSOLUTE
    ../fplib/microlib/fpfix.c                0x00000000   Number         0  dfixul.o ABSOLUTE
    ../fplib/microlib/fpmul.c                0x00000000   Number         0  dmul.o ABSOLUTE
    ..\..\Libraries\CMSIS\core_cm3.c         0x00000000   Number         0  core_cm3.o ABSOLUTE
    ..\..\Libraries\CMSIS\startup\startup_stm32f10x_hd.s 0x00000000   Number         0  startup_stm32f10x_hd.o ABSOLUTE
    ..\..\Libraries\CMSIS\system_stm32f10x.c 0x00000000   Number         0  system_stm32f10x.o ABSOLUTE
    ..\..\Libraries\FWlib\src\misc.c         0x00000000   Number         0  misc.o ABSOLUTE
    ..\..\Libraries\FWlib\src\stm32f10x_bkp.c 0x00000000   Number         0  stm32f10x_bkp.o ABSOLUTE
    ..\..\Libraries\FWlib\src\stm32f10x_exti.c 0x00000000   Number         0  stm32f10x_exti.o ABSOLUTE
    ..\..\Libraries\FWlib\src\stm32f10x_flash.c 0x00000000   Number         0  stm32f10x_flash.o ABSOLUTE
    ..\..\Libraries\FWlib\src\stm32f10x_gpio.c 0x00000000   Number         0  stm32f10x_gpio.o ABSOLUTE
    ..\..\Libraries\FWlib\src\stm32f10x_rcc.c 0x00000000   Number         0  stm32f10x_rcc.o ABSOLUTE
    ..\..\Libraries\FWlib\src\stm32f10x_spi.c 0x00000000   Number         0  stm32f10x_spi.o ABSOLUTE
    ..\..\Libraries\FWlib\src\stm32f10x_tim.c 0x00000000   Number         0  stm32f10x_tim.o ABSOLUTE
    ..\..\Libraries\FWlib\src\stm32f10x_usart.c 0x00000000   Number         0  stm32f10x_usart.o ABSOLUTE
    ..\..\User\at24c16.c                     0x00000000   Number         0  at24c16.o ABSOLUTE
    ..\..\User\device.c                      0x00000000   Number         0  device.o ABSOLUTE
    ..\..\User\dhcp.c                        0x00000000   Number         0  dhcp.o ABSOLUTE
    ..\..\User\flash.c                       0x00000000   Number         0  flash.o ABSOLUTE
    ..\..\User\main.c                        0x00000000   Number         0  main.o ABSOLUTE
    ..\..\User\mcu_init.c                    0x00000000   Number         0  mcu_init.o ABSOLUTE
    ..\..\User\sockutil.c                    0x00000000   Number         0  sockutil.o ABSOLUTE
    ..\..\User\stm32f10x_it.c                0x00000000   Number         0  stm32f10x_it.o ABSOLUTE
    ..\..\User\tftp.c                        0x00000000   Number         0  tftp.o ABSOLUTE
    ..\..\User\udp_demo.c                    0x00000000   Number         0  udp_demo.o ABSOLUTE
    ..\..\User\util.c                        0x00000000   Number         0  util.o ABSOLUTE
    ..\..\User\w5500\SPI2.c                  0x00000000   Number         0  spi2.o ABSOLUTE
    ..\..\User\w5500\md5.c                   0x00000000   Number         0  md5.o ABSOLUTE
    ..\..\User\w5500\socket.c                0x00000000   Number         0  socket.o ABSOLUTE
    ..\..\User\w5500\w5500.c                 0x00000000   Number         0  w5500.o ABSOLUTE
    ..\\..\\Libraries\\CMSIS\\core_cm3.c     0x00000000   Number         0  core_cm3.o ABSOLUTE
    cdrcmple.s                               0x00000000   Number         0  cdrcmple.o ABSOLUTE
    dc.s                                     0x00000000   Number         0  dc.o ABSOLUTE
    handlers.s                               0x00000000   Number         0  handlers.o ABSOLUTE
    init.s                                   0x00000000   Number         0  init.o ABSOLUTE
    RESET                                    0x08000000   Section      304  startup_stm32f10x_hd.o(RESET)
    .ARM.Collect$$$$00000000                 0x08000130   Section        0  entry.o(.ARM.Collect$$$$00000000)
    .ARM.Collect$$$$00000001                 0x08000130   Section        4  entry2.o(.ARM.Collect$$$$00000001)
    .ARM.Collect$$$$00000004                 0x08000134   Section        4  entry5.o(.ARM.Collect$$$$00000004)
    .ARM.Collect$$$$00000008                 0x08000138   Section        0  entry7b.o(.ARM.Collect$$$$00000008)
    .ARM.Collect$$$$0000000A                 0x08000138   Section        0  entry8b.o(.ARM.Collect$$$$0000000A)
    .ARM.Collect$$$$0000000B                 0x08000138   Section        8  entry9a.o(.ARM.Collect$$$$0000000B)
    .ARM.Collect$$$$0000000D                 0x08000140   Section        0  entry10a.o(.ARM.Collect$$$$0000000D)
    .ARM.Collect$$$$0000000F                 0x08000140   Section        0  entry11a.o(.ARM.Collect$$$$0000000F)
    .ARM.Collect$$$$00002712                 0x08000140   Section        4  entry2.o(.ARM.Collect$$$$00002712)
    __lit__00000000                          0x08000140   Data           4  entry2.o(.ARM.Collect$$$$00002712)
    .emb_text                                0x08000144   Section       32  core_cm3.o(.emb_text)
    .text                                    0x08000164   Section       36  startup_stm32f10x_hd.o(.text)
    .text                                    0x08000188   Section        0  system_stm32f10x.o(.text)
    SetSysClockTo72                          0x08000189   Thumb Code   214  system_stm32f10x.o(.text)
    SetSysClock                              0x0800025f   Thumb Code     8  system_stm32f10x.o(.text)
    .text                                    0x08000368   Section        0  misc.o(.text)
    .text                                    0x08000444   Section        0  stm32f10x_flash.o(.text)
    .text                                    0x08000a00   Section        0  stm32f10x_gpio.o(.text)
    .text                                    0x08000d5c   Section        0  stm32f10x_rcc.o(.text)
    .text                                    0x08001100   Section        0  stm32f10x_spi.o(.text)
    .text                                    0x0800140c   Section        0  stm32f10x_tim.o(.text)
    TI4_Config                               0x080018b3   Thumb Code   130  stm32f10x_tim.o(.text)
    TI3_Config                               0x08001947   Thumb Code   122  stm32f10x_tim.o(.text)
    TI2_Config                               0x080019db   Thumb Code   130  stm32f10x_tim.o(.text)
    TI1_Config                               0x08001a6f   Thumb Code   108  stm32f10x_tim.o(.text)
    .text                                    0x08002228   Section        0  stm32f10x_usart.o(.text)
    .text                                    0x08002630   Section        0  at24c16.o(.text)
    .text                                    0x080028a0   Section        0  device.o(.text)
    .text                                    0x08002b48   Section        0  main.o(.text)
    .text                                    0x08002be4   Section        0  mcu_init.o(.text)
    .text                                    0x08002eb0   Section        0  sockutil.o(.text)
    .text                                    0x0800314c   Section        0  stm32f10x_it.o(.text)
    .text                                    0x08003200   Section        0  util.o(.text)
    .text                                    0x080034dc   Section        0  dhcp.o(.text)
    .text                                    0x08004b74   Section        0  tftp.o(.text)
    set_filename                             0x08004b75   Thumb Code    18  tftp.o(.text)
    .text                                    0x08005490   Section        0  socket.o(.text)
    .text                                    0x08005b1c   Section        0  spi2.o(.text)
    .text                                    0x08005bc4   Section        0  w5500.o(.text)
    .text                                    0x080061a8   Section        0  memcpya.o(.text)
    .text                                    0x080061cc   Section        0  memseta.o(.text)
    .text                                    0x080061f0   Section        0  strstr.o(.text)
    .text                                    0x08006214   Section        0  strncpy.o(.text)
    .text                                    0x0800622c   Section        0  strlen.o(.text)
    .text                                    0x0800623a   Section        0  memcmp.o(.text)
    .text                                    0x08006254   Section        0  strcpy.o(.text)
    .text                                    0x08006268   Section        0  strtok.o(.text)
    .text                                    0x080062ac   Section        0  uidiv.o(.text)
    .text                                    0x080062d8   Section        0  uldiv.o(.text)
    .text                                    0x0800633a   Section        0  dadd.o(.text)
    .text                                    0x0800633a   Section        0  iusefp.o(.text)
    .text                                    0x08006488   Section        0  dmul.o(.text)
    .text                                    0x0800656c   Section        0  ddiv.o(.text)
    .text                                    0x0800664a   Section        0  dfixul.o(.text)
    .text                                    0x0800667c   Section       48  cdrcmple.o(.text)
    .text                                    0x080066ac   Section       36  init.o(.text)
    .text                                    0x080066d0   Section        0  llshl.o(.text)
    .text                                    0x080066ee   Section        0  llushr.o(.text)
    .text                                    0x0800670e   Section        0  llsshr.o(.text)
    .text                                    0x08006732   Section        0  depilogue.o(.text)
    i.__0printf                              0x080067ec   Section        0  printfa.o(i.__0printf)
    i.__0printf$8                            0x0800680c   Section        0  printf8.o(i.__0printf$8)
    i.__0sprintf$8                           0x0800682c   Section        0  printf8.o(i.__0sprintf$8)
    i.__scatterload_copy                     0x08006854   Section       14  handlers.o(i.__scatterload_copy)
    i.__scatterload_null                     0x08006862   Section        2  handlers.o(i.__scatterload_null)
    i.__scatterload_zeroinit                 0x08006864   Section       14  handlers.o(i.__scatterload_zeroinit)
    i._fp_digits                             0x08006874   Section        0  printfa.o(i._fp_digits)
    _fp_digits                               0x08006875   Thumb Code   334  printfa.o(i._fp_digits)
    i._printf_core                           0x080069d8   Section        0  printf8.o(i._printf_core)
    _printf_core                             0x080069d9   Thumb Code   996  printf8.o(i._printf_core)
    i._printf_core                           0x08006de8   Section        0  printfa.o(i._printf_core)
    _printf_core                             0x08006de9   Thumb Code  1744  printfa.o(i._printf_core)
    i._printf_post_padding                   0x080074c4   Section        0  printf8.o(i._printf_post_padding)
    _printf_post_padding                     0x080074c5   Thumb Code    36  printf8.o(i._printf_post_padding)
    i._printf_post_padding                   0x080074e8   Section        0  printfa.o(i._printf_post_padding)
    _printf_post_padding                     0x080074e9   Thumb Code    36  printfa.o(i._printf_post_padding)
    i._printf_pre_padding                    0x0800750c   Section        0  printf8.o(i._printf_pre_padding)
    _printf_pre_padding                      0x0800750d   Thumb Code    46  printf8.o(i._printf_pre_padding)
    i._printf_pre_padding                    0x0800753a   Section        0  printfa.o(i._printf_pre_padding)
    _printf_pre_padding                      0x0800753b   Thumb Code    46  printfa.o(i._printf_pre_padding)
    i._sputc                                 0x08007568   Section        0  printf8.o(i._sputc)
    _sputc                                   0x08007569   Thumb Code    10  printf8.o(i._sputc)
    .constdata                               0x08007572   Section       68  tftp.o(.constdata)
    __func__                                 0x08007572   Data          17  tftp.o(.constdata)
    __func__                                 0x08007583   Data          16  tftp.o(.constdata)
    __func__                                 0x08007593   Data          17  tftp.o(.constdata)
    __func__                                 0x080075a4   Data          18  tftp.o(.constdata)
    .conststring                             0x080075b8   Section        5  dhcp.o(.conststring)
    .data                                    0x20000000   Section       20  system_stm32f10x.o(.data)
    .data                                    0x20000014   Section       20  stm32f10x_rcc.o(.data)
    APBAHBPrescTable                         0x20000014   Data          16  stm32f10x_rcc.o(.data)
    ADCPrescTable                            0x20000024   Data           4  stm32f10x_rcc.o(.data)
    .data                                    0x20000028   Section       22  device.o(.data)
    .data                                    0x20000040   Section        9  main.o(.data)
    .data                                    0x2000004c   Section        7  mcu_init.o(.data)
    .data                                    0x20000054   Section        2  stm32f10x_it.o(.data)
    .data                                    0x20000056   Section        4  util.o(.data)
    fac_us                                   0x20000056   Data           1  util.o(.data)
    fac_ms                                   0x20000058   Data           2  util.o(.data)
    .data                                    0x2000005c   Section       68  dhcp.o(.data)
    .data                                    0x200000a0   Section       60  tftp.o(.data)
    g_tftp_socket                            0x200000a0   Data           4  tftp.o(.data)
    g_server_ip                              0x200000a4   Data           4  tftp.o(.data)
    g_server_port                            0x200000a8   Data           2  tftp.o(.data)
    g_local_port                             0x200000aa   Data           2  tftp.o(.data)
    g_tftp_state                             0x200000ac   Data           4  tftp.o(.data)
    g_block_num                              0x200000b0   Data           2  tftp.o(.data)
    g_timeout                                0x200000b4   Data           4  tftp.o(.data)
    g_resend_flag                            0x200000b8   Data           4  tftp.o(.data)
    tftp_time_cnt                            0x200000bc   Data           4  tftp.o(.data)
    tftp_retry_cnt                           0x200000c0   Data           4  tftp.o(.data)
    g_tftp_rcv_buf                           0x200000c4   Data           4  tftp.o(.data)
    default_tftp_opt                         0x200000c8   Data           8  tftp.o(.data)
    FLASH_BASE_ADDR                          0x200000d4   Data           4  tftp.o(.data)
    cnt                                      0x200000d8   Data           4  tftp.o(.data)
    .data                                    0x200000dc   Section        2  socket.o(.data)
    local_port                               0x200000dc   Data           2  socket.o(.data)
    .data                                    0x200000de   Section        8  w5500.o(.data)
    I_STATUS                                 0x200000de   Data           8  w5500.o(.data)
    .data                                    0x200000e8   Section        4  strtok.o(.data)
    state                                    0x200000e8   Data           4  strtok.o(.data)
    .data                                    0x200000ec   Section        4  stdout.o(.data)
    .bss                                     0x200000f0   Section     1570  device.o(.bss)
    .bss                                     0x20000712   Section     4610  main.o(.bss)
    .bss                                     0x20001914   Section       48  sockutil.o(.bss)
    addr_str                                 0x20001914   Data          32  sockutil.o(.bss)
    addr_str                                 0x20001934   Data          16  sockutil.o(.bss)
    .bss                                     0x20001944   Section      200  stm32f10x_it.o(.bss)
    .bss                                     0x20001a0c   Section     1024  dhcp.o(.bss)
    .bss                                     0x20001e0c   Section       20  tftp.o(.bss)
    g_filename                               0x20001e0c   Data          20  tftp.o(.bss)
    .bss                                     0x20001e20   Section       32  w5500.o(.bss)
    SSIZE                                    0x20001e20   Data          16  w5500.o(.bss)
    RSIZE                                    0x20001e30   Data          16  w5500.o(.bss)
    STACK                                    0x20001e40   Section     1024  startup_stm32f10x_hd.o(STACK)

    Global Symbols

    Symbol Name                              Value     Ov Type        Size  Object(Section)

    BuildAttributes$$THM_ISAv4$P$D$K$B$S$PE$A:L22UL41UL21$X:L11$S22US41US21$IEEE1$IW$USESV6$~STKCKD$USESV7$~SHL$OSPACE$ROPI$EBA8$MICROLIB$REQ8$PRES8$EABIv2 0x00000000   Number         0  anon$$obj.o ABSOLUTE
    __ARM_use_no_argv                        0x00000000   Number         0  main.o ABSOLUTE
    _printf_a                                0x00000000   Number         0  stubs.o ABSOLUTE
    _printf_c                                0x00000000   Number         0  stubs.o ABSOLUTE
    _printf_charcount                        0x00000000   Number         0  stubs.o ABSOLUTE
    _printf_d                                0x00000000   Number         0  stubs.o ABSOLUTE
    _printf_e                                0x00000000   Number         0  stubs.o ABSOLUTE
    _printf_f                                0x00000000   Number         0  stubs.o ABSOLUTE
    _printf_flags                            0x00000000   Number         0  stubs.o ABSOLUTE
    _printf_fp_dec                           0x00000000   Number         0  stubs.o ABSOLUTE
    _printf_fp_hex                           0x00000000   Number         0  stubs.o ABSOLUTE
    _printf_g                                0x00000000   Number         0  stubs.o ABSOLUTE
    _printf_i                                0x00000000   Number         0  stubs.o ABSOLUTE
    _printf_int_dec                          0x00000000   Number         0  stubs.o ABSOLUTE
    _printf_l                                0x00000000   Number         0  stubs.o ABSOLUTE
    _printf_lc                               0x00000000   Number         0  stubs.o ABSOLUTE
    _printf_ll                               0x00000000   Number         0  stubs.o ABSOLUTE
    _printf_lld                              0x00000000   Number         0  stubs.o ABSOLUTE
    _printf_lli                              0x00000000   Number         0  stubs.o ABSOLUTE
    _printf_llo                              0x00000000   Number         0  stubs.o ABSOLUTE
    _printf_llu                              0x00000000   Number         0  stubs.o ABSOLUTE
    _printf_llx                              0x00000000   Number         0  stubs.o ABSOLUTE
    _printf_longlong_dec                     0x00000000   Number         0  stubs.o ABSOLUTE
    _printf_longlong_hex                     0x00000000   Number         0  stubs.o ABSOLUTE
    _printf_longlong_oct                     0x00000000   Number         0  stubs.o ABSOLUTE
    _printf_ls                               0x00000000   Number         0  stubs.o ABSOLUTE
    _printf_mbtowc                           0x00000000   Number         0  stubs.o ABSOLUTE
    _printf_n                                0x00000000   Number         0  stubs.o ABSOLUTE
    _printf_o                                0x00000000   Number         0  stubs.o ABSOLUTE
    _printf_p                                0x00000000   Number         0  stubs.o ABSOLUTE
    _printf_percent                          0x00000000   Number         0  stubs.o ABSOLUTE
    _printf_pre_padding                      0x00000000   Number         0  stubs.o ABSOLUTE
    _printf_return_value                     0x00000000   Number         0  stubs.o ABSOLUTE
    _printf_s                                0x00000000   Number         0  stubs.o ABSOLUTE
    _printf_sizespec                         0x00000000   Number         0  stubs.o ABSOLUTE
    _printf_str                              0x00000000   Number         0  stubs.o ABSOLUTE
    _printf_truncate_signed                  0x00000000   Number         0  stubs.o ABSOLUTE
    _printf_truncate_unsigned                0x00000000   Number         0  stubs.o ABSOLUTE
    _printf_u                                0x00000000   Number         0  stubs.o ABSOLUTE
    _printf_wc                               0x00000000   Number         0  stubs.o ABSOLUTE
    _printf_wctomb                           0x00000000   Number         0  stubs.o ABSOLUTE
    _printf_widthprec                        0x00000000   Number         0  stubs.o ABSOLUTE
    _printf_x                                0x00000000   Number         0  stubs.o ABSOLUTE
    __cpp_initialize__aeabi_                  - Undefined Weak Reference
    __cxa_finalize                            - Undefined Weak Reference
    __decompress                              - Undefined Weak Reference
    _clock_init                               - Undefined Weak Reference
    _microlib_exit                            - Undefined Weak Reference
    __Vectors_Size                           0x00000130   Number         0  startup_stm32f10x_hd.o ABSOLUTE
    __Vectors                                0x08000000   Data           4  startup_stm32f10x_hd.o(RESET)
    __Vectors_End                            0x08000130   Data           0  startup_stm32f10x_hd.o(RESET)
    __main                                   0x08000131   Thumb Code     0  entry.o(.ARM.Collect$$$$00000000)
    _main_stk                                0x08000131   Thumb Code     0  entry2.o(.ARM.Collect$$$$00000001)
    _main_scatterload                        0x08000135   Thumb Code     0  entry5.o(.ARM.Collect$$$$00000004)
    __main_after_scatterload                 0x08000139   Thumb Code     0  entry5.o(.ARM.Collect$$$$00000004)
    _main_clock                              0x08000139   Thumb Code     0  entry7b.o(.ARM.Collect$$$$00000008)
    _main_cpp_init                           0x08000139   Thumb Code     0  entry8b.o(.ARM.Collect$$$$0000000A)
    _main_init                               0x08000139   Thumb Code     0  entry9a.o(.ARM.Collect$$$$0000000B)
    __rt_final_cpp                           0x08000141   Thumb Code     0  entry10a.o(.ARM.Collect$$$$0000000D)
    __rt_final_exit                          0x08000141   Thumb Code     0  entry11a.o(.ARM.Collect$$$$0000000F)
    __get_PSP                                0x08000145   Thumb Code     6  core_cm3.o(.emb_text)
    __set_PSP                                0x0800014b   Thumb Code     6  core_cm3.o(.emb_text)
    __get_MSP                                0x08000151   Thumb Code     6  core_cm3.o(.emb_text)
    __set_MSP                                0x08000157   Thumb Code     6  core_cm3.o(.emb_text)
    __REV16                                  0x0800015d   Thumb Code     4  core_cm3.o(.emb_text)
    __REVSH                                  0x08000161   Thumb Code     4  core_cm3.o(.emb_text)
    Reset_Handler                            0x08000165   Thumb Code     8  startup_stm32f10x_hd.o(.text)
    ADC1_2_IRQHandler                        0x0800017f   Thumb Code     0  startup_stm32f10x_hd.o(.text)
    ADC3_IRQHandler                          0x0800017f   Thumb Code     0  startup_stm32f10x_hd.o(.text)
    CAN1_RX1_IRQHandler                      0x0800017f   Thumb Code     0  startup_stm32f10x_hd.o(.text)
    CAN1_SCE_IRQHandler                      0x0800017f   Thumb Code     0  startup_stm32f10x_hd.o(.text)
    DMA1_Channel1_IRQHandler                 0x0800017f   Thumb Code     0  startup_stm32f10x_hd.o(.text)
    DMA1_Channel2_IRQHandler                 0x0800017f   Thumb Code     0  startup_stm32f10x_hd.o(.text)
    DMA1_Channel3_IRQHandler                 0x0800017f   Thumb Code     0  startup_stm32f10x_hd.o(.text)
    DMA1_Channel4_IRQHandler                 0x0800017f   Thumb Code     0  startup_stm32f10x_hd.o(.text)
    DMA1_Channel5_IRQHandler                 0x0800017f   Thumb Code     0  startup_stm32f10x_hd.o(.text)
    DMA1_Channel6_IRQHandler                 0x0800017f   Thumb Code     0  startup_stm32f10x_hd.o(.text)
    DMA1_Channel7_IRQHandler                 0x0800017f   Thumb Code     0  startup_stm32f10x_hd.o(.text)
    DMA2_Channel1_IRQHandler                 0x0800017f   Thumb Code     0  startup_stm32f10x_hd.o(.text)
    DMA2_Channel2_IRQHandler                 0x0800017f   Thumb Code     0  startup_stm32f10x_hd.o(.text)
    DMA2_Channel3_IRQHandler                 0x0800017f   Thumb Code     0  startup_stm32f10x_hd.o(.text)
    DMA2_Channel4_5_IRQHandler               0x0800017f   Thumb Code     0  startup_stm32f10x_hd.o(.text)
    EXTI0_IRQHandler                         0x0800017f   Thumb Code     0  startup_stm32f10x_hd.o(.text)
    EXTI15_10_IRQHandler                     0x0800017f   Thumb Code     0  startup_stm32f10x_hd.o(.text)
    EXTI1_IRQHandler                         0x0800017f   Thumb Code     0  startup_stm32f10x_hd.o(.text)
    EXTI2_IRQHandler                         0x0800017f   Thumb Code     0  startup_stm32f10x_hd.o(.text)
    EXTI3_IRQHandler                         0x0800017f   Thumb Code     0  startup_stm32f10x_hd.o(.text)
    EXTI4_IRQHandler                         0x0800017f   Thumb Code     0  startup_stm32f10x_hd.o(.text)
    EXTI9_5_IRQHandler                       0x0800017f   Thumb Code     0  startup_stm32f10x_hd.o(.text)
    FLASH_IRQHandler                         0x0800017f   Thumb Code     0  startup_stm32f10x_hd.o(.text)
    FSMC_IRQHandler                          0x0800017f   Thumb Code     0  startup_stm32f10x_hd.o(.text)
    I2C1_ER_IRQHandler                       0x0800017f   Thumb Code     0  startup_stm32f10x_hd.o(.text)
    I2C1_EV_IRQHandler                       0x0800017f   Thumb Code     0  startup_stm32f10x_hd.o(.text)
    I2C2_ER_IRQHandler                       0x0800017f   Thumb Code     0  startup_stm32f10x_hd.o(.text)
    I2C2_EV_IRQHandler                       0x0800017f   Thumb Code     0  startup_stm32f10x_hd.o(.text)
    PVD_IRQHandler                           0x0800017f   Thumb Code     0  startup_stm32f10x_hd.o(.text)
    RCC_IRQHandler                           0x0800017f   Thumb Code     0  startup_stm32f10x_hd.o(.text)
    RTCAlarm_IRQHandler                      0x0800017f   Thumb Code     0  startup_stm32f10x_hd.o(.text)
    RTC_IRQHandler                           0x0800017f   Thumb Code     0  startup_stm32f10x_hd.o(.text)
    SDIO_IRQHandler                          0x0800017f   Thumb Code     0  startup_stm32f10x_hd.o(.text)
    SPI1_IRQHandler                          0x0800017f   Thumb Code     0  startup_stm32f10x_hd.o(.text)
    SPI2_IRQHandler                          0x0800017f   Thumb Code     0  startup_stm32f10x_hd.o(.text)
    SPI3_IRQHandler                          0x0800017f   Thumb Code     0  startup_stm32f10x_hd.o(.text)
    TAMPER_IRQHandler                        0x0800017f   Thumb Code     0  startup_stm32f10x_hd.o(.text)
    TIM1_BRK_IRQHandler                      0x0800017f   Thumb Code     0  startup_stm32f10x_hd.o(.text)
    TIM1_CC_IRQHandler                       0x0800017f   Thumb Code     0  startup_stm32f10x_hd.o(.text)
    TIM1_TRG_COM_IRQHandler                  0x0800017f   Thumb Code     0  startup_stm32f10x_hd.o(.text)
    TIM1_UP_IRQHandler                       0x0800017f   Thumb Code     0  startup_stm32f10x_hd.o(.text)
    TIM4_IRQHandler                          0x0800017f   Thumb Code     0  startup_stm32f10x_hd.o(.text)
    TIM5_IRQHandler                          0x0800017f   Thumb Code     0  startup_stm32f10x_hd.o(.text)
    TIM6_IRQHandler                          0x0800017f   Thumb Code     0  startup_stm32f10x_hd.o(.text)
    TIM7_IRQHandler                          0x0800017f   Thumb Code     0  startup_stm32f10x_hd.o(.text)
    TIM8_BRK_IRQHandler                      0x0800017f   Thumb Code     0  startup_stm32f10x_hd.o(.text)
    TIM8_CC_IRQHandler                       0x0800017f   Thumb Code     0  startup_stm32f10x_hd.o(.text)
    TIM8_TRG_COM_IRQHandler                  0x0800017f   Thumb Code     0  startup_stm32f10x_hd.o(.text)
    TIM8_UP_IRQHandler                       0x0800017f   Thumb Code     0  startup_stm32f10x_hd.o(.text)
    UART4_IRQHandler                         0x0800017f   Thumb Code     0  startup_stm32f10x_hd.o(.text)
    UART5_IRQHandler                         0x0800017f   Thumb Code     0  startup_stm32f10x_hd.o(.text)
    USART3_IRQHandler                        0x0800017f   Thumb Code     0  startup_stm32f10x_hd.o(.text)
    USBWakeUp_IRQHandler                     0x0800017f   Thumb Code     0  startup_stm32f10x_hd.o(.text)
    USB_HP_CAN1_TX_IRQHandler                0x0800017f   Thumb Code     0  startup_stm32f10x_hd.o(.text)
    USB_LP_CAN1_RX0_IRQHandler               0x0800017f   Thumb Code     0  startup_stm32f10x_hd.o(.text)
    WWDG_IRQHandler                          0x0800017f   Thumb Code     0  startup_stm32f10x_hd.o(.text)
    SystemInit                               0x08000267   Thumb Code    78  system_stm32f10x.o(.text)
    SystemCoreClockUpdate                    0x080002b5   Thumb Code   142  system_stm32f10x.o(.text)
    NVIC_PriorityGroupConfig                 0x08000369   Thumb Code    10  misc.o(.text)
    NVIC_Init                                0x08000373   Thumb Code   100  misc.o(.text)
    NVIC_SetVectorTable                      0x080003d7   Thumb Code    14  misc.o(.text)
    NVIC_SystemLPConfig                      0x080003e5   Thumb Code    34  misc.o(.text)
    SysTick_CLKSourceConfig                  0x08000407   Thumb Code    40  misc.o(.text)
    FLASH_SetLatency                         0x08000445   Thumb Code    18  stm32f10x_flash.o(.text)
    FLASH_HalfCycleAccessCmd                 0x08000457   Thumb Code    22  stm32f10x_flash.o(.text)
    FLASH_PrefetchBufferCmd                  0x0800046d   Thumb Code    22  stm32f10x_flash.o(.text)
    FLASH_Unlock                             0x08000483   Thumb Code    12  stm32f10x_flash.o(.text)
    FLASH_UnlockBank1                        0x0800048f   Thumb Code    12  stm32f10x_flash.o(.text)
    FLASH_Lock                               0x0800049b   Thumb Code    14  stm32f10x_flash.o(.text)
    FLASH_LockBank1                          0x080004a9   Thumb Code    14  stm32f10x_flash.o(.text)
    FLASH_GetBank1Status                     0x080004b7   Thumb Code    48  stm32f10x_flash.o(.text)
    FLASH_WaitForLastOperation               0x080004e7   Thumb Code    38  stm32f10x_flash.o(.text)
    FLASH_ErasePage                          0x0800050d   Thumb Code    72  stm32f10x_flash.o(.text)
    FLASH_EraseAllPages                      0x08000555   Thumb Code    68  stm32f10x_flash.o(.text)
    FLASH_WaitForLastBank1Operation          0x08000599   Thumb Code    38  stm32f10x_flash.o(.text)
    FLASH_EraseAllBank1Pages                 0x080005bf   Thumb Code    68  stm32f10x_flash.o(.text)
    FLASH_GetReadOutProtectionStatus         0x08000603   Thumb Code    20  stm32f10x_flash.o(.text)
    FLASH_EraseOptionBytes                   0x08000617   Thumb Code   150  stm32f10x_flash.o(.text)
    FLASH_ProgramWord                        0x080006ad   Thumb Code   102  stm32f10x_flash.o(.text)
    FLASH_ProgramHalfWord                    0x08000713   Thumb Code    60  stm32f10x_flash.o(.text)
    FLASH_ProgramOptionByteData              0x0800074f   Thumb Code    72  stm32f10x_flash.o(.text)
    FLASH_EnableWriteProtection              0x08000797   Thumb Code   200  stm32f10x_flash.o(.text)
    FLASH_ReadOutProtection                  0x0800085f   Thumb Code   156  stm32f10x_flash.o(.text)
    FLASH_UserOptionByteConfig               0x080008fb   Thumb Code    88  stm32f10x_flash.o(.text)
    FLASH_GetUserOptionByte                  0x08000953   Thumb Code     8  stm32f10x_flash.o(.text)
    FLASH_GetWriteProtectionOptionByte       0x0800095b   Thumb Code     6  stm32f10x_flash.o(.text)
    FLASH_GetPrefetchBufferStatus            0x08000961   Thumb Code    20  stm32f10x_flash.o(.text)
    FLASH_ITConfig                           0x08000975   Thumb Code    26  stm32f10x_flash.o(.text)
    FLASH_GetFlagStatus                      0x0800098f   Thumb Code    42  stm32f10x_flash.o(.text)
    FLASH_ClearFlag                          0x080009b9   Thumb Code     6  stm32f10x_flash.o(.text)
    FLASH_GetStatus                          0x080009bf   Thumb Code    48  stm32f10x_flash.o(.text)
    GPIO_DeInit                              0x08000a01   Thumb Code   172  stm32f10x_gpio.o(.text)
    GPIO_AFIODeInit                          0x08000aad   Thumb Code    20  stm32f10x_gpio.o(.text)
    GPIO_Init                                0x08000ac1   Thumb Code   278  stm32f10x_gpio.o(.text)
    GPIO_StructInit                          0x08000bd7   Thumb Code    16  stm32f10x_gpio.o(.text)
    GPIO_ReadInputDataBit                    0x08000be7   Thumb Code    18  stm32f10x_gpio.o(.text)
    GPIO_ReadInputData                       0x08000bf9   Thumb Code     8  stm32f10x_gpio.o(.text)
    GPIO_ReadOutputDataBit                   0x08000c01   Thumb Code    18  stm32f10x_gpio.o(.text)
    GPIO_ReadOutputData                      0x08000c13   Thumb Code     8  stm32f10x_gpio.o(.text)
    GPIO_SetBits                             0x08000c1b   Thumb Code     4  stm32f10x_gpio.o(.text)
    GPIO_ResetBits                           0x08000c1f   Thumb Code     4  stm32f10x_gpio.o(.text)
    GPIO_WriteBit                            0x08000c23   Thumb Code    10  stm32f10x_gpio.o(.text)
    GPIO_Write                               0x08000c2d   Thumb Code     4  stm32f10x_gpio.o(.text)
    GPIO_PinLockConfig                       0x08000c31   Thumb Code    18  stm32f10x_gpio.o(.text)
    GPIO_EventOutputConfig                   0x08000c43   Thumb Code    26  stm32f10x_gpio.o(.text)
    GPIO_EventOutputCmd                      0x08000c5d   Thumb Code     6  stm32f10x_gpio.o(.text)
    GPIO_PinRemapConfig                      0x08000c63   Thumb Code   138  stm32f10x_gpio.o(.text)
    GPIO_EXTILineConfig                      0x08000ced   Thumb Code    66  stm32f10x_gpio.o(.text)
    GPIO_ETH_MediaInterfaceConfig            0x08000d2f   Thumb Code     8  stm32f10x_gpio.o(.text)
    RCC_DeInit                               0x08000d5d   Thumb Code    64  stm32f10x_rcc.o(.text)
    RCC_HSEConfig                            0x08000d9d   Thumb Code    70  stm32f10x_rcc.o(.text)
    RCC_GetFlagStatus                        0x08000de3   Thumb Code    56  stm32f10x_rcc.o(.text)
    RCC_WaitForHSEStartUp                    0x08000e1b   Thumb Code    56  stm32f10x_rcc.o(.text)
    RCC_AdjustHSICalibrationValue            0x08000e53   Thumb Code    20  stm32f10x_rcc.o(.text)
    RCC_HSICmd                               0x08000e67   Thumb Code     6  stm32f10x_rcc.o(.text)
    RCC_PLLConfig                            0x08000e6d   Thumb Code    24  stm32f10x_rcc.o(.text)
    RCC_PLLCmd                               0x08000e85   Thumb Code     6  stm32f10x_rcc.o(.text)
    RCC_SYSCLKConfig                         0x08000e8b   Thumb Code    18  stm32f10x_rcc.o(.text)
    RCC_GetSYSCLKSource                      0x08000e9d   Thumb Code    10  stm32f10x_rcc.o(.text)
    RCC_HCLKConfig                           0x08000ea7   Thumb Code    18  stm32f10x_rcc.o(.text)
    RCC_PCLK1Config                          0x08000eb9   Thumb Code    18  stm32f10x_rcc.o(.text)
    RCC_PCLK2Config                          0x08000ecb   Thumb Code    20  stm32f10x_rcc.o(.text)
    RCC_ITConfig                             0x08000edf   Thumb Code    26  stm32f10x_rcc.o(.text)
    RCC_USBCLKConfig                         0x08000ef9   Thumb Code     8  stm32f10x_rcc.o(.text)
    RCC_ADCCLKConfig                         0x08000f01   Thumb Code    18  stm32f10x_rcc.o(.text)
    RCC_LSEConfig                            0x08000f13   Thumb Code    50  stm32f10x_rcc.o(.text)
    RCC_LSICmd                               0x08000f45   Thumb Code     6  stm32f10x_rcc.o(.text)
    RCC_RTCCLKConfig                         0x08000f4b   Thumb Code    12  stm32f10x_rcc.o(.text)
    RCC_RTCCLKCmd                            0x08000f57   Thumb Code     8  stm32f10x_rcc.o(.text)
    RCC_GetClocksFreq                        0x08000f5f   Thumb Code   192  stm32f10x_rcc.o(.text)
    RCC_AHBPeriphClockCmd                    0x0800101f   Thumb Code    26  stm32f10x_rcc.o(.text)
    RCC_APB2PeriphClockCmd                   0x08001039   Thumb Code    26  stm32f10x_rcc.o(.text)
    RCC_APB1PeriphClockCmd                   0x08001053   Thumb Code    26  stm32f10x_rcc.o(.text)
    RCC_APB2PeriphResetCmd                   0x0800106d   Thumb Code    26  stm32f10x_rcc.o(.text)
    RCC_APB1PeriphResetCmd                   0x08001087   Thumb Code    26  stm32f10x_rcc.o(.text)
    RCC_BackupResetCmd                       0x080010a1   Thumb Code     8  stm32f10x_rcc.o(.text)
    RCC_ClockSecuritySystemCmd               0x080010a9   Thumb Code     6  stm32f10x_rcc.o(.text)
    RCC_MCOConfig                            0x080010af   Thumb Code     6  stm32f10x_rcc.o(.text)
    RCC_ClearFlag                            0x080010b5   Thumb Code    14  stm32f10x_rcc.o(.text)
    RCC_GetITStatus                          0x080010c3   Thumb Code    20  stm32f10x_rcc.o(.text)
    RCC_ClearITPendingBit                    0x080010d7   Thumb Code     6  stm32f10x_rcc.o(.text)
    SPI_I2S_DeInit                           0x08001101   Thumb Code    76  stm32f10x_spi.o(.text)
    SPI_Init                                 0x0800114d   Thumb Code    60  stm32f10x_spi.o(.text)
    I2S_Init                                 0x08001189   Thumb Code   226  stm32f10x_spi.o(.text)
    SPI_StructInit                           0x0800126b   Thumb Code    24  stm32f10x_spi.o(.text)
    I2S_StructInit                           0x08001283   Thumb Code    20  stm32f10x_spi.o(.text)
    SPI_Cmd                                  0x08001297   Thumb Code    24  stm32f10x_spi.o(.text)
    I2S_Cmd                                  0x080012af   Thumb Code    24  stm32f10x_spi.o(.text)
    SPI_I2S_ITConfig                         0x080012c7   Thumb Code    32  stm32f10x_spi.o(.text)
    SPI_I2S_DMACmd                           0x080012e7   Thumb Code    18  stm32f10x_spi.o(.text)
    SPI_I2S_SendData                         0x080012f9   Thumb Code     4  stm32f10x_spi.o(.text)
    SPI_I2S_ReceiveData                      0x080012fd   Thumb Code     6  stm32f10x_spi.o(.text)
    SPI_NSSInternalSoftwareConfig            0x08001303   Thumb Code    30  stm32f10x_spi.o(.text)
    SPI_SSOutputCmd                          0x08001321   Thumb Code    24  stm32f10x_spi.o(.text)
    SPI_DataSizeConfig                       0x08001339   Thumb Code    18  stm32f10x_spi.o(.text)
    SPI_TransmitCRC                          0x0800134b   Thumb Code    10  stm32f10x_spi.o(.text)
    SPI_CalculateCRC                         0x08001355   Thumb Code    24  stm32f10x_spi.o(.text)
    SPI_GetCRC                               0x0800136d   Thumb Code    16  stm32f10x_spi.o(.text)
    SPI_GetCRCPolynomial                     0x0800137d   Thumb Code     6  stm32f10x_spi.o(.text)
    SPI_BiDirectionalLineConfig              0x08001383   Thumb Code    28  stm32f10x_spi.o(.text)
    SPI_I2S_GetFlagStatus                    0x0800139f   Thumb Code    18  stm32f10x_spi.o(.text)
    SPI_I2S_ClearFlag                        0x080013b1   Thumb Code     6  stm32f10x_spi.o(.text)
    SPI_I2S_GetITStatus                      0x080013b7   Thumb Code    52  stm32f10x_spi.o(.text)
    SPI_I2S_ClearITPendingBit                0x080013eb   Thumb Code    20  stm32f10x_spi.o(.text)
    TIM_DeInit                               0x0800140d   Thumb Code   424  stm32f10x_tim.o(.text)
    TIM_TimeBaseInit                         0x080015b5   Thumb Code   122  stm32f10x_tim.o(.text)
    TIM_OC1Init                              0x0800162f   Thumb Code   132  stm32f10x_tim.o(.text)
    TIM_OC2Init                              0x080016b3   Thumb Code   154  stm32f10x_tim.o(.text)
    TIM_OC3Init                              0x0800174d   Thumb Code   150  stm32f10x_tim.o(.text)
    TIM_OC4Init                              0x080017e3   Thumb Code   182  stm32f10x_tim.o(.text)
    TIM_SetIC4Prescaler                      0x08001899   Thumb Code    26  stm32f10x_tim.o(.text)
    TIM_SetIC3Prescaler                      0x08001935   Thumb Code    18  stm32f10x_tim.o(.text)
    TIM_SetIC2Prescaler                      0x080019c1   Thumb Code    26  stm32f10x_tim.o(.text)
    TIM_SetIC1Prescaler                      0x08001a5d   Thumb Code    18  stm32f10x_tim.o(.text)
    TIM_ICInit                               0x08001adb   Thumb Code   150  stm32f10x_tim.o(.text)
    TIM_PWMIConfig                           0x08001b71   Thumb Code   124  stm32f10x_tim.o(.text)
    TIM_BDTRConfig                           0x08001bed   Thumb Code    32  stm32f10x_tim.o(.text)
    TIM_TimeBaseStructInit                   0x08001c0d   Thumb Code    18  stm32f10x_tim.o(.text)
    TIM_OCStructInit                         0x08001c1f   Thumb Code    20  stm32f10x_tim.o(.text)
    TIM_ICStructInit                         0x08001c33   Thumb Code    18  stm32f10x_tim.o(.text)
    TIM_BDTRStructInit                       0x08001c45   Thumb Code    40  stm32f10x_tim.o(.text)
    TIM_Cmd                                  0x08001c6d   Thumb Code    24  stm32f10x_tim.o(.text)
    TIM_CtrlPWMOutputs                       0x08001c85   Thumb Code    30  stm32f10x_tim.o(.text)
    TIM_ITConfig                             0x08001ca3   Thumb Code    18  stm32f10x_tim.o(.text)
    TIM_GenerateEvent                        0x08001cb5   Thumb Code     4  stm32f10x_tim.o(.text)
    TIM_DMAConfig                            0x08001cb9   Thumb Code    10  stm32f10x_tim.o(.text)
    TIM_DMACmd                               0x08001cc3   Thumb Code    18  stm32f10x_tim.o(.text)
    TIM_InternalClockConfig                  0x08001cd5   Thumb Code    12  stm32f10x_tim.o(.text)
    TIM_SelectInputTrigger                   0x08001ce1   Thumb Code    18  stm32f10x_tim.o(.text)
    TIM_ITRxExternalClockConfig              0x08001cf3   Thumb Code    24  stm32f10x_tim.o(.text)
    TIM_TIxExternalClockConfig               0x08001d0b   Thumb Code    62  stm32f10x_tim.o(.text)
    TIM_ETRConfig                            0x08001d49   Thumb Code    28  stm32f10x_tim.o(.text)
    TIM_ETRClockMode1Config                  0x08001d65   Thumb Code    54  stm32f10x_tim.o(.text)
    TIM_ETRClockMode2Config                  0x08001d9b   Thumb Code    32  stm32f10x_tim.o(.text)
    TIM_PrescalerConfig                      0x08001dbb   Thumb Code     6  stm32f10x_tim.o(.text)
    TIM_CounterModeConfig                    0x08001dc1   Thumb Code    18  stm32f10x_tim.o(.text)
    TIM_EncoderInterfaceConfig               0x08001dd3   Thumb Code    66  stm32f10x_tim.o(.text)
    TIM_ForcedOC1Config                      0x08001e15   Thumb Code    18  stm32f10x_tim.o(.text)
    TIM_ForcedOC2Config                      0x08001e27   Thumb Code    26  stm32f10x_tim.o(.text)
    TIM_ForcedOC3Config                      0x08001e41   Thumb Code    18  stm32f10x_tim.o(.text)
    TIM_ForcedOC4Config                      0x08001e53   Thumb Code    26  stm32f10x_tim.o(.text)
    TIM_ARRPreloadConfig                     0x08001e6d   Thumb Code    24  stm32f10x_tim.o(.text)
    TIM_SelectCOM                            0x08001e85   Thumb Code    24  stm32f10x_tim.o(.text)
    TIM_SelectCCDMA                          0x08001e9d   Thumb Code    24  stm32f10x_tim.o(.text)
    TIM_CCPreloadControl                     0x08001eb5   Thumb Code    24  stm32f10x_tim.o(.text)
    TIM_OC1PreloadConfig                     0x08001ecd   Thumb Code    18  stm32f10x_tim.o(.text)
    TIM_OC2PreloadConfig                     0x08001edf   Thumb Code    26  stm32f10x_tim.o(.text)
    TIM_OC3PreloadConfig                     0x08001ef9   Thumb Code    18  stm32f10x_tim.o(.text)
    TIM_OC4PreloadConfig                     0x08001f0b   Thumb Code    26  stm32f10x_tim.o(.text)
    TIM_OC1FastConfig                        0x08001f25   Thumb Code    18  stm32f10x_tim.o(.text)
    TIM_OC2FastConfig                        0x08001f37   Thumb Code    26  stm32f10x_tim.o(.text)
    TIM_OC3FastConfig                        0x08001f51   Thumb Code    18  stm32f10x_tim.o(.text)
    TIM_OC4FastConfig                        0x08001f63   Thumb Code    26  stm32f10x_tim.o(.text)
    TIM_ClearOC1Ref                          0x08001f7d   Thumb Code    18  stm32f10x_tim.o(.text)
    TIM_ClearOC2Ref                          0x08001f8f   Thumb Code    24  stm32f10x_tim.o(.text)
    TIM_ClearOC3Ref                          0x08001fa7   Thumb Code    18  stm32f10x_tim.o(.text)
    TIM_ClearOC4Ref                          0x08001fb9   Thumb Code    24  stm32f10x_tim.o(.text)
    TIM_OC1PolarityConfig                    0x08001fd1   Thumb Code    18  stm32f10x_tim.o(.text)
    TIM_OC1NPolarityConfig                   0x08001fe3   Thumb Code    18  stm32f10x_tim.o(.text)
    TIM_OC2PolarityConfig                    0x08001ff5   Thumb Code    26  stm32f10x_tim.o(.text)
    TIM_OC2NPolarityConfig                   0x0800200f   Thumb Code    26  stm32f10x_tim.o(.text)
    TIM_OC3PolarityConfig                    0x08002029   Thumb Code    26  stm32f10x_tim.o(.text)
    TIM_OC3NPolarityConfig                   0x08002043   Thumb Code    26  stm32f10x_tim.o(.text)
    TIM_OC4PolarityConfig                    0x0800205d   Thumb Code    26  stm32f10x_tim.o(.text)
    TIM_CCxCmd                               0x08002077   Thumb Code    30  stm32f10x_tim.o(.text)
    TIM_CCxNCmd                              0x08002095   Thumb Code    30  stm32f10x_tim.o(.text)
    TIM_SelectOCxM                           0x080020b3   Thumb Code    82  stm32f10x_tim.o(.text)
    TIM_UpdateDisableConfig                  0x08002105   Thumb Code    24  stm32f10x_tim.o(.text)
    TIM_UpdateRequestConfig                  0x0800211d   Thumb Code    24  stm32f10x_tim.o(.text)
    TIM_SelectHallSensor                     0x08002135   Thumb Code    24  stm32f10x_tim.o(.text)
    TIM_SelectOnePulseMode                   0x0800214d   Thumb Code    18  stm32f10x_tim.o(.text)
    TIM_SelectOutputTrigger                  0x0800215f   Thumb Code    18  stm32f10x_tim.o(.text)
    TIM_SelectSlaveMode                      0x08002171   Thumb Code    18  stm32f10x_tim.o(.text)
    TIM_SelectMasterSlaveMode                0x08002183   Thumb Code    18  stm32f10x_tim.o(.text)
    TIM_SetCounter                           0x08002195   Thumb Code     4  stm32f10x_tim.o(.text)
    TIM_SetAutoreload                        0x08002199   Thumb Code     4  stm32f10x_tim.o(.text)
    TIM_SetCompare1                          0x0800219d   Thumb Code     4  stm32f10x_tim.o(.text)
    TIM_SetCompare2                          0x080021a1   Thumb Code     4  stm32f10x_tim.o(.text)
    TIM_SetCompare3                          0x080021a5   Thumb Code     4  stm32f10x_tim.o(.text)
    TIM_SetCompare4                          0x080021a9   Thumb Code     6  stm32f10x_tim.o(.text)
    TIM_SetClockDivision                     0x080021af   Thumb Code    18  stm32f10x_tim.o(.text)
    TIM_GetCapture1                          0x080021c1   Thumb Code     6  stm32f10x_tim.o(.text)
    TIM_GetCapture2                          0x080021c7   Thumb Code     6  stm32f10x_tim.o(.text)
    TIM_GetCapture3                          0x080021cd   Thumb Code     6  stm32f10x_tim.o(.text)
    TIM_GetCapture4                          0x080021d3   Thumb Code     8  stm32f10x_tim.o(.text)
    TIM_GetCounter                           0x080021db   Thumb Code     6  stm32f10x_tim.o(.text)
    TIM_GetPrescaler                         0x080021e1   Thumb Code     6  stm32f10x_tim.o(.text)
    TIM_GetFlagStatus                        0x080021e7   Thumb Code    18  stm32f10x_tim.o(.text)
    TIM_ClearFlag                            0x080021f9   Thumb Code     6  stm32f10x_tim.o(.text)
    TIM_GetITStatus                          0x080021ff   Thumb Code    34  stm32f10x_tim.o(.text)
    TIM_ClearITPendingBit                    0x08002221   Thumb Code     6  stm32f10x_tim.o(.text)
    USART_DeInit                             0x08002229   Thumb Code   134  stm32f10x_usart.o(.text)
    USART_Init                               0x080022af   Thumb Code   210  stm32f10x_usart.o(.text)
    USART_StructInit                         0x08002381   Thumb Code    24  stm32f10x_usart.o(.text)
    USART_ClockInit                          0x08002399   Thumb Code    34  stm32f10x_usart.o(.text)
    USART_ClockStructInit                    0x080023bb   Thumb Code    12  stm32f10x_usart.o(.text)
    USART_Cmd                                0x080023c7   Thumb Code    24  stm32f10x_usart.o(.text)
    USART_ITConfig                           0x080023df   Thumb Code    74  stm32f10x_usart.o(.text)
    USART_DMACmd                             0x08002429   Thumb Code    18  stm32f10x_usart.o(.text)
    USART_SetAddress                         0x0800243b   Thumb Code    18  stm32f10x_usart.o(.text)
    USART_WakeUpConfig                       0x0800244d   Thumb Code    18  stm32f10x_usart.o(.text)
    USART_ReceiverWakeUpCmd                  0x0800245f   Thumb Code    24  stm32f10x_usart.o(.text)
    USART_LINBreakDetectLengthConfig         0x08002477   Thumb Code    18  stm32f10x_usart.o(.text)
    USART_LINCmd                             0x08002489   Thumb Code    24  stm32f10x_usart.o(.text)
    USART_SendData                           0x080024a1   Thumb Code     8  stm32f10x_usart.o(.text)
    USART_ReceiveData                        0x080024a9   Thumb Code    10  stm32f10x_usart.o(.text)
    USART_SendBreak                          0x080024b3   Thumb Code    10  stm32f10x_usart.o(.text)
    USART_SetGuardTime                       0x080024bd   Thumb Code    16  stm32f10x_usart.o(.text)
    USART_SetPrescaler                       0x080024cd   Thumb Code    16  stm32f10x_usart.o(.text)
    USART_SmartCardCmd                       0x080024dd   Thumb Code    24  stm32f10x_usart.o(.text)
    USART_SmartCardNACKCmd                   0x080024f5   Thumb Code    24  stm32f10x_usart.o(.text)
    USART_HalfDuplexCmd                      0x0800250d   Thumb Code    24  stm32f10x_usart.o(.text)
    USART_OverSampling8Cmd                   0x08002525   Thumb Code    22  stm32f10x_usart.o(.text)
    USART_OneBitMethodCmd                    0x0800253b   Thumb Code    24  stm32f10x_usart.o(.text)
    USART_IrDAConfig                         0x08002553   Thumb Code    18  stm32f10x_usart.o(.text)
    USART_IrDACmd                            0x08002565   Thumb Code    24  stm32f10x_usart.o(.text)
    USART_GetFlagStatus                      0x0800257d   Thumb Code    26  stm32f10x_usart.o(.text)
    USART_ClearFlag                          0x08002597   Thumb Code    18  stm32f10x_usart.o(.text)
    USART_GetITStatus                        0x080025a9   Thumb Code    84  stm32f10x_usart.o(.text)
    USART_ClearITPendingBit                  0x080025fd   Thumb Code    52  stm32f10x_usart.o(.text)
    at24c16_init                             0x08002631   Thumb Code    56  at24c16.o(.text)
    at24c16_start                            0x08002669   Thumb Code    42  at24c16.o(.text)
    at24c16_stop                             0x08002693   Thumb Code    34  at24c16.o(.text)
    write_1byte                              0x080026b5   Thumb Code   112  at24c16.o(.text)
    read_1byte                               0x08002725   Thumb Code   100  at24c16.o(.text)
    clock                                    0x08002789   Thumb Code    56  at24c16.o(.text)
    at24c16_write                            0x080027c1   Thumb Code    80  at24c16.o(.text)
    at24c16_read                             0x08002811   Thumb Code    70  at24c16.o(.text)
    eep_block_write                          0x08002857   Thumb Code    40  at24c16.o(.text)
    erase_eeprom                             0x0800287f   Thumb Code    30  at24c16.o(.text)
    Reset_W5500                              0x080028a1   Thumb Code    36  device.o(.text)
    reboot                                   0x080028c5   Thumb Code    12  device.o(.text)
    reboot_app                               0x080028d1   Thumb Code    40  device.o(.text)
    USART1_Init                              0x080028f9   Thumb Code    62  device.o(.text)
    set_network                              0x08002937   Thumb Code   146  device.o(.text)
    set_default                              0x080029c9   Thumb Code   122  device.o(.text)
    write_config_to_eeprom                   0x08002a43   Thumb Code    44  device.o(.text)
    get_config                               0x08002a6f   Thumb Code    94  device.o(.text)
    main                                     0x08002b49   Thumb Code    92  main.o(.text)
    GPIO_Configuration                       0x08002be5   Thumb Code   246  mcu_init.o(.text)
    RCC_Configuration                        0x08002cdb   Thumb Code   124  mcu_init.o(.text)
    NVIC_Configuration                       0x08002d57   Thumb Code   142  mcu_init.o(.text)
    Timer_Configuration                      0x08002de5   Thumb Code    64  mcu_init.o(.text)
    Timer2_ISR                               0x08002e25   Thumb Code   108  mcu_init.o(.text)
    inet_ntoa                                0x08002eb1   Thumb Code    40  sockutil.o(.text)
    inet_ntoa_pad                            0x08002ed9   Thumb Code    40  sockutil.o(.text)
    VerifyIPAddress_orig                     0x08002f01   Thumb Code   110  sockutil.o(.text)
    VerifyIPAddress                          0x08002f6f   Thumb Code   116  sockutil.o(.text)
    GetDestAddr                              0x08002fe3   Thumb Code    40  sockutil.o(.text)
    GetDestPort                              0x0800300b   Thumb Code    48  sockutil.o(.text)
    htons                                    0x0800303b   Thumb Code    12  sockutil.o(.text)
    htonl                                    0x08003047   Thumb Code    12  sockutil.o(.text)
    ntohs                                    0x08003053   Thumb Code    12  sockutil.o(.text)
    ntohl                                    0x0800305f   Thumb Code    12  sockutil.o(.text)
    CheckDestInLocal                         0x0800306b   Thumb Code    62  sockutil.o(.text)
    getSocket                                0x080030a9   Thumb Code    42  sockutil.o(.text)
    checksum                                 0x080030d3   Thumb Code    76  sockutil.o(.text)
    NMI_Handler                              0x0800314d   Thumb Code     2  stm32f10x_it.o(.text)
    HardFault_Handler                        0x0800314f   Thumb Code     4  stm32f10x_it.o(.text)
    MemManage_Handler                        0x08003153   Thumb Code     4  stm32f10x_it.o(.text)
    BusFault_Handler                         0x08003157   Thumb Code     4  stm32f10x_it.o(.text)
    UsageFault_Handler                       0x0800315b   Thumb Code     4  stm32f10x_it.o(.text)
    SVC_Handler                              0x0800315f   Thumb Code     2  stm32f10x_it.o(.text)
    DebugMon_Handler                         0x08003161   Thumb Code     2  stm32f10x_it.o(.text)
    PendSV_Handler                           0x08003163   Thumb Code     2  stm32f10x_it.o(.text)
    SysTick_Handler                          0x08003165   Thumb Code     2  stm32f10x_it.o(.text)
    TIM2_IRQHandler                          0x08003167   Thumb Code    16  stm32f10x_it.o(.text)
    TIM3_IRQHandler                          0x08003177   Thumb Code     2  stm32f10x_it.o(.text)
    USART1_IRQHandler                        0x08003179   Thumb Code   122  stm32f10x_it.o(.text)
    USART2_IRQHandler                        0x080031f3   Thumb Code     2  stm32f10x_it.o(.text)
    Systick_Init                             0x08003201   Thumb Code    56  util.o(.text)
    Delay_ms                                 0x08003239   Thumb Code    56  util.o(.text)
    Delay_s                                  0x08003271   Thumb Code    22  util.o(.text)
    Delay_us                                 0x08003287   Thumb Code    56  util.o(.text)
    fputc                                    0x080032bf   Thumb Code    46  util.o(.text)
    C2D                                      0x080032ed   Thumb Code    54  util.o(.text)
    ATOI                                     0x08003323   Thumb Code    32  util.o(.text)
    ATOI32                                   0x08003343   Thumb Code    32  util.o(.text)
    itoa                                     0x08003363   Thumb Code    64  util.o(.text)
    ValidATOI                                0x080033a3   Thumb Code    72  util.o(.text)
    replacetochar                            0x080033eb   Thumb Code    26  util.o(.text)
    swaps                                    0x08003405   Thumb Code    14  util.o(.text)
    swapl                                    0x08003413   Thumb Code    28  util.o(.text)
    mid                                      0x0800342f   Thumb Code    68  util.o(.text)
    inet_addr_                               0x08003473   Thumb Code    90  util.o(.text)
    reset_DHCP_time                          0x080034dd   Thumb Code    28  dhcp.o(.text)
    send_DHCP_DISCOVER                       0x080034f9   Thumb Code   686  dhcp.o(.text)
    send_DHCP_REQUEST                        0x080037a7   Thumb Code  1060  dhcp.o(.text)
    send_DHCP_RELEASE_DECLINE                0x08003bcb   Thumb Code   708  dhcp.o(.text)
    parseDHCPMSG                             0x08003e8f   Thumb Code  1526  dhcp.o(.text)
    check_DHCP_Timeout                       0x08004485   Thumb Code   134  dhcp.o(.text)
    check_leasedIP                           0x0800450b   Thumb Code   114  dhcp.o(.text)
    check_DHCP_state                         0x0800457d   Thumb Code   452  dhcp.o(.text)
    DHCP_timer_handler                       0x08004741   Thumb Code    36  dhcp.o(.text)
    init_dhcp_client                         0x08004765   Thumb Code   876  dhcp.o(.text)
    do_dhcp                                  0x08004ad1   Thumb Code    62  dhcp.o(.text)
    set_server_ip                            0x08004b87   Thumb Code     6  tftp.o(.text)
    get_server_ip                            0x08004b8d   Thumb Code     6  tftp.o(.text)
    set_server_port                          0x08004b93   Thumb Code     6  tftp.o(.text)
    get_server_port                          0x08004b99   Thumb Code     6  tftp.o(.text)
    set_local_port                           0x08004b9f   Thumb Code     6  tftp.o(.text)
    get_local_port                           0x08004ba5   Thumb Code     6  tftp.o(.text)
    genernate_port                           0x08004bab   Thumb Code     4  tftp.o(.text)
    set_tftp_state                           0x08004baf   Thumb Code     6  tftp.o(.text)
    get_tftp_state                           0x08004bb5   Thumb Code     6  tftp.o(.text)
    set_tftp_timeout                         0x08004bbb   Thumb Code     6  tftp.o(.text)
    get_tftp_timeout                         0x08004bc1   Thumb Code     6  tftp.o(.text)
    set_block_number                         0x08004bc7   Thumb Code     6  tftp.o(.text)
    get_block_number                         0x08004bcd   Thumb Code     6  tftp.o(.text)
    open_tftp_socket                         0x08004bd3   Thumb Code    56  tftp.o(.text)
    send_udp_packet                          0x08004c0b   Thumb Code    60  tftp.o(.text)
    recv_udp_packet                          0x08004c47   Thumb Code    78  tftp.o(.text)
    close_tftp_socket                        0x08004c95   Thumb Code    12  tftp.o(.text)
    init_tftp                                0x08004ca1   Thumb Code    56  tftp.o(.text)
    tftp_cancel_timeout                      0x08004cd9   Thumb Code    22  tftp.o(.text)
    tftp_reg_timeout                         0x08004cef   Thumb Code    24  tftp.o(.text)
    process_tftp_option                      0x08004d07   Thumb Code     2  tftp.o(.text)
    send_tftp_rrq                            0x08004d09   Thumb Code   198  tftp.o(.text)
    send_tftp_ack                            0x08004dcf   Thumb Code    64  tftp.o(.text)
    recv_tftp_rrq                            0x08004e0f   Thumb Code     2  tftp.o(.text)
    recv_tftp_wrq                            0x08004e11   Thumb Code     2  tftp.o(.text)
    save_data                                0x08004e13   Thumb Code   174  tftp.o(.text)
    recv_tftp_data                           0x08004ec1   Thumb Code   148  tftp.o(.text)
    recv_tftp_ack                            0x08004f55   Thumb Code   182  tftp.o(.text)
    recv_tftp_oack                           0x0800500b   Thumb Code    78  tftp.o(.text)
    recv_tftp_error                          0x08005059   Thumb Code    58  tftp.o(.text)
    recv_tftp_packet                         0x08005093   Thumb Code   172  tftp.o(.text)
    TFTP_init                                0x0800513f   Thumb Code    26  tftp.o(.text)
    TFTP_exit                                0x08005159   Thumb Code    30  tftp.o(.text)
    TFTP_run                                 0x08005177   Thumb Code   154  tftp.o(.text)
    TFTP_read_request                        0x08005211   Thumb Code    42  tftp.o(.text)
    tftp_timeout_handler                     0x0800523b   Thumb Code    18  tftp.o(.text)
    doTFTP                                   0x0800524d   Thumb Code   194  tftp.o(.text)
    close                                    0x08005491   Thumb Code    52  socket.o(.text)
    socket                                   0x080054c5   Thumb Code   192  socket.o(.text)
    listen                                   0x08005585   Thumb Code    62  socket.o(.text)
    connect                                  0x080055c3   Thumb Code   248  socket.o(.text)
    disconnect                               0x080056bb   Thumb Code    38  socket.o(.text)
    send                                     0x080056e1   Thumb Code   216  socket.o(.text)
    recv                                     0x080057b9   Thumb Code    66  socket.o(.text)
    sendto                                   0x080057fb   Thumb Code   268  socket.o(.text)
    recvfrom                                 0x08005907   Thumb Code   510  socket.o(.text)
    WIZ_SPI_Init                             0x08005b1d   Thumb Code    78  spi2.o(.text)
    WIZ_CS                                   0x08005b6b   Thumb Code    30  spi2.o(.text)
    SPI2_SendByte                            0x08005b89   Thumb Code    50  spi2.o(.text)
    getISR                                   0x08005bc5   Thumb Code     8  w5500.o(.text)
    putISR                                   0x08005bcd   Thumb Code     6  w5500.o(.text)
    getIINCHIP_RxMAX                         0x08005bd3   Thumb Code    10  w5500.o(.text)
    getIINCHIP_TxMAX                         0x08005bdd   Thumb Code    10  w5500.o(.text)
    IINCHIP_CSoff                            0x08005be7   Thumb Code    10  w5500.o(.text)
    IINCHIP_CSon                             0x08005bf1   Thumb Code    10  w5500.o(.text)
    IINCHIP_SpiSendData                      0x08005bfb   Thumb Code    12  w5500.o(.text)
    IINCHIP_WRITE                            0x08005c07   Thumb Code    50  w5500.o(.text)
    IINCHIP_READ                             0x08005c39   Thumb Code    50  w5500.o(.text)
    wiz_write_buf                            0x08005c6b   Thumb Code    80  w5500.o(.text)
    wiz_read_buf                             0x08005cbb   Thumb Code    78  w5500.o(.text)
    setMR                                    0x08005d09   Thumb Code    14  w5500.o(.text)
    iinchip_init                             0x08005d17   Thumb Code    10  w5500.o(.text)
    sysinit                                  0x08005d21   Thumb Code   302  w5500.o(.text)
    setGAR                                   0x08005e4f   Thumb Code    16  w5500.o(.text)
    getGWIP                                  0x08005e5f   Thumb Code    16  w5500.o(.text)
    setSUBR                                  0x08005e6f   Thumb Code    18  w5500.o(.text)
    setSHAR                                  0x08005e81   Thumb Code    18  w5500.o(.text)
    setSIPR                                  0x08005e93   Thumb Code    18  w5500.o(.text)
    getGAR                                   0x08005ea5   Thumb Code    16  w5500.o(.text)
    getSUBR                                  0x08005eb5   Thumb Code    18  w5500.o(.text)
    getSHAR                                  0x08005ec7   Thumb Code    18  w5500.o(.text)
    getSIPR                                  0x08005ed9   Thumb Code    18  w5500.o(.text)
    getIR                                    0x08005eeb   Thumb Code    12  w5500.o(.text)
    setRTR                                   0x08005ef7   Thumb Code    26  w5500.o(.text)
    setRCR                                   0x08005f11   Thumb Code    16  w5500.o(.text)
    clearIR                                  0x08005f21   Thumb Code    26  w5500.o(.text)
    setSn_MSS                                0x08005f3b   Thumb Code    36  w5500.o(.text)
    setSn_TTL                                0x08005f5f   Thumb Code    22  w5500.o(.text)
    getSn_IR                                 0x08005f75   Thumb Code    18  w5500.o(.text)
    getSn_SR                                 0x08005f87   Thumb Code    18  w5500.o(.text)
    getSn_TX_FSR                             0x08005f99   Thumb Code   124  w5500.o(.text)
    getSn_RX_RSR                             0x08006015   Thumb Code    84  w5500.o(.text)
    send_data_processing                     0x08006069   Thumb Code   116  w5500.o(.text)
    recv_data_processing                     0x080060dd   Thumb Code   116  w5500.o(.text)
    setSn_IR                                 0x08006151   Thumb Code    22  w5500.o(.text)
    __aeabi_memcpy                           0x080061a9   Thumb Code    36  memcpya.o(.text)
    __aeabi_memcpy4                          0x080061a9   Thumb Code     0  memcpya.o(.text)
    __aeabi_memcpy8                          0x080061a9   Thumb Code     0  memcpya.o(.text)
    __aeabi_memset                           0x080061cd   Thumb Code    14  memseta.o(.text)
    __aeabi_memset4                          0x080061cd   Thumb Code     0  memseta.o(.text)
    __aeabi_memset8                          0x080061cd   Thumb Code     0  memseta.o(.text)
    __aeabi_memclr                           0x080061db   Thumb Code     4  memseta.o(.text)
    __aeabi_memclr4                          0x080061db   Thumb Code     0  memseta.o(.text)
    __aeabi_memclr8                          0x080061db   Thumb Code     0  memseta.o(.text)
    _memset$wrapper                          0x080061df   Thumb Code    18  memseta.o(.text)
    strstr                                   0x080061f1   Thumb Code    36  strstr.o(.text)
    strncpy                                  0x08006215   Thumb Code    24  strncpy.o(.text)
    strlen                                   0x0800622d   Thumb Code    14  strlen.o(.text)
    memcmp                                   0x0800623b   Thumb Code    26  memcmp.o(.text)
    strcpy                                   0x08006255   Thumb Code    18  strcpy.o(.text)
    strtok                                   0x08006269   Thumb Code    62  strtok.o(.text)
    __aeabi_uidiv                            0x080062ad   Thumb Code     0  uidiv.o(.text)
    __aeabi_uidivmod                         0x080062ad   Thumb Code    44  uidiv.o(.text)
    __aeabi_uldivmod                         0x080062d9   Thumb Code    98  uldiv.o(.text)
    __I$use$fp                               0x0800633b   Thumb Code     0  iusefp.o(.text)
    __aeabi_dadd                             0x0800633b   Thumb Code   322  dadd.o(.text)
    __aeabi_dsub                             0x0800647d   Thumb Code     6  dadd.o(.text)
    __aeabi_drsub                            0x08006483   Thumb Code     6  dadd.o(.text)
    __aeabi_dmul                             0x08006489   Thumb Code   228  dmul.o(.text)
    __aeabi_ddiv                             0x0800656d   Thumb Code   222  ddiv.o(.text)
    __aeabi_d2ulz                            0x0800664b   Thumb Code    48  dfixul.o(.text)
    __aeabi_cdrcmple                         0x0800667d   Thumb Code    48  cdrcmple.o(.text)
    __scatterload                            0x080066ad   Thumb Code    28  init.o(.text)
    __scatterload_rt2                        0x080066ad   Thumb Code     0  init.o(.text)
    __aeabi_llsl                             0x080066d1   Thumb Code    30  llshl.o(.text)
    _ll_shift_l                              0x080066d1   Thumb Code     0  llshl.o(.text)
    __aeabi_llsr                             0x080066ef   Thumb Code    32  llushr.o(.text)
    _ll_ushift_r                             0x080066ef   Thumb Code     0  llushr.o(.text)
    __aeabi_lasr                             0x0800670f   Thumb Code    36  llsshr.o(.text)
    _ll_sshift_r                             0x0800670f   Thumb Code     0  llsshr.o(.text)
    _double_round                            0x08006733   Thumb Code    30  depilogue.o(.text)
    _double_epilogue                         0x08006751   Thumb Code   156  depilogue.o(.text)
    __0printf                                0x080067ed   Thumb Code    22  printfa.o(i.__0printf)
    __1printf                                0x080067ed   Thumb Code     0  printfa.o(i.__0printf)
    __2printf$full                           0x080067ed   Thumb Code     0  printfa.o(i.__0printf)
    __c89printf                              0x080067ed   Thumb Code     0  printfa.o(i.__0printf)
    printf                                   0x080067ed   Thumb Code     0  printfa.o(i.__0printf)
    __0printf$8                              0x0800680d   Thumb Code    22  printf8.o(i.__0printf$8)
    __1printf$8                              0x0800680d   Thumb Code     0  printf8.o(i.__0printf$8)
    __2printf                                0x0800680d   Thumb Code     0  printf8.o(i.__0printf$8)
    __0sprintf$8                             0x0800682d   Thumb Code    34  printf8.o(i.__0sprintf$8)
    __1sprintf$8                             0x0800682d   Thumb Code     0  printf8.o(i.__0sprintf$8)
    __2sprintf                               0x0800682d   Thumb Code     0  printf8.o(i.__0sprintf$8)
    __scatterload_copy                       0x08006855   Thumb Code    14  handlers.o(i.__scatterload_copy)
    __scatterload_null                       0x08006863   Thumb Code     2  handlers.o(i.__scatterload_null)
    __scatterload_zeroinit                   0x08006865   Thumb Code    14  handlers.o(i.__scatterload_zeroinit)
    Region$$Table$$Base                      0x080075c0   Number         0  anon$$obj.o(Region$$Table)
    Region$$Table$$Limit                     0x080075e0   Number         0  anon$$obj.o(Region$$Table)
    SystemCoreClock                          0x20000000   Data           4  system_stm32f10x.o(.data)
    AHBPrescTable                            0x20000004   Data          16  system_stm32f10x.o(.data)
    txsize                                   0x20000028   Data           8  device.o(.data)
    rxsize                                   0x20000030   Data           8  device.o(.data)
    remote_ip                                0x20000038   Data           4  device.o(.data)
    remote_port                              0x2000003c   Data           2  device.o(.data)
    isGetIP                                  0x20000040   Data           1  main.o(.data)
    tftp_server                              0x20000044   Data           4  main.o(.data)
    filename_flag                            0x20000048   Data           1  main.o(.data)
    ms                                       0x2000004c   Data           4  mcu_init.o(.data)
    sec                                      0x20000050   Data           1  mcu_init.o(.data)
    min                                      0x20000051   Data           1  mcu_init.o(.data)
    hour                                     0x20000052   Data           1  mcu_init.o(.data)
    USART_RX_STA                             0x20000054   Data           2  stm32f10x_it.o(.data)
    SRC_MAC_ADDR                             0x2000005c   Data           4  dhcp.o(.data)
    GET_SN_MASK                              0x20000060   Data           4  dhcp.o(.data)
    GET_GW_IP                                0x20000064   Data           4  dhcp.o(.data)
    GET_DNS_IP                               0x20000068   Data           4  dhcp.o(.data)
    DHCP_HOST_NAME                           0x2000006c   Data           4  dhcp.o(.data)
    GET_SIP                                  0x20000070   Data           4  dhcp.o(.data)
    DHCP_SIP                                 0x20000074   Data           4  dhcp.o(.data)
    DHCP_REAL_SIP                            0x20000078   Data           4  dhcp.o(.data)
    OLD_SIP                                  0x2000007c   Data           4  dhcp.o(.data)
    dhcp_state                               0x20000080   Data           1  dhcp.o(.data)
    dhcp_retry_count                         0x20000081   Data           1  dhcp.o(.data)
    DHCP_timeout                             0x20000082   Data           1  dhcp.o(.data)
    dhcp_lease_time                          0x20000084   Data           4  dhcp.o(.data)
    dhcp_time                                0x20000088   Data           4  dhcp.o(.data)
    next_dhcp_time                           0x2000008c   Data           4  dhcp.o(.data)
    dhcp_tick_cnt                            0x20000090   Data           4  dhcp.o(.data)
    DHCP_timer                               0x20000094   Data           1  dhcp.o(.data)
    DHCP_XID                                 0x20000098   Data           4  dhcp.o(.data)
    pRIPMSG                                  0x2000009c   Data           4  dhcp.o(.data)
    total_len                                0x200000d0   Data           2  tftp.o(.data)
    g_progress_state                         0x200000d2   Data           1  tftp.o(.data)
    __stdout                                 0x200000ec   Data           4  stdout.o(.data)
    ConfigMsg                                0x200000f0   Data          55  device.o(.bss)
    RecvMsg                                  0x20000127   Data          55  device.o(.bss)
    pub_buf                                  0x2000015e   Data        1460  device.o(.bss)
    buffer                                   0x20000712   Data        2048  main.o(.bss)
    tftp                                     0x20000f12   Data          24  main.o(.bss)
    g_socket_rcv_buf                         0x20000f2a   Data        1514  main.o(.bss)
    Buffer                                   0x20001514   Data        1024  main.o(.bss)
    USART_RX_BUF                             0x20001944   Data         200  stm32f10x_it.o(.bss)
    EXTERN_DHCPBUF                           0x20001a0c   Data        1024  dhcp.o(.bss)
    __initial_sp                             0x20002240   Data           0  startup_stm32f10x_hd.o(STACK)



==============================================================================

Memory Map of the image

  Image Entry point : 0x08000131

  Load Region LR_IROM1 (Base: 0x08000000, Size: 0x000076d0, Max: 0x00040000, ABSOLUTE)

    Execution Region ER_IROM1 (Base: 0x08000000, Size: 0x000075e0, Max: 0x00040000, ABSOLUTE)

    Base Addr    Size         Type   Attr      Idx    E Section Name        Object

    0x08000000   0x00000130   Data   RO            3    RESET               startup_stm32f10x_hd.o
    0x08000130   0x00000000   Code   RO          579  * .ARM.Collect$$$$00000000  mc_w.l(entry.o)
    0x08000130   0x00000004   Code   RO          865    .ARM.Collect$$$$00000001  mc_w.l(entry2.o)
    0x08000134   0x00000004   Code   RO          868    .ARM.Collect$$$$00000004  mc_w.l(entry5.o)
    0x08000138   0x00000000   Code   RO          870    .ARM.Collect$$$$00000008  mc_w.l(entry7b.o)
    0x08000138   0x00000000   Code   RO          872    .ARM.Collect$$$$0000000A  mc_w.l(entry8b.o)
    0x08000138   0x00000008   Code   RO          873    .ARM.Collect$$$$0000000B  mc_w.l(entry9a.o)
    0x08000140   0x00000000   Code   RO          875    .ARM.Collect$$$$0000000D  mc_w.l(entry10a.o)
    0x08000140   0x00000000   Code   RO          877    .ARM.Collect$$$$0000000F  mc_w.l(entry11a.o)
    0x08000140   0x00000004   Code   RO          866    .ARM.Collect$$$$00002712  mc_w.l(entry2.o)
    0x08000144   0x00000020   Code   RO           10    .emb_text           core_cm3.o
    0x08000164   0x00000024   Code   RO            4    .text               startup_stm32f10x_hd.o
    0x08000188   0x000001e0   Code   RO           24    .text               system_stm32f10x.o
    0x08000368   0x000000dc   Code   RO           91    .text               misc.o
    0x08000444   0x000005bc   Code   RO          131    .text               stm32f10x_flash.o
    0x08000a00   0x0000035c   Code   RO          143    .text               stm32f10x_gpio.o
    0x08000d5c   0x000003a4   Code   RO          155    .text               stm32f10x_rcc.o
    0x08001100   0x0000030c   Code   RO          169    .text               stm32f10x_spi.o
    0x0800140c   0x00000e1a   Code   RO          181    .text               stm32f10x_tim.o
    0x08002226   0x00000002   PAD
    0x08002228   0x00000408   Code   RO          193    .text               stm32f10x_usart.o
    0x08002630   0x00000270   Code   RO          205    .text               at24c16.o
    0x080028a0   0x000002a8   Code   RO          231    .text               device.o
    0x08002b48   0x0000009c   Code   RO          270    .text               main.o
    0x08002be4   0x000002cc   Code   RO          317    .text               mcu_init.o
    0x08002eb0   0x0000029c   Code   RO          333    .text               sockutil.o
    0x0800314c   0x000000b4   Code   RO          362    .text               stm32f10x_it.o
    0x08003200   0x000002dc   Code   RO          381    .text               util.o
    0x080034dc   0x00001698   Code   RO          402    .text               dhcp.o
    0x08004b74   0x0000091c   Code   RO          446    .text               tftp.o
    0x08005490   0x0000068c   Code   RO          528    .text               socket.o
    0x08005b1c   0x000000a8   Code   RO          546    .text               spi2.o
    0x08005bc4   0x000005e4   Code   RO          561    .text               w5500.o
    0x080061a8   0x00000024   Code   RO          582    .text               mc_w.l(memcpya.o)
    0x080061cc   0x00000024   Code   RO          584    .text               mc_w.l(memseta.o)
    0x080061f0   0x00000024   Code   RO          586    .text               mc_w.l(strstr.o)
    0x08006214   0x00000018   Code   RO          588    .text               mc_w.l(strncpy.o)
    0x0800622c   0x0000000e   Code   RO          590    .text               mc_w.l(strlen.o)
    0x0800623a   0x0000001a   Code   RO          592    .text               mc_w.l(memcmp.o)
    0x08006254   0x00000012   Code   RO          594    .text               mc_w.l(strcpy.o)
    0x08006266   0x00000002   PAD
    0x08006268   0x00000044   Code   RO          596    .text               mc_w.l(strtok.o)
    0x080062ac   0x0000002c   Code   RO          880    .text               mc_w.l(uidiv.o)
    0x080062d8   0x00000062   Code   RO          882    .text               mc_w.l(uldiv.o)
    0x0800633a   0x00000000   Code   RO          884    .text               mc_w.l(iusefp.o)
    0x0800633a   0x0000014e   Code   RO          885    .text               mf_w.l(dadd.o)
    0x08006488   0x000000e4   Code   RO          887    .text               mf_w.l(dmul.o)
    0x0800656c   0x000000de   Code   RO          889    .text               mf_w.l(ddiv.o)
    0x0800664a   0x00000030   Code   RO          891    .text               mf_w.l(dfixul.o)
    0x0800667a   0x00000002   PAD
    0x0800667c   0x00000030   Code   RO          893    .text               mf_w.l(cdrcmple.o)
    0x080066ac   0x00000024   Code   RO          895    .text               mc_w.l(init.o)
    0x080066d0   0x0000001e   Code   RO          897    .text               mc_w.l(llshl.o)
    0x080066ee   0x00000020   Code   RO          899    .text               mc_w.l(llushr.o)
    0x0800670e   0x00000024   Code   RO          901    .text               mc_w.l(llsshr.o)
    0x08006732   0x000000ba   Code   RO          903    .text               mf_w.l(depilogue.o)
    0x080067ec   0x00000020   Code   RO          837    i.__0printf         mc_w.l(printfa.o)
    0x0800680c   0x00000020   Code   RO          811    i.__0printf$8       mc_w.l(printf8.o)
    0x0800682c   0x00000028   Code   RO          813    i.__0sprintf$8      mc_w.l(printf8.o)
    0x08006854   0x0000000e   Code   RO          907    i.__scatterload_copy  mc_w.l(handlers.o)
    0x08006862   0x00000002   Code   RO          908    i.__scatterload_null  mc_w.l(handlers.o)
    0x08006864   0x0000000e   Code   RO          909    i.__scatterload_zeroinit  mc_w.l(handlers.o)
    0x08006872   0x00000002   PAD
    0x08006874   0x00000164   Code   RO          844    i._fp_digits        mc_w.l(printfa.o)
    0x080069d8   0x00000410   Code   RO          818    i._printf_core      mc_w.l(printf8.o)
    0x08006de8   0x000006dc   Code   RO          845    i._printf_core      mc_w.l(printfa.o)
    0x080074c4   0x00000024   Code   RO          819    i._printf_post_padding  mc_w.l(printf8.o)
    0x080074e8   0x00000024   Code   RO          846    i._printf_post_padding  mc_w.l(printfa.o)
    0x0800750c   0x0000002e   Code   RO          820    i._printf_pre_padding  mc_w.l(printf8.o)
    0x0800753a   0x0000002e   Code   RO          847    i._printf_pre_padding  mc_w.l(printfa.o)
    0x08007568   0x0000000a   Code   RO          822    i._sputc            mc_w.l(printf8.o)
    0x08007572   0x00000044   Data   RO          448    .constdata          tftp.o
    0x080075b6   0x00000002   PAD
    0x080075b8   0x00000005   Data   RO          404    .conststring        dhcp.o
    0x080075bd   0x00000003   PAD
    0x080075c0   0x00000020   Data   RO          905    Region$$Table       anon$$obj.o


    Execution Region RW_IRAM1 (Base: 0x20000000, Size: 0x00002240, Max: 0x0000c000, ABSOLUTE)

    Base Addr    Size         Type   Attr      Idx    E Section Name        Object

    0x20000000   0x00000014   Data   RW           25    .data               system_stm32f10x.o
    0x20000014   0x00000014   Data   RW          156    .data               stm32f10x_rcc.o
    0x20000028   0x00000016   Data   RW          233    .data               device.o
    0x2000003e   0x00000002   PAD
    0x20000040   0x00000009   Data   RW          272    .data               main.o
    0x20000049   0x00000003   PAD
    0x2000004c   0x00000007   Data   RW          318    .data               mcu_init.o
    0x20000053   0x00000001   PAD
    0x20000054   0x00000002   Data   RW          364    .data               stm32f10x_it.o
    0x20000056   0x00000004   Data   RW          382    .data               util.o
    0x2000005a   0x00000002   PAD
    0x2000005c   0x00000044   Data   RW          405    .data               dhcp.o
    0x200000a0   0x0000003c   Data   RW          449    .data               tftp.o
    0x200000dc   0x00000002   Data   RW          529    .data               socket.o
    0x200000de   0x00000008   Data   RW          563    .data               w5500.o
    0x200000e6   0x00000002   PAD
    0x200000e8   0x00000004   Data   RW          597    .data               mc_w.l(strtok.o)
    0x200000ec   0x00000004   Data   RW          879    .data               mc_w.l(stdout.o)
    0x200000f0   0x00000622   Zero   RW          232    .bss                device.o
    0x20000712   0x00001202   Zero   RW          271    .bss                main.o
    0x20001914   0x00000030   Zero   RW          334    .bss                sockutil.o
    0x20001944   0x000000c8   Zero   RW          363    .bss                stm32f10x_it.o
    0x20001a0c   0x00000400   Zero   RW          403    .bss                dhcp.o
    0x20001e0c   0x00000014   Zero   RW          447    .bss                tftp.o
    0x20001e20   0x00000020   Zero   RW          562    .bss                w5500.o
    0x20001e40   0x00000400   Zero   RW            1    STACK               startup_stm32f10x_hd.o


==============================================================================

Image component sizes


      Code (inc. data)   RO Data    RW Data    ZI Data      Debug   Object Name

       624          4          0          0          0       3919   at24c16.o
        32          0          0          0          0       5076   core_cm3.o
       680        124          0         22       1570       5777   device.o
      5784       1628          5         68       1024       9652   dhcp.o
       156         64          0          9       4610       4067   main.o
       716         32          0          7          0       1827   mcu_init.o
       220         22          0          0          0       1853   misc.o
      1676         48          0          2          0       4526   socket.o
       668         46          0          0         48       5523   sockutil.o
       168         10          0          0          0        940   spi2.o
        36          8        304          0       1024        876   startup_stm32f10x_hd.o
      1468         34          0          0          0       8254   stm32f10x_flash.o
       860         38          0          0          0       5781   stm32f10x_gpio.o
       180         12          0          2        200       2470   stm32f10x_it.o
       932         36          0         20          0       8976   stm32f10x_rcc.o
       780         14          0          0          0       6666   stm32f10x_spi.o
      3610         88          0          0          0      22892   stm32f10x_tim.o
      1032         22          0          0          0       8508   stm32f10x_usart.o
       480         38          0         20          0     263775   system_stm32f10x.o
      2332        546         68         60         20      12322   tftp.o
       732         16          0          4          0       6747   util.o
      1508        104          0          8         32       8423   w5500.o

    ----------------------------------------------------------------------
     24676       2934        414        232       8528     398850   Object Totals
         0          0         32          0          0          0   (incl. Generated)
         2          0          5         10          0          0   (incl. Padding)

    ----------------------------------------------------------------------

      Code (inc. data)   RO Data    RW Data    ZI Data      Debug   Library Member Name

         0          0          0          0          0          0   entry.o
         0          0          0          0          0          0   entry10a.o
         0          0          0          0          0          0   entry11a.o
         8          4          0          0          0          0   entry2.o
         4          0          0          0          0          0   entry5.o
         0          0          0          0          0          0   entry7b.o
         0          0          0          0          0          0   entry8b.o
         8          4          0          0          0          0   entry9a.o
        30          0          0          0          0          0   handlers.o
        36          8          0          0          0         68   init.o
         0          0          0          0          0          0   iusefp.o
        30          0          0          0          0         68   llshl.o
        36          0          0          0          0         68   llsshr.o
        32          0          0          0          0         68   llushr.o
        26          0          0          0          0         80   memcmp.o
        36          0          0          0          0         68   memcpya.o
        36          0          0          0          0        108   memseta.o
      1204         60          0          0          0        504   printf8.o
      2226         90          0          0          0        444   printfa.o
         0          0          0          4          0          0   stdout.o
        18          0          0          0          0         68   strcpy.o
        14          0          0          0          0         68   strlen.o
        24          0          0          0          0         76   strncpy.o
        36          0          0          0          0         80   strstr.o
        68          6          0          4          0         80   strtok.o
        44          0          0          0          0         80   uidiv.o
        98          0          0          0          0         92   uldiv.o
        48          0          0          0          0         68   cdrcmple.o
       334          0          0          0          0        148   dadd.o
       222          0          0          0          0        100   ddiv.o
       186          0          0          0          0        176   depilogue.o
        48          0          0          0          0         68   dfixul.o
       228          0          0          0          0         96   dmul.o

    ----------------------------------------------------------------------
      5086        172          0          8          0       2676   Library Totals
         6          0          0          0          0          0   (incl. Padding)

    ----------------------------------------------------------------------

      Code (inc. data)   RO Data    RW Data    ZI Data      Debug   Library Name

      4014        172          0          8          0       2020   mc_w.l
      1066          0          0          0          0        656   mf_w.l

    ----------------------------------------------------------------------
      5086        172          0          8          0       2676   Library Totals

    ----------------------------------------------------------------------

==============================================================================


      Code (inc. data)   RO Data    RW Data    ZI Data      Debug   

     29762       3106        414        240       8528     397986   Grand Totals
     29762       3106        414        240       8528     397986   ELF Image Totals
     29762       3106        414        240          0          0   ROM Totals

==============================================================================

    Total RO  Size (Code + RO Data)                30176 (  29.47kB)
    Total RW  Size (RW Data + ZI Data)              8768 (   8.56kB)
    Total ROM Size (Code + RO Data + RW Data)      30416 (  29.70kB)

==============================================================================

