Component: ARM Compiler 5.06 update 1 (build 61) Tool: armlink [4d35a8]

==============================================================================

Section Cross References

    f103_pwm.o(i._ZN3PWM7CalcuteEt) refers to f103_pwm.o(i._ZN3PWM8Calcute2Ejjjb) for PWM::Calcute2(unsigned, unsigned, unsigned, bool)
    f103_pwm.o(i._ZN3PWM7GetDutyEPc) refers to fflt_clz.o(x$fpl$ffltu) for __aeabi_ui2f
    f103_pwm.o(i._ZN3PWM7GetDutyEPc) refers to fdiv.o(x$fpl$fdiv) for __aeabi_fdiv
    f103_pwm.o(i._ZN3PWM7GetDutyEPc) refers to fmul.o(x$fpl$fmul) for __aeabi_fmul
    f103_pwm.o(i._ZN3PWM7GetDutyEPc) refers to ffixu.o(x$fpl$ffixu) for __aeabi_f2uiz
    f103_pwm.o(i._ZN3PWM7GetDutyEhRc) refers to fflt_clz.o(x$fpl$ffltu) for __aeabi_ui2f
    f103_pwm.o(i._ZN3PWM7GetDutyEhRc) refers to fdiv.o(x$fpl$fdiv) for __aeabi_fdiv
    f103_pwm.o(i._ZN3PWM7GetDutyEhRc) refers to fmul.o(x$fpl$fmul) for __aeabi_fmul
    f103_pwm.o(i._ZN3PWM7GetDutyEhRc) refers to ffixu.o(x$fpl$ffixu) for __aeabi_f2uiz
    f103_pwm.o(i._ZN3PWM7PWMInitEP11TIM_TypeDefbbbbtb) refers to stm32f10x_rcc.o(i.RCC_APB2PeriphClockCmd) for RCC_APB2PeriphClockCmd
    f103_pwm.o(i._ZN3PWM7PWMInitEP11TIM_TypeDefbbbbtb) refers to stm32f10x_rcc.o(i.RCC_APB1PeriphClockCmd) for RCC_APB1PeriphClockCmd
    f103_pwm.o(i._ZN3PWM7PWMInitEP11TIM_TypeDefbbbbtb) refers to stm32f10x_gpio.o(i.GPIO_Init) for GPIO_Init
    f103_pwm.o(i._ZN3PWM7PWMInitEP11TIM_TypeDefbbbbtb) refers to stm32f10x_tim.o(i.TIM_TimeBaseInit) for TIM_TimeBaseInit
    f103_pwm.o(i._ZN3PWM7PWMInitEP11TIM_TypeDefbbbbtb) refers to stm32f10x_tim.o(i.TIM_OC1Init) for TIM_OC1Init
    f103_pwm.o(i._ZN3PWM7PWMInitEP11TIM_TypeDefbbbbtb) refers to stm32f10x_tim.o(i.TIM_OC1PreloadConfig) for TIM_OC1PreloadConfig
    f103_pwm.o(i._ZN3PWM7PWMInitEP11TIM_TypeDefbbbbtb) refers to stm32f10x_tim.o(i.TIM_OC2Init) for TIM_OC2Init
    f103_pwm.o(i._ZN3PWM7PWMInitEP11TIM_TypeDefbbbbtb) refers to stm32f10x_tim.o(i.TIM_OC2PreloadConfig) for TIM_OC2PreloadConfig
    f103_pwm.o(i._ZN3PWM7PWMInitEP11TIM_TypeDefbbbbtb) refers to stm32f10x_tim.o(i.TIM_OC3Init) for TIM_OC3Init
    f103_pwm.o(i._ZN3PWM7PWMInitEP11TIM_TypeDefbbbbtb) refers to stm32f10x_tim.o(i.TIM_OC3PreloadConfig) for TIM_OC3PreloadConfig
    f103_pwm.o(i._ZN3PWM7PWMInitEP11TIM_TypeDefbbbbtb) refers to stm32f10x_tim.o(i.TIM_OC4Init) for TIM_OC4Init
    f103_pwm.o(i._ZN3PWM7PWMInitEP11TIM_TypeDefbbbbtb) refers to stm32f10x_tim.o(i.TIM_OC4PreloadConfig) for TIM_OC4PreloadConfig
    f103_pwm.o(i._ZN3PWM7PWMInitEP11TIM_TypeDefbbbbtb) refers to stm32f10x_tim.o(i.TIM_Cmd) for TIM_Cmd
    f103_pwm.o(i._ZN3PWM7SetDutyEccccb) refers to fflt_clz.o(x$fpl$ffltu) for __aeabi_ui2f
    f103_pwm.o(i._ZN3PWM7SetDutyEccccb) refers to fdiv.o(x$fpl$fdiv) for __aeabi_fdiv
    f103_pwm.o(i._ZN3PWM7SetDutyEccccb) refers to fmul.o(x$fpl$fmul) for __aeabi_fmul
    f103_pwm.o(i._ZN3PWM7SetDutyEccccb) refers to ffixu.o(x$fpl$ffixu) for __aeabi_f2uiz
    f103_pwm.o(i._ZN3PWM7SetDutyEccccb) refers to usart.o(i._ZN5USARTlsEi) for USART::operator <<(int)
    f103_pwm.o(i._ZN3PWM7SetDutyEccccb) refers to usart.o(i._ZN5USARTlsEPKc) for USART::operator <<(const char*)
    f103_pwm.o(i._ZN3PWM7SetDutyEccccb) refers to hardware.o(.bss) for com1
    f103_pwm.o(i._ZN3PWM7SetDutyEffffb) refers to faddsub_clz.o(x$fpl$fsub) for __aeabi_fsub
    f103_pwm.o(i._ZN3PWM7SetDutyEffffb) refers to fflt_clz.o(x$fpl$ffltu) for __aeabi_ui2f
    f103_pwm.o(i._ZN3PWM7SetDutyEffffb) refers to fdiv.o(x$fpl$fdiv) for __aeabi_fdiv
    f103_pwm.o(i._ZN3PWM7SetDutyEffffb) refers to fmul.o(x$fpl$fmul) for __aeabi_fmul
    f103_pwm.o(i._ZN3PWM7SetDutyEffffb) refers to ffixu.o(x$fpl$ffixu) for __aeabi_f2uiz
    f103_pwm.o(i._ZN3PWM7SetDutyEhcb) refers to fflt_clz.o(x$fpl$ffltu) for __aeabi_ui2f
    f103_pwm.o(i._ZN3PWM7SetDutyEhcb) refers to fdiv.o(x$fpl$fdiv) for __aeabi_fdiv
    f103_pwm.o(i._ZN3PWM7SetDutyEhcb) refers to fmul.o(x$fpl$fmul) for __aeabi_fmul
    f103_pwm.o(i._ZN3PWM7SetDutyEhcb) refers to ffixu.o(x$fpl$ffixu) for __aeabi_f2uiz
    f103_pwm.o(i._ZN3PWM7SetDutyEhfb) refers to faddsub_clz.o(x$fpl$fsub) for __aeabi_fsub
    f103_pwm.o(i._ZN3PWM7SetDutyEhfb) refers to fflt_clz.o(x$fpl$ffltu) for __aeabi_ui2f
    f103_pwm.o(i._ZN3PWM7SetDutyEhfb) refers to fdiv.o(x$fpl$fdiv) for __aeabi_fdiv
    f103_pwm.o(i._ZN3PWM7SetDutyEhfb) refers to fmul.o(x$fpl$fmul) for __aeabi_fmul
    f103_pwm.o(i._ZN3PWM7SetDutyEhfb) refers to ffixu.o(x$fpl$ffixu) for __aeabi_f2uiz
    f103_pwm.o(.ARM.exidx) refers to f103_pwm.o(i._ZN3PWM7PWMInitEP11TIM_TypeDefbbbbtb) for i._ZN3PWM7PWMInitEP11TIM_TypeDefbbbbtb
    f103_pwm.o(.ARM.exidx) refers to f103_pwm.o(i._ZN3PWM8Calcute2Ejjjb) for i._ZN3PWM8Calcute2Ejjjb
    f103_pwm.o(.ARM.exidx) refers to f103_pwm.o(i._ZN3PWM7CalcuteEt) for i._ZN3PWM7CalcuteEt
    f103_pwm.o(.ARM.exidx) refers to f103_pwm.o(i._ZN3PWM7SetDutyEhfb) for i._ZN3PWM7SetDutyEhfb
    f103_pwm.o(.ARM.exidx) refers to f103_pwm.o(i._ZN3PWM7SetDutyEhcb) for i._ZN3PWM7SetDutyEhcb
[...]
    SetSysClockTo72                          0x08000db1   Thumb Code   214  system_stm32f10x.o(i.SetSysClockTo72)
    i.SysTick_Handler                        0x08000e90   Section        0  taskmanager.o(i.SysTick_Handler)
    i.SystemInit                             0x08000eb0   Section        0  system_stm32f10x.o(i.SystemInit)
    i.TIM_Cmd                                0x08000f10   Section        0  stm32f10x_tim.o(i.TIM_Cmd)
    i.TIM_OC1Init                            0x08000f28   Section        0  stm32f10x_tim.o(i.TIM_OC1Init)
    i.TIM_OC1PreloadConfig                   0x08000fc0   Section        0  stm32f10x_tim.o(i.TIM_OC1PreloadConfig)
    i.TIM_OC2Init                            0x08000fd4   Section        0  stm32f10x_tim.o(i.TIM_OC2Init)
    i.TIM_OC2PreloadConfig                   0x08001078   Section        0  stm32f10x_tim.o(i.TIM_OC2PreloadConfig)
    i.TIM_OC3Init                            0x08001094   Section        0  stm32f10x_tim.o(i.TIM_OC3Init)
    i.TIM_OC3PreloadConfig                   0x08001134   Section        0  stm32f10x_tim.o(i.TIM_OC3PreloadConfig)
    i.TIM_OC4Init                            0x08001148   Section        0  stm32f10x_tim.o(i.TIM_OC4Init)
    i.TIM_OC4PreloadConfig                   0x080011c4   Section        0  stm32f10x_tim.o(i.TIM_OC4PreloadConfig)
    i.TIM_TimeBaseInit                       0x080011e0   Section        0  stm32f10x_tim.o(i.TIM_TimeBaseInit)
    i.USART1_IRQHandler                      0x08001284   Section        0  interrupt.o(i.USART1_IRQHandler)
    i.USART2_IRQHandler                      0x0800129c   Section        0  interrupt.o(i.USART2_IRQHandler)
    i.USART3_IRQHandler                      0x080012b4   Section        0  interrupt.o(i.USART3_IRQHandler)
    i.USART_ClearITPendingBit                0x080012cc   Section        0  stm32f10x_usart.o(i.USART_ClearITPendingBit)
    i.USART_Cmd                              0x080012ea   Section        0  stm32f10x_usart.o(i.USART_Cmd)
    i.USART_DMACmd                           0x08001302   Section        0  stm32f10x_usart.o(i.USART_DMACmd)
    i.USART_GetFlagStatus                    0x08001314   Section        0  stm32f10x_usart.o(i.USART_GetFlagStatus)
    i.USART_GetITStatus                      0x0800132e   Section        0  stm32f10x_usart.o(i.USART_GetITStatus)
    i.USART_ITConfig                         0x08001382   Section        0  stm32f10x_usart.o(i.USART_ITConfig)
    i.USART_Init                             0x080013cc   Section        0  stm32f10x_usart.o(i.USART_Init)
    i.USART_ReceiveData                      0x080014a4   Section        0  stm32f10x_usart.o(i.USART_ReceiveData)
    i.USART_SendData                         0x080014ae   Section        0  stm32f10x_usart.o(i.USART_SendData)
    i._Z14CRC16CalculatePKht                 0x080014b6   Section        0  crc_1.o(i._Z14CRC16CalculatePKht)
    i._ZN11TaskManager4TimeEv                0x0800153c   Section        0  taskmanager.o(i._ZN11TaskManager4TimeEv)
    i._ZN11TaskManager6DelaySEt              0x080015cc   Section        0  taskmanager.o(i._ZN11TaskManager6DelaySEt)
    i._ZN11TaskManager7DelayMsEt             0x08001604   Section        0  taskmanager.o(i._ZN11TaskManager7DelayMsEt)
    i._ZN11TaskManagerC1Ev                   0x08001648   Section        0  taskmanager.o(i._ZN11TaskManagerC1Ev)
    i._ZN14Socket_esp826610SetTimeOutEf      0x0800166c   Section        0  socket_esp8266_1.o(i._ZN14Socket_esp826610SetTimeOutEf)
    i._ZN14Socket_esp82664ReadEPc            0x08001670   Section        0  socket_esp8266_1.o(i._ZN14Socket_esp82664ReadEPc)
    i._ZN14Socket_esp82665WriteEPcj          0x080017f8   Section        0  socket_esp8266_1.o(i._ZN14Socket_esp82665WriteEPcj)
    i._ZN14Socket_esp82666SetMUXEb           0x08001812   Section        0  socket_esp8266_1.o(i._ZN14Socket_esp82666SetMUXEb)
    i._ZN14Socket_esp82667ConnectEPcs11Socket_Type15Socket_Protocol 0x08001828   Section        0  socket_esp8266_1.o(i._ZN14Socket_esp82667ConnectEPcs11Socket_Type15Socket_Protocol)
    i._ZN14Socket_esp8266C1ER5USART          0x08001864   Section        0  socket_esp8266_1.o(i._ZN14Socket_esp8266C1ER5USART)
    i._ZN3App13CheckHardwareEv               0x080018a4   Section        0  app.o(i._ZN3App13CheckHardwareEv)
    i._ZN3App14ReceiveAndDealEv              0x080018ac   Section        0  app.o(i._ZN3App14ReceiveAndDealEv)
    i._ZN3App21SendKeepAliveToServerEv       0x080019fc   Section        0  app.o(i._ZN3App21SendKeepAliveToServerEv)
    i._ZN3App21SendMotorInfoToServerEv       0x08001a54   Section        0  app.o(i._ZN3App21SendMotorInfoToServerEv)
    i._ZN3App23LittleEndianToBigEndianEPcs   0x08001aec   Section        0  app.o(i._ZN3App23LittleEndianToBigEndianEPcs)
    i._ZN3App4InitEv                         0x08001b1c   Section        0  app.o(i._ZN3App4InitEv)
    i._ZN3App4loopEv                         0x08001b5c   Section        0  app.o(i._ZN3App4loopEv)
    i._ZN3App5WriteERN8Protocol8ToServerE    0x08001bdc   Section        0  app.o(i._ZN3App5WriteERN8Protocol8ToServerE)
    i._ZN3App6DecodeEPPvPN8Protocol13OperationTypeE 0x08001c84   Section        0  app.o(i._ZN3App6DecodeEPPvPN8Protocol13OperationTypeE)
    i._ZN3App8WifiInitEv                     0x08001de8   Section        0  app.o(i._ZN3App8WifiInitEv)
    i._ZN3AppC1Ev                            0x08001f48   Section        0  app.o(i._ZN3AppC1Ev)
    i._ZN3LED2OnEv                           0x0800201c   Section        0  led.o(i._ZN3LED2OnEv)
    i._ZN3LED3OffEv                          0x0800202a   Section        0  led.o(i._ZN3LED3OffEv)
    i._ZN3LED5BlinkEht                       0x0800203c   Section        0  led.o(i._ZN3LED5BlinkEht)
    i._ZN3LEDC1ER4GPIOb                      0x0800206e   Section        0  led.o(i._ZN3LEDC1ER4GPIOb)
    i._ZN3PWM7CalcuteEt                      0x08002090   Section        0  f103_pwm.o(i._ZN3PWM7CalcuteEt)
    i._ZN3PWM7GetDutyEPc                     0x080020e0   Section        0  f103_pwm.o(i._ZN3PWM7GetDutyEPc)
    i._ZN3PWM7GetDutyEhRc                    0x08002194   Section        0  f103_pwm.o(i._ZN3PWM7GetDutyEhRc)
    i._ZN3PWM7PWMInitEP11TIM_TypeDefbbbbtb   0x08002264   Section        0  f103_pwm.o(i._ZN3PWM7PWMInitEP11TIM_TypeDefbbbbtb)
    i._ZN3PWM7SetDutyEccccb                  0x08002418   Section        0  f103_pwm.o(i._ZN3PWM7SetDutyEccccb)
    i._ZN3PWM7SetDutyEhcb                    0x0800254c   Section        0  f103_pwm.o(i._ZN3PWM7SetDutyEhcb)
    i._ZN3PWM8Calcute2Ejjjb                  0x080025c0   Section        0  f103_pwm.o(i._ZN3PWM8Calcute2Ejjjb)
    i._ZN3PWMC1EP11TIM_TypeDefbbbbtb         0x08002630   Section        0  hardware.o(i._ZN3PWMC1EP11TIM_TypeDefbbbbtb)
    i._ZN4GPIO17RCC_ConfigurationEv          0x08002670   Section        0  gpio.o(i._ZN4GPIO17RCC_ConfigurationEv)
    i._ZN4GPIO8SetLevelEh                    0x08002710   Section        0  gpio.o(i._ZN4GPIO8SetLevelEh)
    i._ZN4GPIOC1EP12GPIO_TypeDeft16GPIOMode_TypeDef17GPIOSpeed_TypeDef 0x08002740   Section        0  gpio.o(i._ZN4GPIOC1EP12GPIO_TypeDeft16GPIOMode_TypeDef17GPIOSpeed_TypeDef)
    i._ZN5USART11SetBaudRateEj               0x08002784   Section        0  usart.o(i._ZN5USART11SetBaudRateEj)
    i._ZN5USART15GetReceivedDataEPht         0x08002830   Section        0  usart.o(i._ZN5USART15GetReceivedDataEPht)
    i._ZN5USART17ReceiveBufferSizeEv         0x08002858   Section        0  usart.o(i._ZN5USART17ReceiveBufferSizeEv)
    i._ZN5USART3IrqEv                        0x08002868   Section        0  usart.o(i._ZN5USART3IrqEv)
    i._ZN5USART6DmaIrqEv                     0x08002940   Section        0  usart.o(i._ZN5USART6DmaIrqEv)
    i._ZN5USART8SendDataEPhj                 0x080029c8   Section        0  usart.o(i._ZN5USART8SendDataEPhj)
    i._ZN5USARTC1Ehjbhhhhhttt                0x08002aa0   Section        0  usart.o(i._ZN5USARTC1Ehjbhhhhhttt)
    i._ZN5USARTD1Ev                          0x08002e44   Section        0  usart.o(i._ZN5USARTD1Ev)
    i._ZN5USARTlsEPKc                        0x08002e94   Section        0  usart.o(i._ZN5USARTlsEPKc)
    i._ZN5USARTlsEi                          0x08002eb8   Section        0  usart.o(i._ZN5USARTlsEi)
    i._ZN7esp826610SetApParamEPcS0_hNS_18esp8266_ENCRYPTIONENS_15esp8266_patternE 0x08002f18   Section        0  esp8266_1.o(i._ZN7esp826610SetApParamEPcS0_hNS_18esp8266_ENCRYPTIONENS_15esp8266_patternE)
    i._ZN7esp826611ClearBufferEv             0x08003014   Section        0  esp8266_1.o(i._ZN7esp826611ClearBufferEv)
    i._ZN7esp826614ReceiveAndWaitEPKcS1_S1_h 0x0800302a   Section        0  esp8266_1.o(i._ZN7esp826614ReceiveAndWaitEPKcS1_S1_h)
    i._ZN7esp826614ReceiveAndWaitEPKcS1_h    0x080030e2   Section        0  esp8266_1.o(i._ZN7esp826614ReceiveAndWaitEPKcS1_h)
    i._ZN7esp826614ReceiveAndWaitEPKch       0x0800318c   Section        0  esp8266_1.o(i._ZN7esp826614ReceiveAndWaitEPKch)
    i._ZN7esp826616SendMultipleModeEPcja     0x08003234   Section        0  esp8266_1.o(i._ZN7esp826616SendMultipleModeEPcja)
    i._ZN7esp826617RecvFindAndFilterEPKcS1_S1_Pcf 0x080032dc   Section        0  esp8266_1.o(i._ZN7esp826617RecvFindAndFilterEPKcS1_S1_Pcf)
    i._ZN7esp826624CreateConnectMutipleModeEPcs11Socket_Typea 0x08003340   Section        0  esp8266_1.o(i._ZN7esp826624CreateConnectMutipleModeEPcs11Socket_Typea)
    i._ZN7esp82664KickEv                     0x0800344c   Section        0  esp8266_1.o(i._ZN7esp82664KickEv)
    i._ZN7esp82666JoinAPEPcS0_NS_15esp8266_patternE 0x08003470   Section        0  esp8266_1.o(i._ZN7esp82666JoinAPEPcS0_NS_15esp8266_patternE)
    i._ZN7esp82666SetMUXEb                   0x0800353c   Section        0  esp8266_1.o(i._ZN7esp82666SetMUXEb)
    i._ZN7esp82667SetEchoEb                  0x08003580   Section        0  esp8266_1.o(i._ZN7esp82667SetEchoEb)
    i._ZN7esp82667SetModeENS_12esp8266_MODEENS_15esp8266_patternE 0x080035bc   Section        0  esp8266_1.o(i._ZN7esp82667SetModeENS_12esp8266_MODEENS_15esp8266_patternE)
    i._ZN7esp82668RecvFindEPKcS1_S1_h        0x08003668   Section        0  esp8266_1.o(i._ZN7esp82668RecvFindEPKcS1_S1_h)
    i._ZN7esp82668RecvFindEPKcS1_h           0x08003694   Section        0  esp8266_1.o(i._ZN7esp82668RecvFindEPKcS1_h)
    i._ZN7esp82668RecvFindEPKch              0x080036b8   Section        0  esp8266_1.o(i._ZN7esp82668RecvFindEPKch)
    i._ZN7esp8266C1ER5USARTj                 0x080036d4   Section        0  esp8266_1.o(i._ZN7esp8266C1ER5USARTj)
    i._ZSt6strstrPcPKc                       0x080036ec   Section        0  socket_esp8266_1.o(i._ZSt6strstrPcPKc)
    i.__sti___12_hardware_cpp_ledGpio        0x080036fc   Section        0  hardware.o(i.__sti___12_hardware_cpp_ledGpio)
    __sti___12_hardware_cpp_ledGpio          0x080036fd   Thumb Code   192  hardware.o(i.__sti___12_hardware_cpp_ledGpio)
    i.__sti___15_TaskManager_cpp_tskmgr      0x080037ec   Section        0  taskmanager.o(i.__sti___15_TaskManager_cpp_tskmgr)
    __sti___15_TaskManager_cpp_tskmgr        0x080037ed   Thumb Code    10  taskmanager.o(i.__sti___15_TaskManager_cpp_tskmgr)
    i.__sti___8_main_cpp_app                 0x080037fc   Section        0  main.o(i.__sti___8_main_cpp_app)
    __sti___8_main_cpp_app                   0x080037fd   Thumb Code    10  main.o(i.__sti___8_main_cpp_app)
    i.main                                   0x0800380c   Section        0  main.o(i.main)
    locale$$code                             0x08003824   Section       44  lc_ctype_c.o(locale$$code)
    t._ZN10FIFOBufferIhLt256EE3GetERh        0x08003850   Section        0  usart.o(t._ZN10FIFOBufferIhLt256EE3GetERh)
    t._ZN10FIFOBufferIhLt256EE3PutERKh       0x08003884   Section        0  usart.o(t._ZN10FIFOBufferIhLt256EE3PutERKh)
    t._ZN10FIFOBufferIhLt256EE4GetsEPht      0x080038c8   Section        0  usart.o(t._ZN10FIFOBufferIhLt256EE4GetsEPht)
    t._ZN10FIFOBufferIhLt256EE4PutsEPht      0x0800390c   Section        0  usart.o(t._ZN10FIFOBufferIhLt256EE4PutsEPht)
    t._ZN10FIFOBufferIhLt256EE4SizeEv        0x0800395e   Section        0  usart.o(t._ZN10FIFOBufferIhLt256EE4SizeEv)
    t._ZN10FIFOBufferIhLt256EEC1Ev           0x0800397a   Section        0  usart.o(t._ZN10FIFOBufferIhLt256EEC1Ev)
    x$fpl$d2f                                0x08003988   Section       98  d2f.o(x$fpl$d2f)
    x$fpl$dadd                               0x080039ec   Section      336  daddsub_clz.o(x$fpl$dadd)
    _dadd1                                   0x080039fd   Thumb Code     0  daddsub_clz.o(x$fpl$dadd)
    x$fpl$dcmpinf                            0x08003b3c   Section       24  dcmpi.o(x$fpl$dcmpinf)
    x$fpl$ddiv                               0x08003b54   Section      688  ddiv.o(x$fpl$ddiv)
    ddiv_entry                               0x08003b5b   Thumb Code     0  ddiv.o(x$fpl$ddiv)
    x$fpl$dfltu                              0x08003e04   Section       38  dflt_clz.o(x$fpl$dfltu)
    x$fpl$dleqf                              0x08003e2c   Section      120  dleqf.o(x$fpl$dleqf)
    x$fpl$dnaninf                            0x08003ea4   Section      156  dnaninf.o(x$fpl$dnaninf)
    x$fpl$dretinf                            0x08003f40   Section       12  dretinf.o(x$fpl$dretinf)
    x$fpl$drleqf                             0x08003f4c   Section      108  drleqf.o(x$fpl$drleqf)
    x$fpl$dsub                               0x08003fb8   Section      468  daddsub_clz.o(x$fpl$dsub)
    _dsub1                                   0x08003fc9   Thumb Code     0  daddsub_clz.o(x$fpl$dsub)
    x$fpl$f2d                                0x0800418c   Section       86  f2d.o(x$fpl$f2d)
    x$fpl$fdiv                               0x080041e4   Section      388  fdiv.o(x$fpl$fdiv)
    _fdiv1                                   0x080041e5   Thumb Code     0  fdiv.o(x$fpl$fdiv)
    x$fpl$ffixu                              0x08004368   Section       62  ffixu.o(x$fpl$ffixu)
    x$fpl$ffltu                              0x080043a8   Section       38  fflt_clz.o(x$fpl$ffltu)
    x$fpl$fmul                               0x080043d0   Section      258  fmul.o(x$fpl$fmul)
    x$fpl$fnaninf                            0x080044d2   Section      140  fnaninf.o(x$fpl$fnaninf)
    x$fpl$fretinf                            0x0800455e   Section       10  fretinf.o(x$fpl$fretinf)
    .constdata                               0x08004568   Section       32  gpio.o(.constdata)
    x$fpl$usenofp                            0x08004568   Section        0  usenofp.o(x$fpl$usenofp)
    .constdata                               0x08004588   Section        6  app.o(.constdata)
    .constdata__ZTV14Socket_esp8266          0x08004590   Section       40  socket_esp8266_1.o(.constdata__ZTV14Socket_esp8266)
    .constdata__ZTV6Socket                   0x080045b8   Section       40  socket_esp8266_1.o(.constdata__ZTV6Socket)
    locale$$data                             0x08004600   Section      272  lc_ctype_c.o(locale$$data)
    __lcctype_c_name                         0x08004604   Data           2  lc_ctype_c.o(locale$$data)
    __lcctype_c_start                        0x0800460c   Data           0  lc_ctype_c.o(locale$$data)
    .init_array                              0x08004710   Section        4  hardware.o(.init_array)
    __lcctype_c_end                          0x08004710   Data           0  lc_ctype_c.o(locale$$data)
    .init_array                              0x08004714   Section        4  main.o(.init_array)
    .init_array                              0x08004718   Section        4  taskmanager.o(.init_array)
    .init_array                              0x0800471c   Section        0  init_aeabi.o(.init_array)
    .data                                    0x20000000   Section        3  usart.o(.data)
    dataToSend                               0x20000000   Data           1  usart.o(.data)
    dataToSend                               0x20000001   Data           1  usart.o(.data)
    dataToSend                               0x20000002   Data           1  usart.o(.data)
    .data                                    0x20000004   Section       12  interrupt.o(.data)
    .data                                    0x20000010   Section        8  hardware.o(.data)
    .data                                    0x20000018   Section        7  app.o(.data)
    time                                     0x20000018   Data           4  app.o(.data)
    size                                     0x2000001c   Data           2  app.o(.data)
    operationType                            0x2000001e   Data           1  app.o(.data)
    .data                                    0x20000020   Section        4  protocol.o(.data)
    .data                                    0x20000028   Section       32  taskmanager.o(.data)
    .data                                    0x20000048   Section       20  stm32f10x_rcc.o(.data)
    APBAHBPrescTable                         0x20000048   Data          16  stm32f10x_rcc.o(.data)
    ADCPrescTable                            0x20000058   Data           4  stm32f10x_rcc.o(.data)
    .bss                                     0x2000005c   Section     1352  hardware.o(.bss)
    .bss                                     0x200005a4   Section     1200  main.o(.bss)
    .bss                                     0x20000a54   Section       96  libspace.o(.bss)
    HEAP                                     0x20000ab8   Section      512  startup_stm32f10x_md.o(HEAP)
    Heap_Mem                                 0x20000ab8   Data         512  startup_stm32f10x_md.o(HEAP)
    STACK                                    0x20000cb8   Section     1024  startup_stm32f10x_md.o(STACK)
    Stack_Mem                                0x20000cb8   Data        1024  startup_stm32f10x_md.o(STACK)
    __initial_sp                             0x200010b8   Data           0  startup_stm32f10x_md.o(STACK)

    Global Symbols

    Symbol Name                              Value     Ov Type        Size  Object(Section)

    BuildAttributes$$THM_ISAv4$P$D$K$B$S$PE$A:L22UL41UL21$X:L11$S22US41US21$IEEE1$IW$USESV6$~STKCKD$USESV7$~SHL$OTIME$ROPI$EBA8$UX$STANDARDLIB$REQ8$PRES8$EABIv2 0x00000000   Number         0  anon$$obj.o ABSOLUTE
    __ARM_use_no_argv                        0x00000000   Number         0  main.o ABSOLUTE
    __ARM::default_unexpected_handler()       - Undefined Weak Reference
    __ARM_exceptions_buffer_required          - Undefined Weak Reference
    __ARM_exceptions_init                     - Undefined Weak Reference
    __alloca_initialize                       - Undefined Weak Reference
    __arm_preinit_                            - Undefined Weak Reference
    __sigvec_lookup                           - Undefined Weak Reference
    __user_heap_extent                        - Undefined Weak Reference
    _atexit_init                              - Undefined Weak Reference
    _call_atexit_fns                          - Undefined Weak Reference
    _clock_init                               - Undefined Weak Reference
    _fp_trap_init                             - Undefined Weak Reference
    _fp_trap_shutdown                         - Undefined Weak Reference
    _get_lc_collate                           - Undefined Weak Reference
    _get_lc_monetary                          - Undefined Weak Reference
    _get_lc_numeric                           - Undefined Weak Reference
    _get_lc_time                              - Undefined Weak Reference
    _getenv_init                              - Undefined Weak Reference
    _handle_redirection                       - Undefined Weak Reference
    _initio                                   - Undefined Weak Reference
    _mutex_acquire                            - Undefined Weak Reference
    _mutex_free                               - Undefined Weak Reference
    _mutex_release                            - Undefined Weak Reference
    _rand_init                                - Undefined Weak Reference
    _signal_finish                            - Undefined Weak Reference
    _signal_init                              - Undefined Weak Reference
    _terminateio                              - Undefined Weak Reference
    __Vectors_Size                           0x000000ec   Number         0  startup_stm32f10x_md.o ABSOLUTE
    __Vectors                                0x08000000   Data           4  startup_stm32f10x_md.o(RESET)
    __dso_handle                             0x08000000   Number         0  startup_stm32f10x_md.o(RESET)
    __Vectors_End                            0x080000ec   Data           0  startup_stm32f10x_md.o(RESET)
    __main                                   0x080000ed   Thumb Code     8  __main.o(!!!main)
    __scatterload                            0x080000f5   Thumb Code     0  __scatter.o(!!!scatter)
    __scatterload_rt2                        0x080000f5   Thumb Code    44  __scatter.o(!!!scatter)
    __scatterload_rt2_thumb_only             0x080000f5   Thumb Code     0  __scatter.o(!!!scatter)
    __scatterload_null                       0x08000103   Thumb Code     0  __scatter.o(!!!scatter)
    __scatterload_copy                       0x08000129   Thumb Code    26  __scatter_copy.o(!!handler_copy)
    __scatterload_zeroinit                   0x08000145   Thumb Code    28  __scatter_zi.o(!!handler_zi)
    __rt_lib_init                            0x08000161   Thumb Code     0  libinit.o(.ARM.Collect$$libinit$$00000000)
    __rt_lib_init_fp_1                       0x08000163   Thumb Code     0  libinit2.o(.ARM.Collect$$libinit$$00000002)
    __rt_lib_init_heap_2                     0x08000163   Thumb Code     0  libinit2.o(.ARM.Collect$$libinit$$00000005)
    __rt_lib_init_preinit_1                  0x08000163   Thumb Code     0  libinit2.o(.ARM.Collect$$libinit$$00000004)
    __rt_lib_init_heap_1                     0x0800016b   Thumb Code     0  libinit2.o(.ARM.Collect$$libinit$$0000000A)
    __rt_lib_init_lc_common                  0x0800016b   Thumb Code     0  libinit2.o(.ARM.Collect$$libinit$$0000000F)
    __rt_lib_init_rand_1                     0x0800016b   Thumb Code     0  libinit2.o(.ARM.Collect$$libinit$$0000000E)
    __rt_lib_init_user_alloc_1               0x0800016b   Thumb Code     0  libinit2.o(.ARM.Collect$$libinit$$0000000C)
    __rt_lib_init_lc_collate_1               0x08000171   Thumb Code     0  libinit2.o(.ARM.Collect$$libinit$$00000011)
    __rt_lib_init_lc_ctype_2                 0x08000171   Thumb Code     0  libinit2.o(.ARM.Collect$$libinit$$00000012)
    __rt_lib_init_alloca_1                   0x0800017d   Thumb Code     0  libinit2.o(.ARM.Collect$$libinit$$0000002E)
    __rt_lib_init_argv_1                     0x0800017d   Thumb Code     0  libinit2.o(.ARM.Collect$$libinit$$0000002C)
    __rt_lib_init_atexit_1                   0x0800017d   Thumb Code     0  libinit2.o(.ARM.Collect$$libinit$$0000001B)
    __rt_lib_init_clock_1                    0x0800017d   Thumb Code     0  libinit2.o(.ARM.Collect$$libinit$$00000021)
    __rt_lib_init_cpp_2                      0x0800017d   Thumb Code     0  libinit2.o(.ARM.Collect$$libinit$$00000031)
    __rt_lib_init_exceptions_1               0x0800017d   Thumb Code     0  libinit2.o(.ARM.Collect$$libinit$$00000030)
    __rt_lib_init_fp_trap_1                  0x0800017d   Thumb Code     0  libinit2.o(.ARM.Collect$$libinit$$0000001F)
    __rt_lib_init_getenv_1                   0x0800017d   Thumb Code     0  libinit2.o(.ARM.Collect$$libinit$$00000023)
    __rt_lib_init_lc_ctype_1                 0x0800017d   Thumb Code     0  libinit2.o(.ARM.Collect$$libinit$$00000013)
    __rt_lib_init_lc_monetary_1              0x0800017d   Thumb Code     0  libinit2.o(.ARM.Collect$$libinit$$00000015)
    __rt_lib_init_lc_numeric_1               0x0800017d   Thumb Code     0  libinit2.o(.ARM.Collect$$libinit$$00000017)
    __rt_lib_init_lc_time_1                  0x0800017d   Thumb Code     0  libinit2.o(.ARM.Collect$$libinit$$00000019)
    __rt_lib_init_signal_1                   0x0800017d   Thumb Code     0  libinit2.o(.ARM.Collect$$libinit$$0000001D)
    __rt_lib_init_stdio_1                    0x0800017d   Thumb Code     0  libinit2.o(.ARM.Collect$$libinit$$00000025)
    __rt_lib_init_cpp_1                      0x08000181   Thumb Code     0  libinit2.o(.ARM.Collect$$libinit$$00000032)
    __rt_lib_init_return                     0x08000181   Thumb Code     0  libinit2.o(.ARM.Collect$$libinit$$00000033)
    __rt_lib_shutdown                        0x08000183   Thumb Code     0  libshutdown.o(.ARM.Collect$$libshutdown$$00000000)
    __rt_lib_shutdown_cpp_2                  0x08000185   Thumb Code     0  libshutdown2.o(.ARM.Collect$$libshutdown$$00000001)
    __rt_lib_shutdown_cpp_1                  0x0800018b   Thumb Code     0  libshutdown2.o(.ARM.Collect$$libshutdown$$00000002)
    __rt_lib_shutdown_fp_trap_1              0x0800018b   Thumb Code     0  libshutdown2.o(.ARM.Collect$$libshutdown$$00000007)
    __rt_lib_shutdown_heap_1                 0x0800018b   Thumb Code     0  libshutdown2.o(.ARM.Collect$$libshutdown$$0000000F)
    __rt_lib_shutdown_return                 0x0800018b   Thumb Code     0  libshutdown2.o(.ARM.Collect$$libshutdown$$00000010)
    __rt_lib_shutdown_signal_1               0x0800018b   Thumb Code     0  libshutdown2.o(.ARM.Collect$$libshutdown$$0000000A)
    __rt_lib_shutdown_stdio_1                0x0800018b   Thumb Code     0  libshutdown2.o(.ARM.Collect$$libshutdown$$00000004)
    __rt_lib_shutdown_user_alloc_1           0x0800018b   Thumb Code     0  libshutdown2.o(.ARM.Collect$$libshutdown$$0000000C)
    __rt_entry                               0x0800018d   Thumb Code     0  __rtentry.o(.ARM.Collect$$rtentry$$00000000)
    __rt_entry_presh_1                       0x0800018d   Thumb Code     0  __rtentry2.o(.ARM.Collect$$rtentry$$00000002)
    __rt_entry_sh                            0x0800018d   Thumb Code     0  __rtentry4.o(.ARM.Collect$$rtentry$$00000004)
    __rt_entry_li                            0x08000193   Thumb Code     0  __rtentry2.o(.ARM.Collect$$rtentry$$0000000A)
    __rt_entry_postsh_1                      0x08000193   Thumb Code     0  __rtentry2.o(.ARM.Collect$$rtentry$$00000009)
    __rt_entry_main                          0x08000197   Thumb Code     0  __rtentry2.o(.ARM.Collect$$rtentry$$0000000D)
    __rt_entry_postli_1                      0x08000197   Thumb Code     0  __rtentry2.o(.ARM.Collect$$rtentry$$0000000C)
    __rt_exit                                0x0800019f   Thumb Code     0  rtexit.o(.ARM.Collect$$rtexit$$00000000)
    __rt_exit_ls                             0x080001a1   Thumb Code     0  rtexit2.o(.ARM.Collect$$rtexit$$00000003)
    __rt_exit_prels_1                        0x080001a1   Thumb Code     0  rtexit2.o(.ARM.Collect$$rtexit$$00000002)
    __rt_exit_exit                           0x080001a5   Thumb Code     0  rtexit2.o(.ARM.Collect$$rtexit$$00000004)
    Reset_Handler                            0x080001ad   Thumb Code     8  startup_stm32f10x_md.o(.text)
    _maybe_terminate_alloc                   0x080001ad   Thumb Code     0  maybetermalloc1.o(.emb_text)
    NMI_Handler                              0x080001b5   Thumb Code     2  startup_stm32f10x_md.o(.text)
    HardFault_Handler                        0x080001b7   Thumb Code     2  startup_stm32f10x_md.o(.text)
    MemManage_Handler                        0x080001b9   Thumb Code     2  startup_stm32f10x_md.o(.text)
    BusFault_Handler                         0x080001bb   Thumb Code     2  startup_stm32f10x_md.o(.text)
    UsageFault_Handler                       0x080001bd   Thumb Code     2  startup_stm32f10x_md.o(.text)
    SVC_Handler                              0x080001bf   Thumb Code     2  startup_stm32f10x_md.o(.text)
    DebugMon_Handler                         0x080001c1   Thumb Code     2  startup_stm32f10x_md.o(.text)
    PendSV_Handler                           0x080001c3   Thumb Code     2  startup_stm32f10x_md.o(.text)
    ADC1_2_IRQHandler                        0x080001c7   Thumb Code     0  startup_stm32f10x_md.o(.text)
    CAN1_RX1_IRQHandler                      0x080001c7   Thumb Code     0  startup_stm32f10x_md.o(.text)
    CAN1_SCE_IRQHandler                      0x080001c7   Thumb Code     0  startup_stm32f10x_md.o(.text)
    DMA1_Channel1_IRQHandler                 0x080001c7   Thumb Code     0  startup_stm32f10x_md.o(.text)
    DMA1_Channel3_IRQHandler                 0x080001c7   Thumb Code     0  startup_stm32f10x_md.o(.text)
    DMA1_Channel5_IRQHandler                 0x080001c7   Thumb Code     0  startup_stm32f10x_md.o(.text)
    DMA1_Channel6_IRQHandler                 0x080001c7   Thumb Code     0  startup_stm32f10x_md.o(.text)
    EXTI0_IRQHandler                         0x080001c7   Thumb Code     0  startup_stm32f10x_md.o(.text)
    EXTI15_10_IRQHandler                     0x080001c7   Thumb Code     0  startup_stm32f10x_md.o(.text)
    EXTI1_IRQHandler                         0x080001c7   Thumb Code     0  startup_stm32f10x_md.o(.text)
    EXTI2_IRQHandler                         0x080001c7   Thumb Code     0  startup_stm32f10x_md.o(.text)
    EXTI3_IRQHandler                         0x080001c7   Thumb Code     0  startup_stm32f10x_md.o(.text)
    EXTI4_IRQHandler                         0x080001c7   Thumb Code     0  startup_stm32f10x_md.o(.text)
    EXTI9_5_IRQHandler                       0x080001c7   Thumb Code     0  startup_stm32f10x_md.o(.text)
    FLASH_IRQHandler                         0x080001c7   Thumb Code     0  startup_stm32f10x_md.o(.text)
    I2C1_ER_IRQHandler                       0x080001c7   Thumb Code     0  startup_stm32f10x_md.o(.text)
    I2C1_EV_IRQHandler                       0x080001c7   Thumb Code     0  startup_stm32f10x_md.o(.text)
    I2C2_ER_IRQHandler                       0x080001c7   Thumb Code     0  startup_stm32f10x_md.o(.text)
    I2C2_EV_IRQHandler                       0x080001c7   Thumb Code     0  startup_stm32f10x_md.o(.text)
    PVD_IRQHandler                           0x080001c7   Thumb Code     0  startup_stm32f10x_md.o(.text)
    RCC_IRQHandler                           0x080001c7   Thumb Code     0  startup_stm32f10x_md.o(.text)
    RTCAlarm_IRQHandler                      0x080001c7   Thumb Code     0  startup_stm32f10x_md.o(.text)
    RTC_IRQHandler                           0x080001c7   Thumb Code     0  startup_stm32f10x_md.o(.text)
    SPI1_IRQHandler                          0x080001c7   Thumb Code     0  startup_stm32f10x_md.o(.text)
    SPI2_IRQHandler                          0x080001c7   Thumb Code     0  startup_stm32f10x_md.o(.text)
    TAMPER_IRQHandler                        0x080001c7   Thumb Code     0  startup_stm32f10x_md.o(.text)
    TIM1_BRK_IRQHandler                      0x080001c7   Thumb Code     0  startup_stm32f10x_md.o(.text)
    TIM1_CC_IRQHandler                       0x080001c7   Thumb Code     0  startup_stm32f10x_md.o(.text)
    TIM1_TRG_COM_IRQHandler                  0x080001c7   Thumb Code     0  startup_stm32f10x_md.o(.text)
    TIM1_UP_IRQHandler                       0x080001c7   Thumb Code     0  startup_stm32f10x_md.o(.text)
    TIM2_IRQHandler                          0x080001c7   Thumb Code     0  startup_stm32f10x_md.o(.text)
    TIM3_IRQHandler                          0x080001c7   Thumb Code     0  startup_stm32f10x_md.o(.text)
    TIM4_IRQHandler                          0x080001c7   Thumb Code     0  startup_stm32f10x_md.o(.text)
    USBWakeUp_IRQHandler                     0x080001c7   Thumb Code     0  startup_stm32f10x_md.o(.text)
    USB_HP_CAN1_TX_IRQHandler                0x080001c7   Thumb Code     0  startup_stm32f10x_md.o(.text)
    USB_LP_CAN1_RX0_IRQHandler               0x080001c7   Thumb Code     0  startup_stm32f10x_md.o(.text)
    WWDG_IRQHandler                          0x080001c7   Thumb Code     0  startup_stm32f10x_md.o(.text)
    __user_initial_stackheap                 0x080001c9   Thumb Code     0  startup_stm32f10x_md.o(.text)
    atoi                                     0x080001ed   Thumb Code    26  atoi.o(.text)
    __aeabi_atexit                           0x08000207   Thumb Code    46  aeabi_atexit.o(.text)
    strstr                                   0x08000235   Thumb Code    36  strstr.o(.text)
    strcpy                                   0x08000259   Thumb Code    72  strcpy.o(.text)
    strlen                                   0x080002a1   Thumb Code    62  strlen.o(.text)
    __aeabi_memcpy                           0x080002df   Thumb Code     0  rt_memcpy_v6.o(.text)
    __rt_memcpy                              0x080002df   Thumb Code   138  rt_memcpy_v6.o(.text)
    _memcpy_lastbytes                        0x08000345   Thumb Code     0  rt_memcpy_v6.o(.text)
    __aeabi_memcpy4                          0x08000369   Thumb Code     0  rt_memcpy_w.o(.text)
    __aeabi_memcpy8                          0x08000369   Thumb Code     0  rt_memcpy_w.o(.text)
    __rt_memcpy_w                            0x08000369   Thumb Code   100  rt_memcpy_w.o(.text)
    _memcpy_lastbytes_aligned                0x080003b1   Thumb Code     0  rt_memcpy_w.o(.text)
    __aeabi_memclr                           0x080003cd   Thumb Code     0  rt_memclr.o(.text)
    __rt_memclr                              0x080003cd   Thumb Code    68  rt_memclr.o(.text)
    _memset                                  0x080003d1   Thumb Code     0  rt_memclr.o(.text)
    __aeabi_memclr4                          0x08000411   Thumb Code     0  rt_memclr_w.o(.text)
    __aeabi_memclr8                          0x08000411   Thumb Code     0  rt_memclr_w.o(.text)
    __rt_memclr_w                            0x08000411   Thumb Code    78  rt_memclr_w.o(.text)
    _memset_w                                0x08000415   Thumb Code     0  rt_memclr_w.o(.text)
    __use_two_region_memory                  0x0800045f   Thumb Code     2  heapauxi.o(.text)
    __rt_heap_escrow                         0x08000461   Thumb Code     2  heapauxi.o(.text)
    __rt_heap_expand                         0x08000463   Thumb Code     2  heapauxi.o(.text)
    __cpp_initialize__aeabi_                 0x08000465   Thumb Code    26  init_aeabi.o(.text)
    __rt_ddtor_pointer_addr                  0x08000489   Thumb Code     8  rt_ddtor_pointer_addr_intlibspace.o(.text)
    __aeabi_errno_addr                       0x08000491   Thumb Code     8  rt_errno_addr_intlibspace.o(.text)
    __errno$intlibspace                      0x08000491   Thumb Code     0  rt_errno_addr_intlibspace.o(.text)
    __rt_errno_addr$intlibspace              0x08000491   Thumb Code     0  rt_errno_addr_intlibspace.o(.text)
    malloc                                   0x08000499   Thumb Code    94  h1_alloc.o(.text)
    strtol                                   0x080004f7   Thumb Code   112  strtol.o(.text)
    __cxa_finalize                           0x08000567   Thumb Code    66  cxa_finalize.o(.text)
    __user_libspace                          0x080005a9   Thumb Code     8  libspace.o(.text)
    __user_perproc_libspace                  0x080005a9   Thumb Code     0  libspace.o(.text)
    __user_perthread_libspace                0x080005a9   Thumb Code     0  libspace.o(.text)
    __rt_ctype_table                         0x080005b1   Thumb Code    16  rt_ctype_table.o(.text)
    __rt_heap_descriptor                     0x080005c1   Thumb Code     8  rt_heap_descriptor_intlibspace.o(.text)
    __use_no_heap                            0x080005c9   Thumb Code     2  hguard.o(.text)
    __heap$guard                             0x080005cb   Thumb Code     2  hguard.o(.text)
    _terminate_user_alloc                    0x080005cd   Thumb Code     2  init_alloc.o(.text)
    _init_user_alloc                         0x080005cf   Thumb Code     2  init_alloc.o(.text)
    __Heap_Full                              0x080005d1   Thumb Code    34  init_alloc.o(.text)
    __Heap_Broken                            0x080005f3   Thumb Code     6  init_alloc.o(.text)
    _init_alloc                              0x080005f9   Thumb Code    94  init_alloc.o(.text)
    __Heap_Initialize                        0x08000657   Thumb Code    10  h1_init.o(.text)
    __Heap_DescSize                          0x08000661   Thumb Code     4  h1_init.o(.text)
    free                                     0x08000665   Thumb Code    78  h1_free.o(.text)
    _strtoul                                 0x080006b3   Thumb Code   158  _strtoul.o(.text)
    __sig_exit                               0x08000751   Thumb Code    10  defsig_exit.o(.text)
    _sys_exit                                0x0800075d   Thumb Code     8  sys_exit.o(.text)
    __user_setup_stackheap                   0x08000769   Thumb Code    74  sys_stackheap_outer.o(.text)
    __rt_locale                              0x080007b5   Thumb Code     8  rt_locale_intlibspace.o(.text)
    __Heap_ProvideMemory                     0x080007bd   Thumb Code    52  h1_extend.o(.text)
    _chval                                   0x080007f1   Thumb Code    28  _chval.o(.text)
    exit                                     0x0800080d   Thumb Code    18  exit.o(.text)
    __default_signal_display                 0x0800081f   Thumb Code    50  defsig_general.o(.text)
    __rt_SIGRTMEM                            0x08000851   Thumb Code    14  defsig_rtmem_outer.o(.text)
    _ttywrch                                 0x0800085f   Thumb Code    14  sys_wrch.o(.text)
    __I$use$semihosting                      0x0800086d   Thumb Code     0  use_no_semi.o(.text)
    __use_no_semihosting_swi                 0x0800086d   Thumb Code     2  use_no_semi.o(.text)
    __semihosting_library_function           0x0800086f   Thumb Code     0  indicate_semi.o(.text)
    __rt_SIGRTMEM_inner                      0x08000871   Thumb Code    22  defsig_rtmem_inner.o(.text)
    strcmp                                   0x080008c1   Thumb Code   128  strcmpv7m.o(.text)
    DMA1_Channel2_IRQHandler                 0x08000941   Thumb Code    18  interrupt.o(i.DMA1_Channel2_IRQHandler)
    DMA1_Channel4_IRQHandler                 0x08000959   Thumb Code    18  interrupt.o(i.DMA1_Channel4_IRQHandler)
    DMA1_Channel7_IRQHandler                 0x08000971   Thumb Code    18  interrupt.o(i.DMA1_Channel7_IRQHandler)
    DMA_ClearFlag                            0x08000989   Thumb Code    18  stm32f10x_dma.o(i.DMA_ClearFlag)
    DMA_ClearITPendingBit                    0x080009a5   Thumb Code    18  stm32f10x_dma.o(i.DMA_ClearITPendingBit)
    DMA_Cmd                                  0x080009c1   Thumb Code    24  stm32f10x_dma.o(i.DMA_Cmd)
    DMA_GetFlagStatus                        0x080009d9   Thumb Code    36  stm32f10x_dma.o(i.DMA_GetFlagStatus)
    DMA_Init                                 0x08000a05   Thumb Code    60  stm32f10x_dma.o(i.DMA_Init)
    GPIO_Init                                0x08000a41   Thumb Code   278  stm32f10x_gpio.o(i.GPIO_Init)
    GPIO_PinRemapConfig                      0x08000b59   Thumb Code   138  stm32f10x_gpio.o(i.GPIO_PinRemapConfig)
    GPIO_ResetBits                           0x08000be9   Thumb Code     4  stm32f10x_gpio.o(i.GPIO_ResetBits)
    GPIO_SetBits                             0x08000bed   Thumb Code     4  stm32f10x_gpio.o(i.GPIO_SetBits)
    NVIC_Init                                0x08000bf1   Thumb Code   100  misc.o(i.NVIC_Init)
    NVIC_PriorityGroupConfig                 0x08000c61   Thumb Code    10  misc.o(i.NVIC_PriorityGroupConfig)
    RCC_AHBPeriphClockCmd                    0x08000c75   Thumb Code    26  stm32f10x_rcc.o(i.RCC_AHBPeriphClockCmd)
    RCC_APB1PeriphClockCmd                   0x08000c95   Thumb Code    26  stm32f10x_rcc.o(i.RCC_APB1PeriphClockCmd)
    RCC_APB2PeriphClockCmd                   0x08000cb5   Thumb Code    26  stm32f10x_rcc.o(i.RCC_APB2PeriphClockCmd)
    RCC_GetClocksFreq                        0x08000cd5   Thumb Code   192  stm32f10x_rcc.o(i.RCC_GetClocksFreq)
    SysTick_Handler                          0x08000e91   Thumb Code    20  taskmanager.o(i.SysTick_Handler)
    SystemInit                               0x08000eb1   Thumb Code    78  system_stm32f10x.o(i.SystemInit)
    TIM_Cmd                                  0x08000f11   Thumb Code    24  stm32f10x_tim.o(i.TIM_Cmd)
    TIM_OC1Init                              0x08000f29   Thumb Code   132  stm32f10x_tim.o(i.TIM_OC1Init)
    TIM_OC1PreloadConfig                     0x08000fc1   Thumb Code    18  stm32f10x_tim.o(i.TIM_OC1PreloadConfig)
    TIM_OC2Init                              0x08000fd5   Thumb Code   154  stm32f10x_tim.o(i.TIM_OC2Init)
    TIM_OC2PreloadConfig                     0x08001079   Thumb Code    26  stm32f10x_tim.o(i.TIM_OC2PreloadConfig)
    TIM_OC3Init                              0x08001095   Thumb Code   150  stm32f10x_tim.o(i.TIM_OC3Init)
    TIM_OC3PreloadConfig                     0x08001135   Thumb Code    18  stm32f10x_tim.o(i.TIM_OC3PreloadConfig)
    TIM_OC4Init                              0x08001149   Thumb Code   114  stm32f10x_tim.o(i.TIM_OC4Init)
    TIM_OC4PreloadConfig                     0x080011c5   Thumb Code    26  stm32f10x_tim.o(i.TIM_OC4PreloadConfig)
    TIM_TimeBaseInit                         0x080011e1   Thumb Code   122  stm32f10x_tim.o(i.TIM_TimeBaseInit)
    USART1_IRQHandler                        0x08001285   Thumb Code    18  interrupt.o(i.USART1_IRQHandler)
    USART2_IRQHandler                        0x0800129d   Thumb Code    18  interrupt.o(i.USART2_IRQHandler)
    USART3_IRQHandler                        0x080012b5   Thumb Code    18  interrupt.o(i.USART3_IRQHandler)
    USART_ClearITPendingBit                  0x080012cd   Thumb Code    30  stm32f10x_usart.o(i.USART_ClearITPendingBit)
    USART_Cmd                                0x080012eb   Thumb Code    24  stm32f10x_usart.o(i.USART_Cmd)
    USART_DMACmd                             0x08001303   Thumb Code    18  stm32f10x_usart.o(i.USART_DMACmd)
    USART_GetFlagStatus                      0x08001315   Thumb Code    26  stm32f10x_usart.o(i.USART_GetFlagStatus)
    USART_GetITStatus                        0x0800132f   Thumb Code    84  stm32f10x_usart.o(i.USART_GetITStatus)
    USART_ITConfig                           0x08001383   Thumb Code    74  stm32f10x_usart.o(i.USART_ITConfig)
    USART_Init                               0x080013cd   Thumb Code   210  stm32f10x_usart.o(i.USART_Init)
    USART_ReceiveData                        0x080014a5   Thumb Code    10  stm32f10x_usart.o(i.USART_ReceiveData)
    USART_SendData                           0x080014af   Thumb Code     8  stm32f10x_usart.o(i.USART_SendData)
    CRC16Calculate(const unsigned char*, unsigned short) 0x080014b7   Thumb Code   134  crc_1.o(i._Z14CRC16CalculatePKht)
    TaskManager::Time()                      0x0800153d   Thumb Code   110  taskmanager.o(i._ZN11TaskManager4TimeEv)
    TaskManager::DelayS(unsigned short)      0x080015cd   Thumb Code    54  taskmanager.o(i._ZN11TaskManager6DelaySEt)
    TaskManager::DelayMs(unsigned short)     0x08001605   Thumb Code    64  taskmanager.o(i._ZN11TaskManager7DelayMsEt)
    TaskManager::TaskManager()               0x08001649   Thumb Code    32  taskmanager.o(i._ZN11TaskManagerC1Ev)
    TaskManager::TaskManager__sub_object()   0x08001649   Thumb Code     0  taskmanager.o(i._ZN11TaskManagerC1Ev)
    Socket_esp8266::SetTimeOut(float)        0x0800166d   Thumb Code     4  socket_esp8266_1.o(i._ZN14Socket_esp826610SetTimeOutEf)
    Socket_esp8266::Read(char*)              0x08001671   Thumb Code   382  socket_esp8266_1.o(i._ZN14Socket_esp82664ReadEPc)
    Socket_esp8266::Write(char*, unsigned)   0x080017f9   Thumb Code    26  socket_esp8266_1.o(i._ZN14Socket_esp82665WriteEPcj)
    Socket_esp8266::SetMUX(bool)             0x08001813   Thumb Code    22  socket_esp8266_1.o(i._ZN14Socket_esp82666SetMUXEb)
    Socket_esp8266::Connect(char*, short, Socket_Type, Socket_Protocol) 0x08001829   Thumb Code    60  socket_esp8266_1.o(i._ZN14Socket_esp82667ConnectEPcs11Socket_Type15Socket_Protocol)
    Socket_esp8266::Socket_esp8266(USART&)   0x08001865   Thumb Code    52  socket_esp8266_1.o(i._ZN14Socket_esp8266C1ER5USART)
    Socket_esp8266::Socket_esp8266__sub_object(USART&) 0x08001865   Thumb Code     0  socket_esp8266_1.o(i._ZN14Socket_esp8266C1ER5USART)
    App::CheckHardware()                     0x080018a5   Thumb Code     6  app.o(i._ZN3App13CheckHardwareEv)
    App::ReceiveAndDeal()                    0x080018ad   Thumb Code   210  app.o(i._ZN3App14ReceiveAndDealEv)
    App::SendKeepAliveToServer()             0x080019fd   Thumb Code    84  app.o(i._ZN3App21SendKeepAliveToServerEv)
    App::SendMotorInfoToServer()             0x08001a55   Thumb Code   138  app.o(i._ZN3App21SendMotorInfoToServerEv)
    App::LittleEndianToBigEndian(char*, short) 0x08001aed   Thumb Code    46  app.o(i._ZN3App23LittleEndianToBigEndianEPcs)
    App::Init()                              0x08001b1d   Thumb Code    32  app.o(i._ZN3App4InitEv)
    App::loop()                              0x08001b5d   Thumb Code    92  app.o(i._ZN3App4loopEv)
    App::Write(Protocol::ToServer&)          0x08001bdd   Thumb Code   162  app.o(i._ZN3App5WriteERN8Protocol8ToServerE)
    App::Decode(void**, Protocol::OperationType*) 0x08001c85   Thumb Code   346  app.o(i._ZN3App6DecodeEPPvPN8Protocol13OperationTypeE)
    App::WifiInit()                          0x08001de9   Thumb Code   236  app.o(i._ZN3App8WifiInitEv)
    App::App()                               0x08001f49   Thumb Code   154  app.o(i._ZN3AppC1Ev)
    App::App__sub_object()                   0x08001f49   Thumb Code     0  app.o(i._ZN3AppC1Ev)
    LED::On()                                0x0800201d   Thumb Code    14  led.o(i._ZN3LED2OnEv)
    LED::Off()                               0x0800202b   Thumb Code    18  led.o(i._ZN3LED3OffEv)
    LED::Blink(unsigned char, unsigned short) 0x0800203d   Thumb Code    50  led.o(i._ZN3LED5BlinkEht)
    LED::LED(GPIO&, bool)                    0x0800206f   Thumb Code    32  led.o(i._ZN3LEDC1ER4GPIOb)
    LED::LED__sub_object(GPIO&, bool)        0x0800206f   Thumb Code     0  led.o(i._ZN3LEDC1ER4GPIOb)
    PWM::Calcute(unsigned short)             0x08002091   Thumb Code    76  f103_pwm.o(i._ZN3PWM7CalcuteEt)
    PWM::GetDuty(char*)                      0x080020e1   Thumb Code   174  f103_pwm.o(i._ZN3PWM7GetDutyEPc)
    PWM::GetDuty(unsigned char, char&)       0x08002195   Thumb Code   204  f103_pwm.o(i._ZN3PWM7GetDutyEhRc)
    PWM::PWMInit(TIM_TypeDef*, bool, bool, bool, bool, unsigned short, bool) 0x08002265   Thumb Code   420  f103_pwm.o(i._ZN3PWM7PWMInitEP11TIM_TypeDefbbbbtb)
    PWM::SetDuty(char, char, char, char, bool) 0x08002419   Thumb Code   290  f103_pwm.o(i._ZN3PWM7SetDutyEccccb)
    PWM::SetDuty(unsigned char, char, bool)  0x0800254d   Thumb Code   112  f103_pwm.o(i._ZN3PWM7SetDutyEhcb)
    PWM::Calcute2(unsigned, unsigned, unsigned, bool) 0x080025c1   Thumb Code   112  f103_pwm.o(i._ZN3PWM8Calcute2Ejjjb)
    PWM::PWM(TIM_TypeDef*, bool, bool, bool, bool, unsigned short, bool) 0x08002631   Thumb Code    64  hardware.o(i._ZN3PWMC1EP11TIM_TypeDefbbbbtb)
    PWM::PWM__sub_object(TIM_TypeDef*, bool, bool, bool, bool, unsigned short, bool) 0x08002631   Thumb Code     0  hardware.o(i._ZN3PWMC1EP11TIM_TypeDefbbbbtb)
    GPIO::RCC_Configuration()                0x08002671   Thumb Code   130  gpio.o(i._ZN4GPIO17RCC_ConfigurationEv)
    GPIO::SetLevel(unsigned char)            0x08002711   Thumb Code    42  gpio.o(i._ZN4GPIO8SetLevelEh)
    GPIO::GPIO(GPIO_TypeDef*, unsigned short, GPIOMode_TypeDef, GPIOSpeed_TypeDef) 0x08002741   Thumb Code    64  gpio.o(i._ZN4GPIOC1EP12GPIO_TypeDeft16GPIOMode_TypeDef17GPIOSpeed_TypeDef)
    GPIO::GPIO__sub_object(GPIO_TypeDef*, unsigned short, GPIOMode_TypeDef, GPIOSpeed_TypeDef) 0x08002741   Thumb Code     0  gpio.o(i._ZN4GPIOC1EP12GPIO_TypeDeft16GPIOMode_TypeDef17GPIOSpeed_TypeDef)
    USART::SetBaudRate(unsigned)             0x08002785   Thumb Code   168  usart.o(i._ZN5USART11SetBaudRateEj)
    USART::GetReceivedData(unsigned char*, unsigned short) 0x08002831   Thumb Code    40  usart.o(i._ZN5USART15GetReceivedDataEPht)
    USART::ReceiveBufferSize()               0x08002859   Thumb Code    14  usart.o(i._ZN5USART17ReceiveBufferSizeEv)
    USART::Irq()                             0x08002869   Thumb Code   208  usart.o(i._ZN5USART3IrqEv)
    USART::DmaIrq()                          0x08002941   Thumb Code   136  usart.o(i._ZN5USART6DmaIrqEv)
    USART::SendData(unsigned char*, unsigned) 0x080029c9   Thumb Code   212  usart.o(i._ZN5USART8SendDataEPhj)
    USART::USART(unsigned char, unsigned, bool, unsigned char, unsigned char, unsigned char, unsigned char, unsigned char, unsigned short, unsigned short, unsigned short) 0x08002aa1   Thumb Code   884  usart.o(i._ZN5USARTC1Ehjbhhhhhttt)
    USART::USART__sub_object(unsigned char, unsigned, bool, unsigned char, unsigned char, unsigned char, unsigned char, unsigned char, unsigned short, unsigned short, unsigned short) 0x08002aa1   Thumb Code     0  usart.o(i._ZN5USARTC1Ehjbhhhhhttt)
    USART::~USART()                          0x08002e45   Thumb Code    54  usart.o(i._ZN5USARTD1Ev)
    USART::~USART__sub_object()              0x08002e45   Thumb Code     0  usart.o(i._ZN5USARTD1Ev)
    USART::operator <<(const char*)          0x08002e95   Thumb Code    36  usart.o(i._ZN5USARTlsEPKc)
    USART::operator <<(int)                  0x08002eb9   Thumb Code    94  usart.o(i._ZN5USARTlsEi)
    esp8266::SetApParam(char*, char*, unsigned char, esp8266::esp8266_ENCRYPTION, esp8266::esp8266_pattern) 0x08002f19   Thumb Code   174  esp8266_1.o(i._ZN7esp826610SetApParamEPcS0_hNS_18esp8266_ENCRYPTIONENS_15esp8266_patternE)
    esp8266::ClearBuffer()                   0x08003015   Thumb Code    22  esp8266_1.o(i._ZN7esp826611ClearBufferEv)
    esp8266::ReceiveAndWait(const char*, const char*, const char*, unsigned char) 0x0800302b   Thumb Code   184  esp8266_1.o(i._ZN7esp826614ReceiveAndWaitEPKcS1_S1_h)
    esp8266::ReceiveAndWait(const char*, const char*, unsigned char) 0x080030e3   Thumb Code   170  esp8266_1.o(i._ZN7esp826614ReceiveAndWaitEPKcS1_h)
    esp8266::ReceiveAndWait(const char*, unsigned char) 0x0800318d   Thumb Code   168  esp8266_1.o(i._ZN7esp826614ReceiveAndWaitEPKch)
    esp8266::SendMultipleMode(char*, unsigned, signed char) 0x08003235   Thumb Code   124  esp8266_1.o(i._ZN7esp826616SendMultipleModeEPcja)
    esp8266::RecvFindAndFilter(const char*, const char*, const char*, char*, float) 0x080032dd   Thumb Code   100  esp8266_1.o(i._ZN7esp826617RecvFindAndFilterEPKcS1_S1_Pcf)
    esp8266::CreateConnectMutipleMode(char*, short, Socket_Type, signed char) 0x08003341   Thumb Code   200  esp8266_1.o(i._ZN7esp826624CreateConnectMutipleModeEPcs11Socket_Typea)
    esp8266::Kick()                          0x0800344d   Thumb Code    24  esp8266_1.o(i._ZN7esp82664KickEv)
    esp8266::JoinAP(char*, char*, esp8266::esp8266_pattern) 0x08003471   Thumb Code   136  esp8266_1.o(i._ZN7esp82666JoinAPEPcS0_NS_15esp8266_patternE)
    esp8266::SetMUX(bool)                    0x0800353d   Thumb Code    46  esp8266_1.o(i._ZN7esp82666SetMUXEb)
    esp8266::SetEcho(bool)                   0x08003581   Thumb Code    46  esp8266_1.o(i._ZN7esp82667SetEchoEb)
    esp8266::SetMode(esp8266::esp8266_MODE, esp8266::esp8266_pattern) 0x080035bd   Thumb Code   110  esp8266_1.o(i._ZN7esp82667SetModeENS_12esp8266_MODEENS_15esp8266_patternE)
    esp8266::RecvFind(const char*, const char*, const char*, unsigned char) 0x08003669   Thumb Code    44  esp8266_1.o(i._ZN7esp82668RecvFindEPKcS1_S1_h)
    esp8266::RecvFind(const char*, const char*, unsigned char) 0x08003695   Thumb Code    36  esp8266_1.o(i._ZN7esp82668RecvFindEPKcS1_h)
    esp8266::RecvFind(const char*, unsigned char) 0x080036b9   Thumb Code    28  esp8266_1.o(i._ZN7esp82668RecvFindEPKch)
    esp8266::esp8266(USART&, unsigned)       0x080036d5   Thumb Code    24  esp8266_1.o(i._ZN7esp8266C1ER5USARTj)
    esp8266::esp8266__sub_object(USART&, unsigned) 0x080036d5   Thumb Code     0  esp8266_1.o(i._ZN7esp8266C1ER5USARTj)
    std::strstr(char*, const char*)          0x080036ed   Thumb Code    16  socket_esp8266_1.o(i._ZSt6strstrPcPKc)
    main                                     0x0800380d   Thumb Code    20  main.o(i.main)
    _get_lc_ctype                            0x08003825   Thumb Code    44  lc_ctype_c.o(locale$$code)
    FIFOBuffer<unsigned char, (unsigned short)256>::Get(unsigned char&) 0x08003851   Thumb Code    52  usart.o(t._ZN10FIFOBufferIhLt256EE3GetERh)
    FIFOBuffer<unsigned char, (unsigned short)256>::Put(const unsigned char&) 0x08003885   Thumb Code    68  usart.o(t._ZN10FIFOBufferIhLt256EE3PutERKh)
    FIFOBuffer<unsigned char, (unsigned short)256>::Gets(unsigned char*, unsigned short) 0x080038c9   Thumb Code    68  usart.o(t._ZN10FIFOBufferIhLt256EE4GetsEPht)
    FIFOBuffer<unsigned char, (unsigned short)256>::Puts(unsigned char*, unsigned short) 0x0800390d   Thumb Code    82  usart.o(t._ZN10FIFOBufferIhLt256EE4PutsEPht)
    FIFOBuffer<unsigned char, (unsigned short)256>::Size() 0x0800395f   Thumb Code    28  usart.o(t._ZN10FIFOBufferIhLt256EE4SizeEv)
    FIFOBuffer<unsigned char, (unsigned short)256>::FIFOBuffer() 0x0800397b   Thumb Code    12  usart.o(t._ZN10FIFOBufferIhLt256EEC1Ev)
    FIFOBuffer<unsigned char, (unsigned short)256>::FIFOBuffer__sub_object() 0x0800397b   Thumb Code     0  usart.o(t._ZN10FIFOBufferIhLt256EEC1Ev)
    __aeabi_d2f                              0x08003989   Thumb Code     0  d2f.o(x$fpl$d2f)
    _d2f                                     0x08003989   Thumb Code    98  d2f.o(x$fpl$d2f)
    __aeabi_dadd                             0x080039ed   Thumb Code     0  daddsub_clz.o(x$fpl$dadd)
    _dadd                                    0x080039ed   Thumb Code   332  daddsub_clz.o(x$fpl$dadd)
    __fpl_dcmp_Inf                           0x08003b3d   Thumb Code    24  dcmpi.o(x$fpl$dcmpinf)
    __aeabi_ddiv                             0x08003b55   Thumb Code     0  ddiv.o(x$fpl$ddiv)
    _ddiv                                    0x08003b55   Thumb Code   552  ddiv.o(x$fpl$ddiv)
    __aeabi_ui2d                             0x08003e05   Thumb Code     0  dflt_clz.o(x$fpl$dfltu)
    _dfltu                                   0x08003e05   Thumb Code    38  dflt_clz.o(x$fpl$dfltu)
    __aeabi_cdcmple                          0x08003e2d   Thumb Code     0  dleqf.o(x$fpl$dleqf)
    _dcmple                                  0x08003e2d   Thumb Code   120  dleqf.o(x$fpl$dleqf)
    __fpl_dcmple_InfNaN                      0x08003e8f   Thumb Code     0  dleqf.o(x$fpl$dleqf)
    __fpl_dnaninf                            0x08003ea5   Thumb Code   156  dnaninf.o(x$fpl$dnaninf)
    __fpl_dretinf                            0x08003f41   Thumb Code    12  dretinf.o(x$fpl$dretinf)
    __aeabi_cdrcmple                         0x08003f4d   Thumb Code     0  drleqf.o(x$fpl$drleqf)
    _drcmple                                 0x08003f4d   Thumb Code   108  drleqf.o(x$fpl$drleqf)
    __aeabi_dsub                             0x08003fb9   Thumb Code     0  daddsub_clz.o(x$fpl$dsub)
    _dsub                                    0x08003fb9   Thumb Code   464  daddsub_clz.o(x$fpl$dsub)
    __aeabi_f2d                              0x0800418d   Thumb Code     0  f2d.o(x$fpl$f2d)
    _f2d                                     0x0800418d   Thumb Code    86  f2d.o(x$fpl$f2d)
    __aeabi_fdiv                             0x080041e5   Thumb Code     0  fdiv.o(x$fpl$fdiv)
    _fdiv                                    0x080041e5   Thumb Code   384  fdiv.o(x$fpl$fdiv)
    __aeabi_f2uiz                            0x08004369   Thumb Code     0  ffixu.o(x$fpl$ffixu)
    _ffixu                                   0x08004369   Thumb Code    62  ffixu.o(x$fpl$ffixu)
    __aeabi_ui2f                             0x080043a9   Thumb Code     0  fflt_clz.o(x$fpl$ffltu)
    _ffltu                                   0x080043a9   Thumb Code    38  fflt_clz.o(x$fpl$ffltu)
    __aeabi_fmul                             0x080043d1   Thumb Code     0  fmul.o(x$fpl$fmul)
    _fmul                                    0x080043d1   Thumb Code   258  fmul.o(x$fpl$fmul)
    __fpl_fnaninf                            0x080044d3   Thumb Code   140  fnaninf.o(x$fpl$fnaninf)
    __fpl_fretinf                            0x0800455f   Thumb Code    10  fretinf.o(x$fpl$fretinf)
    GPIO::mPin                               0x08004568   Data          32  gpio.o(.constdata)
    __I$use$fp                               0x08004568   Number         0  usenofp.o(x$fpl$usenofp)
    App::mDeviceNumber                       0x08004588   Data           6  app.o(.constdata)
    vtable for Socket_esp8266                0x08004590   Data          40  socket_esp8266_1.o(.constdata__ZTV14Socket_esp8266)
    vtable for Socket                        0x080045b8   Data          40  socket_esp8266_1.o(.constdata__ZTV6Socket)
    Region$$Table$$Base                      0x080045e0   Number         0  anon$$obj.o(Region$$Table)
    Region$$Table$$Limit                     0x08004600   Number         0  anon$$obj.o(Region$$Table)
    __ctype                                  0x0800460d   Data           0  lc_ctype_c.o(locale$$data)
    SHT$$INIT_ARRAY$$Base                    0x08004710   Number         0  hardware.o(.init_array)
    SHT$$INIT_ARRAY$$Limit                   0x0800471c   Number         0  init_aeabi.o(.init_array)
    pUSART1                                  0x20000004   Data           4  interrupt.o(.data)
    pUSART2                                  0x20000008   Data           4  interrupt.o(.data)
    pUSART3                                  0x2000000c   Data           4  interrupt.o(.data)
    light                                    0x20000010   Data           8  hardware.o(.data)
    Protocol::MotorGroup::dataType           0x20000020   Data           2  protocol.o(.data)
    Protocol::KeepAlive::dataType            0x20000022   Data           2  protocol.o(.data)
    tskmgr                                   0x20000028   Data           1  taskmanager.o(.data)
    TaskManager::_new_time                   0x20000030   Data           8  taskmanager.o(.data)
    TaskManager::_old_time                   0x20000038   Data           8  taskmanager.o(.data)
    TaskManager::_it_time                    0x20000040   Data           8  taskmanager.o(.data)
    ledGpio                                  0x2000005c   Data          12  hardware.o(.bss)
    com1                                     0x20000068   Data         588  hardware.o(.bss)
    com2                                     0x200002b4   Data         588  hardware.o(.bss)
    wifi                                     0x20000500   Data          84  hardware.o(.bss)
    mMotor14                                 0x20000554   Data          40  hardware.o(.bss)
    mMotor56                                 0x2000057c   Data          40  hardware.o(.bss)
    app                                      0x200005a4   Data        1200  main.o(.bss)
    __libspace_start                         0x20000a54   Data          96  libspace.o(.bss)
    __temporary_stack_top$libspace           0x20000ab4   Data           0  libspace.o(.bss)



==============================================================================

Memory Map of the image

  Image Entry point : 0x080000ed

  Load Region LR_IROM1 (Base: 0x08000000, Size: 0x00004778, Max: 0x00010000, ABSOLUTE)

    Execution Region ER_IROM1 (Base: 0x08000000, Size: 0x0000471c, Max: 0x00010000, ABSOLUTE)

    Base Addr    Size         Type   Attr      Idx    E Section Name        Object

    0x08000000   0x000000ec   Data   RO         2991    RESET               startup_stm32f10x_md.o
    0x080000ec   0x00000008   Code   RO         3068  * !!!main             c_w.l(__main.o)
    0x080000f4   0x00000034   Code   RO         3584    !!!scatter          c_w.l(__scatter.o)
    0x08000128   0x0000001a   Code   RO         3586    !!handler_copy      c_w.l(__scatter_copy.o)
    0x08000142   0x00000002   PAD
    0x08000144   0x0000001c   Code   RO         3588    !!handler_zi        c_w.l(__scatter_zi.o)
    0x08000160   0x00000002   Code   RO         3531    .ARM.Collect$$libinit$$00000000  c_w.l(libinit.o)
    0x08000162   0x00000000   Code   RO         3314    .ARM.Collect$$libinit$$00000002  c_w.l(libinit2.o)
    0x08000162   0x00000000   Code   RO         3316    .ARM.Collect$$libinit$$00000004  c_w.l(libinit2.o)
    0x08000162   0x00000008   Code   RO         3317    .ARM.Collect$$libinit$$00000005  c_w.l(libinit2.o)
    0x0800016a   0x00000000   Code   RO         3319    .ARM.Collect$$libinit$$0000000A  c_w.l(libinit2.o)
    0x0800016a   0x00000000   Code   RO         3321    .ARM.Collect$$libinit$$0000000C  c_w.l(libinit2.o)
    0x0800016a   0x00000000   Code   RO         3323    .ARM.Collect$$libinit$$0000000E  c_w.l(libinit2.o)
    0x0800016a   0x00000006   Code   RO         3324    .ARM.Collect$$libinit$$0000000F  c_w.l(libinit2.o)
    0x08000170   0x00000000   Code   RO         3326    .ARM.Collect$$libinit$$00000011  c_w.l(libinit2.o)
    0x08000170   0x0000000c   Code   RO         3327    .ARM.Collect$$libinit$$00000012  c_w.l(libinit2.o)
    0x0800017c   0x00000000   Code   RO         3328    .ARM.Collect$$libinit$$00000013  c_w.l(libinit2.o)
    0x0800017c   0x00000000   Code   RO         3330    .ARM.Collect$$libinit$$00000015  c_w.l(libinit2.o)
    0x0800017c   0x00000000   Code   RO         3332    .ARM.Collect$$libinit$$00000017  c_w.l(libinit2.o)
    0x0800017c   0x00000000   Code   RO         3334    .ARM.Collect$$libinit$$00000019  c_w.l(libinit2.o)
    0x0800017c   0x00000000   Code   RO         3336    .ARM.Collect$$libinit$$0000001B  c_w.l(libinit2.o)
    0x0800017c   0x00000000   Code   RO         3338    .ARM.Collect$$libinit$$0000001D  c_w.l(libinit2.o)
    0x0800017c   0x00000000   Code   RO         3340    .ARM.Collect$$libinit$$0000001F  c_w.l(libinit2.o)
    0x0800017c   0x00000000   Code   RO         3342    .ARM.Collect$$libinit$$00000021  c_w.l(libinit2.o)
    0x0800017c   0x00000000   Code   RO         3344    .ARM.Collect$$libinit$$00000023  c_w.l(libinit2.o)
    0x0800017c   0x00000000   Code   RO         3346    .ARM.Collect$$libinit$$00000025  c_w.l(libinit2.o)
    0x0800017c   0x00000000   Code   RO         3350    .ARM.Collect$$libinit$$0000002C  c_w.l(libinit2.o)
    0x0800017c   0x00000000   Code   RO         3352    .ARM.Collect$$libinit$$0000002E  c_w.l(libinit2.o)
    0x0800017c   0x00000000   Code   RO         3354    .ARM.Collect$$libinit$$00000030  c_w.l(libinit2.o)
    0x0800017c   0x00000004   Code   RO         3355    .ARM.Collect$$libinit$$00000031  c_w.l(libinit2.o)
    0x08000180   0x00000000   Code   RO         3356    .ARM.Collect$$libinit$$00000032  c_w.l(libinit2.o)
    0x08000180   0x00000002   Code   RO         3357    .ARM.Collect$$libinit$$00000033  c_w.l(libinit2.o)
    0x08000182   0x00000002   Code   RO         3581    .ARM.Collect$$libshutdown$$00000000  c_w.l(libshutdown.o)
    0x08000184   0x00000006   Code   RO         3447    .ARM.Collect$$libshutdown$$00000001  c_w.l(libshutdown2.o)
    0x0800018a   0x00000000   Code   RO         3448    .ARM.Collect$$libshutdown$$00000002  c_w.l(libshutdown2.o)
    0x0800018a   0x00000000   Code   RO         3450    .ARM.Collect$$libshutdown$$00000004  c_w.l(libshutdown2.o)
    0x0800018a   0x00000000   Code   RO         3453    .ARM.Collect$$libshutdown$$00000007  c_w.l(libshutdown2.o)
    0x0800018a   0x00000000   Code   RO         3456    .ARM.Collect$$libshutdown$$0000000A  c_w.l(libshutdown2.o)
    0x0800018a   0x00000000   Code   RO         3458    .ARM.Collect$$libshutdown$$0000000C  c_w.l(libshutdown2.o)
    0x0800018a   0x00000000   Code   RO         3461    .ARM.Collect$$libshutdown$$0000000F  c_w.l(libshutdown2.o)
    0x0800018a   0x00000002   Code   RO         3462    .ARM.Collect$$libshutdown$$00000010  c_w.l(libshutdown2.o)
    0x0800018c   0x00000000   Code   RO         3237    .ARM.Collect$$rtentry$$00000000  c_w.l(__rtentry.o)
    0x0800018c   0x00000000   Code   RO         3388    .ARM.Collect$$rtentry$$00000002  c_w.l(__rtentry2.o)
    0x0800018c   0x00000006   Code   RO         3400    .ARM.Collect$$rtentry$$00000004  c_w.l(__rtentry4.o)
    0x08000192   0x00000000   Code   RO         3390    .ARM.Collect$$rtentry$$00000009  c_w.l(__rtentry2.o)
    0x08000192   0x00000004   Code   RO         3391    .ARM.Collect$$rtentry$$0000000A  c_w.l(__rtentry2.o)
    0x08000196   0x00000000   Code   RO         3393    .ARM.Collect$$rtentry$$0000000C  c_w.l(__rtentry2.o)
    0x08000196   0x00000008   Code   RO         3394    .ARM.Collect$$rtentry$$0000000D  c_w.l(__rtentry2.o)
    0x0800019e   0x00000002   Code   RO         3540    .ARM.Collect$$rtexit$$00000000  c_w.l(rtexit.o)
    0x080001a0   0x00000000   Code   RO         3555    .ARM.Collect$$rtexit$$00000002  c_w.l(rtexit2.o)
    0x080001a0   0x00000004   Code   RO         3556    .ARM.Collect$$rtexit$$00000003  c_w.l(rtexit2.o)
    0x080001a4   0x00000006   Code   RO         3557    .ARM.Collect$$rtexit$$00000004  c_w.l(rtexit2.o)
    0x080001aa   0x00000002   PAD
    0x080001ac   0x00000000   Code   RO         3496    .emb_text           c_w.l(maybetermalloc1.o)
    0x080001ac   0x00000040   Code   RO         2992    .text               startup_stm32f10x_md.o
    0x080001ec   0x0000001a   Code   RO         3044    .text               c_w.l(atoi.o)
    0x08000206   0x0000002e   Code   RO         3049    .text               c_w.l(aeabi_atexit.o)
    0x08000234   0x00000024   Code   RO         3052    .text               c_w.l(strstr.o)
    0x08000258   0x00000048   Code   RO         3054    .text               c_w.l(strcpy.o)
    0x080002a0   0x0000003e   Code   RO         3056    .text               c_w.l(strlen.o)
    0x080002de   0x0000008a   Code   RO         3058    .text               c_w.l(rt_memcpy_v6.o)
    0x08000368   0x00000064   Code   RO         3060    .text               c_w.l(rt_memcpy_w.o)
    0x080003cc   0x00000044   Code   RO         3062    .text               c_w.l(rt_memclr.o)
    0x08000410   0x0000004e   Code   RO         3064    .text               c_w.l(rt_memclr_w.o)
    0x0800045e   0x00000006   Code   RO         3066    .text               c_w.l(heapauxi.o)
    0x08000464   0x00000024   Code   RO         3073    .text               c_w.l(init_aeabi.o)
    0x08000488   0x00000008   Code   RO         3241    .text               c_w.l(rt_ddtor_pointer_addr_intlibspace.o)
    0x08000490   0x00000008   Code   RO         3246    .text               c_w.l(rt_errno_addr_intlibspace.o)
    0x08000498   0x0000005e   Code   RO         3250    .text               c_w.l(h1_alloc.o)
    0x080004f6   0x00000070   Code   RO         3304    .text               c_w.l(strtol.o)
    0x08000566   0x00000042   Code   RO         3306    .text               c_w.l(cxa_finalize.o)
    0x080005a8   0x00000008   Code   RO         3382    .text               c_w.l(libspace.o)
    0x080005b0   0x00000010   Code   RO         3402    .text               c_w.l(rt_ctype_table.o)
    0x080005c0   0x00000008   Code   RO         3409    .text               c_w.l(rt_heap_descriptor_intlibspace.o)
    0x080005c8   0x00000004   Code   RO         3411    .text               c_w.l(hguard.o)
    0x080005cc   0x0000008a   Code   RO         3413    .text               c_w.l(init_alloc.o)
    0x08000656   0x0000000e   Code   RO         3419    .text               c_w.l(h1_init.o)
    0x08000664   0x0000004e   Code   RO         3421    .text               c_w.l(h1_free.o)
    0x080006b2   0x0000009e   Code   RO         3437    .text               c_w.l(_strtoul.o)
    0x08000750   0x0000000a   Code   RO         3439    .text               c_w.l(defsig_exit.o)
    0x0800075a   0x00000002   PAD
    0x0800075c   0x0000000c   Code   RO         3480    .text               c_w.l(sys_exit.o)
    0x08000768   0x0000004a   Code   RO         3482    .text               c_w.l(sys_stackheap_outer.o)
    0x080007b2   0x00000002   PAD
    0x080007b4   0x00000008   Code   RO         3487    .text               c_w.l(rt_locale_intlibspace.o)
    0x080007bc   0x00000034   Code   RO         3498    .text               c_w.l(h1_extend.o)
    0x080007f0   0x0000001c   Code   RO         3502    .text               c_w.l(_chval.o)
    0x0800080c   0x00000012   Code   RO         3507    .text               c_w.l(exit.o)
    0x0800081e   0x00000032   Code   RO         3513    .text               c_w.l(defsig_general.o)
    0x08000850   0x0000000e   Code   RO         3515    .text               c_w.l(defsig_rtmem_outer.o)
    0x0800085e   0x0000000e   Code   RO         3535    .text               c_w.l(sys_wrch.o)
    0x0800086c   0x00000002   Code   RO         3537    .text               c_w.l(use_no_semi.o)
    0x0800086e   0x00000000   Code   RO         3539    .text               c_w.l(indicate_semi.o)
    0x0800086e   0x00000002   PAD
    0x08000870   0x00000050   Code   RO         3548    .text               c_w.l(defsig_rtmem_inner.o)
    0x080008c0   0x00000080   Code   RO         3552    .text               c_w.l(strcmpv7m.o)
    0x08000940   0x00000018   Code   RO          856    i.DMA1_Channel2_IRQHandler  interrupt.o
    0x08000958   0x00000018   Code   RO          857    i.DMA1_Channel4_IRQHandler  interrupt.o
    0x08000970   0x00000018   Code   RO          858    i.DMA1_Channel7_IRQHandler  interrupt.o
    0x08000988   0x0000001c   Code   RO         1614    i.DMA_ClearFlag     stm32f10x_dma.o
    0x080009a4   0x0000001c   Code   RO         1615    i.DMA_ClearITPendingBit  stm32f10x_dma.o
    0x080009c0   0x00000018   Code   RO         1616    i.DMA_Cmd           stm32f10x_dma.o
    0x080009d8   0x0000002c   Code   RO         1619    i.DMA_GetFlagStatus  stm32f10x_dma.o
    0x08000a04   0x0000003c   Code   RO         1622    i.DMA_Init          stm32f10x_dma.o
    0x08000a40   0x00000116   Code   RO         1704    i.GPIO_Init         stm32f10x_gpio.o
    0x08000b56   0x00000002   PAD
    0x08000b58   0x00000090   Code   RO         1706    i.GPIO_PinRemapConfig  stm32f10x_gpio.o
    0x08000be8   0x00000004   Code   RO         1711    i.GPIO_ResetBits    stm32f10x_gpio.o
    0x08000bec   0x00000004   Code   RO         1712    i.GPIO_SetBits      stm32f10x_gpio.o
    0x08000bf0   0x00000070   Code   RO         1221    i.NVIC_Init         misc.o
    0x08000c60   0x00000014   Code   RO         1222    i.NVIC_PriorityGroupConfig  misc.o
    0x08000c74   0x00000020   Code   RO         1825    i.RCC_AHBPeriphClockCmd  stm32f10x_rcc.o
    0x08000c94   0x00000020   Code   RO         1826    i.RCC_APB1PeriphClockCmd  stm32f10x_rcc.o
    0x08000cb4   0x00000020   Code   RO         1828    i.RCC_APB2PeriphClockCmd  stm32f10x_rcc.o
    0x08000cd4   0x000000d4   Code   RO         1836    i.RCC_GetClocksFreq  stm32f10x_rcc.o
    0x08000da8   0x00000008   Code   RO         2999    i.SetSysClock       system_stm32f10x.o
    0x08000db0   0x000000e0   Code   RO         3000    i.SetSysClockTo72   system_stm32f10x.o
    0x08000e90   0x00000020   Code   RO         1140    i.SysTick_Handler   taskmanager.o
    0x08000eb0   0x00000060   Code   RO         3002    i.SystemInit        system_stm32f10x.o
    0x08000f10   0x00000018   Code   RO         2208    i.TIM_Cmd           stm32f10x_tim.o
    0x08000f28   0x00000098   Code   RO         2237    i.TIM_OC1Init       stm32f10x_tim.o
    0x08000fc0   0x00000012   Code   RO         2240    i.TIM_OC1PreloadConfig  stm32f10x_tim.o
    0x08000fd2   0x00000002   PAD
    0x08000fd4   0x000000a4   Code   RO         2242    i.TIM_OC2Init       stm32f10x_tim.o
    0x08001078   0x0000001a   Code   RO         2245    i.TIM_OC2PreloadConfig  stm32f10x_tim.o
    0x08001092   0x00000002   PAD
    0x08001094   0x000000a0   Code   RO         2247    i.TIM_OC3Init       stm32f10x_tim.o
    0x08001134   0x00000012   Code   RO         2250    i.TIM_OC3PreloadConfig  stm32f10x_tim.o
    0x08001146   0x00000002   PAD
    0x08001148   0x0000007c   Code   RO         2252    i.TIM_OC4Init       stm32f10x_tim.o
    0x080011c4   0x0000001a   Code   RO         2254    i.TIM_OC4PreloadConfig  stm32f10x_tim.o
    0x080011de   0x00000002   PAD
    0x080011e0   0x000000a4   Code   RO         2279    i.TIM_TimeBaseInit  stm32f10x_tim.o
    0x08001284   0x00000018   Code   RO          859    i.USART1_IRQHandler  interrupt.o
    0x0800129c   0x00000018   Code   RO          860    i.USART2_IRQHandler  interrupt.o
    0x080012b4   0x00000018   Code   RO          861    i.USART3_IRQHandler  interrupt.o
    0x080012cc   0x0000001e   Code   RO         2753    i.USART_ClearITPendingBit  stm32f10x_usart.o
    0x080012ea   0x00000018   Code   RO         2756    i.USART_Cmd         stm32f10x_usart.o
    0x08001302   0x00000012   Code   RO         2757    i.USART_DMACmd      stm32f10x_usart.o
    0x08001314   0x0000001a   Code   RO         2759    i.USART_GetFlagStatus  stm32f10x_usart.o
    0x0800132e   0x00000054   Code   RO         2760    i.USART_GetITStatus  stm32f10x_usart.o
    0x08001382   0x0000004a   Code   RO         2762    i.USART_ITConfig    stm32f10x_usart.o
    0x080013cc   0x000000d8   Code   RO         2763    i.USART_Init        stm32f10x_usart.o
    0x080014a4   0x0000000a   Code   RO         2770    i.USART_ReceiveData  stm32f10x_usart.o
    0x080014ae   0x00000008   Code   RO         2773    i.USART_SendData    stm32f10x_usart.o
    0x080014b6   0x00000086   Code   RO         1202    i._Z14CRC16CalculatePKht  crc_1.o
    0x0800153c   0x00000090   Code   RO         1141    i._ZN11TaskManager4TimeEv  taskmanager.o
    0x080015cc   0x00000036   Code   RO         1142    i._ZN11TaskManager6DelaySEt  taskmanager.o
    0x08001602   0x00000002   PAD
    0x08001604   0x00000044   Code   RO         1143    i._ZN11TaskManager7DelayMsEt  taskmanager.o
    0x08001648   0x00000024   Code   RO         1145    i._ZN11TaskManagerC1Ev  taskmanager.o
    0x0800166c   0x00000004   Code   RO          588    i._ZN14Socket_esp826610SetTimeOutEf  socket_esp8266_1.o
    0x08001670   0x00000188   Code   RO          590    i._ZN14Socket_esp82664ReadEPc  socket_esp8266_1.o
    0x080017f8   0x0000001a   Code   RO          593    i._ZN14Socket_esp82665WriteEPcj  socket_esp8266_1.o
    0x08001812   0x00000016   Code   RO          594    i._ZN14Socket_esp82666SetMUXEb  socket_esp8266_1.o
    0x08001828   0x0000003c   Code   RO          595    i._ZN14Socket_esp82667ConnectEPcs11Socket_Type15Socket_Protocol  socket_esp8266_1.o
    0x08001864   0x00000040   Code   RO          597    i._ZN14Socket_esp8266C1ER5USART  socket_esp8266_1.o
    0x080018a4   0x00000006   Code   RO         1012    i._ZN3App13CheckHardwareEv  app.o
    0x080018aa   0x00000002   PAD
    0x080018ac   0x00000150   Code   RO         1013    i._ZN3App14ReceiveAndDealEv  app.o
    0x080019fc   0x00000058   Code   RO         1015    i._ZN3App21SendKeepAliveToServerEv  app.o
    0x08001a54   0x00000098   Code   RO         1016    i._ZN3App21SendMotorInfoToServerEv  app.o
    0x08001aec   0x0000002e   Code   RO         1018    i._ZN3App23LittleEndianToBigEndianEPcs  app.o
    0x08001b1a   0x00000002   PAD
    0x08001b1c   0x00000040   Code   RO         1019    i._ZN3App4InitEv    app.o
    0x08001b5c   0x00000080   Code   RO         1020    i._ZN3App4loopEv    app.o
    0x08001bdc   0x000000a8   Code   RO         1021    i._ZN3App5WriteERN8Protocol8ToServerE  app.o
    0x08001c84   0x00000164   Code   RO         1022    i._ZN3App6DecodeEPPvPN8Protocol13OperationTypeE  app.o
    0x08001de8   0x00000160   Code   RO         1023    i._ZN3App8WifiInitEv  app.o
    0x08001f48   0x000000d4   Code   RO         1024    i._ZN3AppC1Ev       app.o
    0x0800201c   0x0000000e   Code   RO          528    i._ZN3LED2OnEv      led.o
    0x0800202a   0x00000012   Code   RO          529    i._ZN3LED3OffEv     led.o
    0x0800203c   0x00000032   Code   RO          530    i._ZN3LED5BlinkEht  led.o
    0x0800206e   0x00000020   Code   RO          534    i._ZN3LEDC1ER4GPIOb  led.o
    0x0800208e   0x00000002   PAD
    0x08002090   0x00000050   Code   RO            5    i._ZN3PWM7CalcuteEt  f103_pwm.o
    0x080020e0   0x000000b4   Code   RO            6    i._ZN3PWM7GetDutyEPc  f103_pwm.o
    0x08002194   0x000000d0   Code   RO            7    i._ZN3PWM7GetDutyEhRc  f103_pwm.o
    0x08002264   0x000001b4   Code   RO            8    i._ZN3PWM7PWMInitEP11TIM_TypeDefbbbbtb  f103_pwm.o
    0x08002418   0x00000134   Code   RO            9    i._ZN3PWM7SetDutyEccccb  f103_pwm.o
    0x0800254c   0x00000074   Code   RO           11    i._ZN3PWM7SetDutyEhcb  f103_pwm.o
    0x080025c0   0x00000070   Code   RO           13    i._ZN3PWM8Calcute2Ejjjb  f103_pwm.o
    0x08002630   0x00000040   Code   RO          942    i._ZN3PWMC1EP11TIM_TypeDefbbbbtb  hardware.o
    0x08002670   0x000000a0   Code   RO          188    i._ZN4GPIO17RCC_ConfigurationEv  gpio.o
    0x08002710   0x00000030   Code   RO          191    i._ZN4GPIO8SetLevelEh  gpio.o
    0x08002740   0x00000044   Code   RO          192    i._ZN4GPIOC1EP12GPIO_TypeDeft16GPIOMode_TypeDef17GPIOSpeed_TypeDef  gpio.o
    0x08002784   0x000000ac   Code   RO          245    i._ZN5USART11SetBaudRateEj  usart.o
    0x08002830   0x00000028   Code   RO          249    i._ZN5USART15GetReceivedDataEPht  usart.o
    0x08002858   0x0000000e   Code   RO          250    i._ZN5USART17ReceiveBufferSizeEv  usart.o
    0x08002866   0x00000002   PAD
    0x08002868   0x000000d8   Code   RO          252    i._ZN5USART3IrqEv   usart.o
    0x08002940   0x00000088   Code   RO          253    i._ZN5USART6DmaIrqEv  usart.o
    0x080029c8   0x000000d8   Code   RO          258    i._ZN5USART8SendDataEPhj  usart.o
    0x08002aa0   0x000003a4   Code   RO          259    i._ZN5USARTC1Ehjbhhhhhttt  usart.o
    0x08002e44   0x00000050   Code   RO          260    i._ZN5USARTD1Ev     usart.o
    0x08002e94   0x00000024   Code   RO          261    i._ZN5USARTlsEPKc   usart.o
    0x08002eb8   0x0000005e   Code   RO          264    i._ZN5USARTlsEi     usart.o
    0x08002f16   0x00000002   PAD
    0x08002f18   0x000000fc   Code   RO          701    i._ZN7esp826610SetApParamEPcS0_hNS_18esp8266_ENCRYPTIONENS_15esp8266_patternE  esp8266_1.o
    0x08003014   0x00000016   Code   RO          702    i._ZN7esp826611ClearBufferEv  esp8266_1.o
    0x0800302a   0x000000b8   Code   RO          703    i._ZN7esp826614ReceiveAndWaitEPKcS1_S1_h  esp8266_1.o
    0x080030e2   0x000000aa   Code   RO          704    i._ZN7esp826614ReceiveAndWaitEPKcS1_h  esp8266_1.o
    0x0800318c   0x000000a8   Code   RO          705    i._ZN7esp826614ReceiveAndWaitEPKch  esp8266_1.o
    0x08003234   0x000000a8   Code   RO          706    i._ZN7esp826616SendMultipleModeEPcja  esp8266_1.o
    0x080032dc   0x00000064   Code   RO          707    i._ZN7esp826617RecvFindAndFilterEPKcS1_S1_Pcf  esp8266_1.o
    0x08003340   0x0000010c   Code   RO          708    i._ZN7esp826624CreateConnectMutipleModeEPcs11Socket_Typea  esp8266_1.o
    0x0800344c   0x00000024   Code   RO          709    i._ZN7esp82664KickEv  esp8266_1.o
    0x08003470   0x000000cc   Code   RO          711    i._ZN7esp82666JoinAPEPcS0_NS_15esp8266_patternE  esp8266_1.o
    0x0800353c   0x00000044   Code   RO          712    i._ZN7esp82666SetMUXEb  esp8266_1.o
    0x08003580   0x0000003c   Code   RO          715    i._ZN7esp82667SetEchoEb  esp8266_1.o
    0x080035bc   0x000000ac   Code   RO          716    i._ZN7esp82667SetModeENS_12esp8266_MODEENS_15esp8266_patternE  esp8266_1.o
    0x08003668   0x0000002c   Code   RO          718    i._ZN7esp82668RecvFindEPKcS1_S1_h  esp8266_1.o
    0x08003694   0x00000024   Code   RO          719    i._ZN7esp82668RecvFindEPKcS1_h  esp8266_1.o
    0x080036b8   0x0000001c   Code   RO          720    i._ZN7esp82668RecvFindEPKch  esp8266_1.o
    0x080036d4   0x00000018   Code   RO          722    i._ZN7esp8266C1ER5USARTj  esp8266_1.o
    0x080036ec   0x00000010   Code   RO          662    i._ZSt6strstrPcPKc  socket_esp8266_1.o
    0x080036fc   0x000000f0   Code   RO          922    i.__sti___12_hardware_cpp_ledGpio  hardware.o
    0x080037ec   0x00000010   Code   RO         1146    i.__sti___15_TaskManager_cpp_tskmgr  taskmanager.o
    0x080037fc   0x00000010   Code   RO          965    i.__sti___8_main_cpp_app  main.o
    0x0800380c   0x00000018   Code   RO          966    i.main              main.o
    0x08003824   0x0000002c   Code   RO         3505    locale$$code        c_w.l(lc_ctype_c.o)
    0x08003850   0x00000034   Code   RO          401    t._ZN10FIFOBufferIhLt256EE3GetERh  usart.o
    0x08003884   0x00000044   Code   RO          395    t._ZN10FIFOBufferIhLt256EE3PutERKh  usart.o
    0x080038c8   0x00000044   Code   RO          419    t._ZN10FIFOBufferIhLt256EE4GetsEPht  usart.o
    0x0800390c   0x00000052   Code   RO          407    t._ZN10FIFOBufferIhLt256EE4PutsEPht  usart.o
    0x0800395e   0x0000001c   Code   RO          413    t._ZN10FIFOBufferIhLt256EE4SizeEv  usart.o
    0x0800397a   0x0000000c   Code   RO          389    t._ZN10FIFOBufferIhLt256EEC1Ev  usart.o
    0x08003986   0x00000002   PAD
    0x08003988   0x00000062   Code   RO         3185    x$fpl$d2f           fz_ws.l(d2f.o)
    0x080039ea   0x00000002   PAD
    0x080039ec   0x00000150   Code   RO         3187    x$fpl$dadd          fz_ws.l(daddsub_clz.o)
    0x08003b3c   0x00000018   Code   RO         3371    x$fpl$dcmpinf       fz_ws.l(dcmpi.o)
    0x08003b54   0x000002b0   Code   RO         3194    x$fpl$ddiv          fz_ws.l(ddiv.o)
    0x08003e04   0x00000026   Code   RO         3201    x$fpl$dfltu         fz_ws.l(dflt_clz.o)
    0x08003e2a   0x00000002   PAD
    0x08003e2c   0x00000078   Code   RO         3207    x$fpl$dleqf         fz_ws.l(dleqf.o)
    0x08003ea4   0x0000009c   Code   RO         3373    x$fpl$dnaninf       fz_ws.l(dnaninf.o)
    0x08003f40   0x0000000c   Code   RO         3375    x$fpl$dretinf       fz_ws.l(dretinf.o)
    0x08003f4c   0x0000006c   Code   RO         3211    x$fpl$drleqf        fz_ws.l(drleqf.o)
    0x08003fb8   0x000001d4   Code   RO         3189    x$fpl$dsub          fz_ws.l(daddsub_clz.o)
    0x0800418c   0x00000056   Code   RO         3213    x$fpl$f2d           fz_ws.l(f2d.o)
    0x080041e2   0x00000002   PAD
    0x080041e4   0x00000184   Code   RO         3222    x$fpl$fdiv          fz_ws.l(fdiv.o)
    0x08004368   0x0000003e   Code   RO         3225    x$fpl$ffixu         fz_ws.l(ffixu.o)
    0x080043a6   0x00000002   PAD
    0x080043a8   0x00000026   Code   RO         3229    x$fpl$ffltu         fz_ws.l(fflt_clz.o)
    0x080043ce   0x00000002   PAD
    0x080043d0   0x00000102   Code   RO         3235    x$fpl$fmul          fz_ws.l(fmul.o)
    0x080044d2   0x0000008c   Code   RO         3377    x$fpl$fnaninf       fz_ws.l(fnaninf.o)
    0x0800455e   0x0000000a   Code   RO         3379    x$fpl$fretinf       fz_ws.l(fretinf.o)
    0x08004568   0x00000000   Code   RO         3381    x$fpl$usenofp       fz_ws.l(usenofp.o)
    0x08004568   0x00000020   Data   RO          199    .constdata          gpio.o
    0x08004588   0x00000006   Data   RO         1038    .constdata          app.o
    0x0800458e   0x00000002   PAD
    0x08004590   0x00000028   Data   RO          661    .constdata__ZTV14Socket_esp8266  socket_esp8266_1.o
    0x080045b8   0x00000028   Data   RO          669    .constdata__ZTV6Socket  socket_esp8266_1.o
    0x080045e0   0x00000020   Data   RO         3582    Region$$Table       anon$$obj.o
    0x08004600   0x00000110   Data   RO         3504    locale$$data        c_w.l(lc_ctype_c.o)
    0x08004710   0x00000004   Data   RO          926    .init_array         hardware.o
    0x08004714   0x00000004   Data   RO          971    .init_array         main.o
    0x08004718   0x00000004   Data   RO         1155    .init_array         taskmanager.o
    0x0800471c   0x00000000   Data   RO         3071    .init_array         c_w.l(init_aeabi.o)


    Execution Region RW_IRAM1 (Base: 0x20000000, Size: 0x000010b8, Max: 0x00005000, ABSOLUTE)

    Base Addr    Size         Type   Attr      Idx    E Section Name        Object

    0x20000000   0x00000003   Data   RW          287    .data               usart.o
    0x20000003   0x00000001   PAD
    0x20000004   0x0000000c   Data   RW          868    .data               interrupt.o
    0x20000010   0x00000008   Data   RW          925    .data               hardware.o
    0x20000018   0x00000007   Data   RW         1039    .data               app.o
    0x2000001f   0x00000001   PAD
    0x20000020   0x00000004   Data   RW         1113    .data               protocol.o
    0x20000024   0x00000004   PAD
    0x20000028   0x00000020   Data   RW         1154    .data               taskmanager.o
    0x20000048   0x00000014   Data   RW         1856    .data               stm32f10x_rcc.o
    0x2000005c   0x00000548   Zero   RW          924    .bss                hardware.o
    0x200005a4   0x000004b0   Zero   RW          970    .bss                main.o
    0x20000a54   0x00000060   Zero   RW         3383    .bss                c_w.l(libspace.o)
    0x20000ab4   0x00000004   PAD
    0x20000ab8   0x00000200   Zero   RW         2990    HEAP                startup_stm32f10x_md.o
    0x20000cb8   0x00000400   Zero   RW         2989    STACK               startup_stm32f10x_md.o


==============================================================================

Image component sizes


      Code (inc. data)   RO Data    RW Data    ZI Data      Debug   Object Name

      1908        402          6          7          0       7076   app.o
       134          0          0          0          0       2413   crc_1.o
      2004        368          0          0          0      11732   esp8266_1.o
      1440         52          0          0          0     276864   f103_pwm.o
       276         40         32          0          0       2124   gpio.o
       304         48          4          8       1352       2373   hardware.o
       144         36          0         12          0       3971   interrupt.o
       114          0          0          0          0       2312   led.o
        40         10          4          0       1200       2605   main.o
       132         22          0          0          0     263599   misc.o
         0          0          0          4          0        948   protocol.o
       584         22         80          0          0       9081   socket_esp8266_1.o
        64         26        236          0       1536        804   startup_stm32f10x_md.o
       184         28          0          0          0       4669   stm32f10x_dma.o
       430          6          0          0          0       4082   stm32f10x_gpio.o
       308         38          0         20          0       5210   stm32f10x_rcc.o
       876         92          0          0          0       7385   stm32f10x_tim.o
       490          6          0          0          0       7782   stm32f10x_usart.o
       328         28          0          0          0       1941   system_stm32f10x.o
       350         60          4         32          0       3223   taskmanager.o
      2246         90          0          3          0      11012   usart.o

    ----------------------------------------------------------------------
     12380       1374        400         92       4088     631206   Object Totals
         0          0         32          0          0          0   (incl. Generated)
        24          0          2          6          0          0   (incl. Padding)

    ----------------------------------------------------------------------

      Code (inc. data)   RO Data    RW Data    ZI Data      Debug   Library Member Name

         8          0          0          0          0         68   __main.o
         0          0          0          0          0          0   __rtentry.o
        12          0          0          0          0          0   __rtentry2.o
         6          0          0          0          0          0   __rtentry4.o
        52          8          0          0          0          0   __scatter.o
        26          0          0          0          0          0   __scatter_copy.o
        28          0          0          0          0          0   __scatter_zi.o
        28          0          0          0          0         68   _chval.o
       158          0          0          0          0         92   _strtoul.o
        46          0          0          0          0         84   aeabi_atexit.o
        26          0          0          0          0         80   atoi.o
        66          0          0          0          0         84   cxa_finalize.o
        10          0          0          0          0         68   defsig_exit.o
        50          0          0          0          0         88   defsig_general.o
        80         58          0          0          0         76   defsig_rtmem_inner.o
        14          0          0          0          0         80   defsig_rtmem_outer.o
        18          0          0          0          0         80   exit.o
        94          0          0          0          0         80   h1_alloc.o
        52          0          0          0          0         68   h1_extend.o
        78          0          0          0          0         80   h1_free.o
        14          0          0          0          0         84   h1_init.o
         6          0          0          0          0        152   heapauxi.o
         4          0          0          0          0        136   hguard.o
         0          0          0          0          0          0   indicate_semi.o
        36         10          0          0          0         80   init_aeabi.o
       138          0          0          0          0        168   init_alloc.o
        44         10        272          0          0         76   lc_ctype_c.o
         2          0          0          0          0          0   libinit.o
        32          0          0          0          0          0   libinit2.o
         2          0          0          0          0          0   libshutdown.o
         8          0          0          0          0          0   libshutdown2.o
         8          4          0          0         96         68   libspace.o
         0          0          0          0          0          0   maybetermalloc1.o
        16          4          0          0          0         76   rt_ctype_table.o
         8          4          0          0          0         68   rt_ddtor_pointer_addr_intlibspace.o
         8          4          0          0          0         68   rt_errno_addr_intlibspace.o
         8          4          0          0          0         68   rt_heap_descriptor_intlibspace.o
         8          4          0          0          0         68   rt_locale_intlibspace.o
        68          0          0          0          0         68   rt_memclr.o
        78          0          0          0          0         80   rt_memclr_w.o
       138          0          0          0          0         68   rt_memcpy_v6.o
       100          0          0          0          0         80   rt_memcpy_w.o
         2          0          0          0          0          0   rtexit.o
        10          0          0          0          0          0   rtexit2.o
       128          0          0          0          0         68   strcmpv7m.o
        72          0          0          0          0         80   strcpy.o
        62          0          0          0          0         76   strlen.o
        36          0          0          0          0         80   strstr.o
       112          0          0          0          0         88   strtol.o
        12          4          0          0          0         68   sys_exit.o
        74          0          0          0          0         80   sys_stackheap_outer.o
        14          0          0          0          0         76   sys_wrch.o
         2          0          0          0          0         68   use_no_semi.o
        98          4          0          0          0         92   d2f.o
       804         16          0          0          0        272   daddsub_clz.o
        24          0          0          0          0         68   dcmpi.o
       688        140          0          0          0        208   ddiv.o
        38          0          0          0          0         68   dflt_clz.o
       120          4          0          0          0         92   dleqf.o
       156          4          0          0          0         92   dnaninf.o
        12          0          0          0          0         68   dretinf.o
       108          0          0          0          0         80   drleqf.o
        86          4          0          0          0         84   f2d.o
       388         76          0          0          0         96   fdiv.o
        62          4          0          0          0         84   ffixu.o
        38          0          0          0          0         68   fflt_clz.o
       258          4          0          0          0         84   fmul.o
       140          4          0          0          0         84   fnaninf.o
        10          0          0          0          0         68   fretinf.o
         0          0          0          0          0          0   usenofp.o

    ----------------------------------------------------------------------
      5152        374        272          0        100       4796   Library Totals
        20          0          0          0          4          0   (incl. Padding)

    ----------------------------------------------------------------------

      Code (inc. data)   RO Data    RW Data    ZI Data      Debug   Library Name

      2102        114        272          0         96       3188   c_w.l
      3030        260          0          0          0       1608   fz_ws.l

    ----------------------------------------------------------------------
      5152        374        272          0        100       4796   Library Totals

    ----------------------------------------------------------------------

==============================================================================


      Code (inc. data)   RO Data    RW Data    ZI Data      Debug   

     17532       1748        672         92       4188     627210   Grand Totals
     17532       1748        672         92       4188     627210   ELF Image Totals
     17532       1748        672         92          0          0   ROM Totals

==============================================================================

    Total RO  Size (Code + RO Data)                18204 (  17.78kB)
    Total RW  Size (RW Data + ZI Data)              4280 (   4.18kB)
    Total ROM Size (Code + RO Data + RW Data)      18296 (  17.87kB)

==============================================================================

